******************************************************************************
                  TI ARM Linker PC v16.9.7                     
******************************************************************************
>> Linked Fri Apr 13 13:22:13 2018

OUTPUT FILE NAME:   <WiFi_Access.out>
ENTRY POINT SYMBOL: "_c_int00"  address: 00004f89


MEMORY CONFIGURATION

         name            origin    length      used     unused   attr    fill
----------------------  --------  ---------  --------  --------  ----  --------
  MAIN                  00000000   00040000  00005c54  0003a3ac  R  X
  INFO                  00200000   00004000  00000000  00004000  R  X
  SRAM_CODE             01000000   00010000  00000000  00010000  RW X
  SRAM_DATA             20000000   00010000  0000076e  0000f892  RW  


SEGMENT ALLOCATION MAP

run origin  load origin   length   init length attrs members
----------  ----------- ---------- ----------- ----- -------
00000000    00000000    00005c58   00005c58    r-x
  00000000    00000000    00000140   00000140    r-- .intvecs
  00000140    00000140    000053f0   000053f0    r-x .text
  00005530    00005530    000006d4   000006d4    r-- .const
  00005c08    00005c08    00000050   00000050    r-- .cinit
20000000    20000000    00000574   00000000    rw-
  20000000    20000000    000000e4   00000000    rw- .vtable
  200000e8    200000e8    00000442   00000000    rw- .data
  2000052c    2000052c    00000048   00000000    rw- .bss
2000fe00    2000fe00    00000200   00000000    rw-
  2000fe00    2000fe00    00000200   00000000    rw- .stack


SECTION ALLOCATION MAP

 output                                  attributes/
section   page    origin      length       input sections
--------  ----  ----------  ----------   ----------------
.intvecs   0    00000000    00000140     
                  00000000    00000140     startup_msp432p401r_ccs.obj (.intvecs:retain)

.text      0    00000140    000053f0     
                  00000140    0000113e     rtsv7M4_T_le_v4SPD16_eabi.lib : _printfi.obj (.text)
                  0000127e    00000002                                   : mpu_init.obj (.text)
                  00001280    00001110     bme280.obj (.text)
                  00002390    00000a02     ili9341.obj (.text)
                  00002d92    00000002     rtsv7M4_T_le_v4SPD16_eabi.lib : startup.obj (.text)
                  00002d94    000005c8     esp8266.obj (.text)
                  0000335c    00000328     system_msp432p401r.obj (.text)
                  00003684    00000260     hal.obj (.text)
                  000038e4    000001fc     UserInterface.obj (.text)
                  00003ae0    000001f4     rtsv7M4_T_le_v4SPD16_eabi.lib : ull_div_t2.obj (.text)
                  00003cd4    000001b6                                   : fd_add_t2.obj (.text)
                  00003e8a    00000002     --HOLE-- [fill = 0]
                  00003e8c    000001a8     I2C.obj (.text)
                  00004034    00000178     ClockSystem.obj (.text)
                  000041ac    00000178     bme280_support.obj (.text)
                  00004324    00000136     rtsv7M4_T_le_v4SPD16_eabi.lib : fd_div_t2.obj (.text)
                  0000445a    00000002     --HOLE-- [fill = 0]
                  0000445c    00000104     msp432p4xx_driverlib.lib : cs.o (.text:CS_getDCOFrequency)
                  00004560    000000fc     rtsv7M4_T_le_v4SPD16_eabi.lib : fd_mul_t2.obj (.text)
                  0000465c    000000fc                                   : s_scalbn.obj (.text)
                  00004758    000000b4     main.obj (.text)
                  0000480c    000000a4     UART_Terminal.obj (.text)
                  000048b0    0000009c     msp432p4xx_driverlib.lib : cs.o (.text:CS_startHFXTWithTimeout)
                  0000494c    0000009c                              : cs.o (.text:CS_startLFXTWithTimeout)
                  000049e8    0000009c                              : cs.o (.text:_CSComputeCLKFrequency)
                  00004a84    0000009c     rtsv7M4_T_le_v4SPD16_eabi.lib : memcpy_t2.obj (.text)
                  00004b20    00000086                                   : fd_cmp_t2.obj (.text:__aeabi_cdcmple)
                  00004ba6    00000086                                   : fd_cmp_t2.obj (.text:__aeabi_cdrcmple)
                  00004c2c    0000007a                                   : memset_t2.obj (.text)
                  00004ca6    00000002     --HOLE-- [fill = 0]
                  00004ca8    00000070     msp432p4xx_driverlib.lib : cs.o (.text:_CSGetHFXTFrequency)
                  00004d18    00000070     rtsv7M4_T_le_v4SPD16_eabi.lib : autoinit.obj (.text)
                  00004d88    0000006e                                   : fd_tos_t2.obj (.text)
                  00004df6    00000068                                   : copy_decompress_lzss.obj (.text:decompress:lzss)
                  00004e5e    00000002     --HOLE-- [fill = 0]
                  00004e60    00000064     msp432p4xx_driverlib.lib : interrupt.o (.text:Interrupt_enableInterrupt)
                  00004ec4    00000064     rtsv7M4_T_le_v4SPD16_eabi.lib : s_frexp.obj (.text)
                  00004f28    00000060                                   : sprintf.obj (.text)
                  00004f88    00000054                                   : boot.obj (.text)
                  00004fdc    00000054                                   : exit.obj (.text)
                  00005030    00000054                                   : ltoa.obj (.text)
                  00005084    00000050     msp432p4xx_driverlib.lib : sysctl.o (.text:SysCtl_getTLVInfo)
                  000050d4    0000004c                              : uart.o (.text:UART_registerInterrupt)
                  00005120    0000004c                              : cs.o (.text:_CSGetDOCFrequency)
                  0000516c    0000004c     rtsv7M4_T_le_v4SPD16_eabi.lib : atoi.obj (.text)
                  000051b8    0000004c                                   : cpy_tbl.obj (.text)
                  00005204    00000048     msp432p4xx_driverlib.lib : cs.o (.text:_CSGetDividerValue)
                  0000524c    00000048     rtsv7M4_T_le_v4SPD16_eabi.lib : fd_toi_t2.obj (.text)
                  00005294    00000038                                   : fs_tod_t2.obj (.text)
                  000052cc    00000034     msp432p4xx_driverlib.lib : interrupt.o (.text:Interrupt_registerInterrupt)
                  00005300    00000034     rtsv7M4_T_le_v4SPD16_eabi.lib : strstr.obj (.text)
                  00005334    0000002e                                   : i_tofd_t2.obj (.text)
                  00005362    00000002     --HOLE-- [fill = 0]
                  00005364    0000002c     RTC.obj (.text)
                  00005390    00000024     msp432p4xx_driverlib.lib : cs.o (.text:CS_clearInterruptFlag)
                  000053b4    00000020     rtsv7M4_T_le_v4SPD16_eabi.lib : u_tofd_t2.obj (.text)
                  000053d4    0000001c                                   : memccpy.obj (.text)
                  000053f0    00000018     msp432p4xx_driverlib.lib : cs.o (.text:CS_getMCLK)
                  00005408    00000018                              : cs.o (.text:CS_getSMCLK)
                  00005420    00000018     rtsv7M4_T_le_v4SPD16_eabi.lib : args_main.obj (.text)
                  00005438    00000016                                   : strchr.obj (.text)
                  0000544e    00000002     --HOLE-- [fill = 0]
                  00005450    00000014     msp432p4xx_driverlib.lib : cs.o (.text:CS_setExternalClockSourceFrequency)
                  00005464    00000014     rtsv7M4_T_le_v4SPD16_eabi.lib : _lock.obj (.text)
                  00005478    00000014                                   : s_copysign.obj (.text)
                  0000548c    00000014                                   : strcpy.obj (.text)
                  000054a0    00000014                                   : strlen.obj (.text)
                  000054b4    00000012     startup_msp432p401r_ccs.obj (.text)
                  000054c6    00000002     --HOLE-- [fill = 0]
                  000054c8    00000010     msp432p4xx_driverlib.lib : sysctl.o (.text:SysCtl_disableNMISource)
                  000054d8    00000010                              : sysctl.o (.text:SysCtl_enableNMISource)
                  000054e8    00000010                              : timer32.o (.text:Timer32_registerInterrupt)
                  000054f8    0000000e     rtsv7M4_T_le_v4SPD16_eabi.lib : copy_decompress_none.obj (.text:decompress:none)
                  00005506    00000002     --HOLE-- [fill = 0]
                  00005508    0000000c     msp432p4xx_driverlib.lib : sysctl.o (.text:SysCtl_getNMISourceStatus)
                  00005514    0000000c     rtsv7M4_T_le_v4SPD16_eabi.lib : copy_zero_init.obj (.text:decompress:ZI)
                  00005520    00000006     msp432p4xx_driverlib.lib : cs.o (.text:CS_startHFXT)
                  00005526    00000006                              : cs.o (.text:CS_startLFXT)
                  0000552c    00000004     rtsv7M4_T_le_v4SPD16_eabi.lib : pre_init.obj (.text)

.const     0    00005530    000006d4     
                  00005530    000004fb     ili9341.obj (.const:.string:Font)
                  00005a2b    00000101     rtsv7M4_T_le_v4SPD16_eabi.lib : ctype.obj (.const:.string:_ctypes_)
                  00005b2c    00000041     ili9341.obj (.const:.string:Bcmd)
                  00005b6d    00000003     --HOLE-- [fill = 0]
                  00005b70    00000040     msp432p4xx_driverlib.lib : interrupt.o (.const)
                  00005bb0    00000024     UART_Terminal.obj (.const:uartConfigA0)
                  00005bd4    00000024     esp8266.obj (.const:uartConfigA2)
                  00005bf8    0000000c     bme280.obj (.const:$P$T0$1)

.cinit     0    00005c08    00000050     
                  00005c08    00000018     (.cinit..data.load) [load image, compression = lzss]
                  00005c20    0000000c     (__TI_handler_table)
                  00005c2c    00000004     --HOLE-- [fill = 0]
                  00005c30    00000008     (.cinit..bss.load) [load image, compression = zero_init]
                  00005c38    00000008     (.cinit..vtable.load) [load image, compression = zero_init]
                  00005c40    00000018     (__TI_cinit_table)

.init_array 
*          0    00000000    00000000     UNINITIALIZED

.vtable    0    20000000    000000e4     UNINITIALIZED
                  20000000    000000e4     msp432p4xx_driverlib.lib : interrupt.o (.vtable)

.data      0    200000e8    00000442     UNINITIALIZED
                  200000e8    00000400     esp8266.obj (.data:RX_Buffer)
                  200004e8    00000018     bme280_support.obj (.data:comp_data)
                  20000500    0000000c     rtsv7M4_T_le_v4SPD16_eabi.lib : exit.obj (.data:$O1$$)
                  2000050c    00000008                                   : _lock.obj (.data:$O1$$)
                  20000514    00000004     ClockSystem.obj (.data)
                  20000518    00000004     UserInterface.obj (.data)
                  2000051c    00000004     rtsv7M4_T_le_v4SPD16_eabi.lib : errno.obj (.data)
                  20000520    00000004                                   : stkdepth_vars.obj (.data)
                  20000524    00000004     system_msp432p401r.obj (.data)
                  20000528    00000002     esp8266.obj (.data)

.bss       0    2000052c    00000048     UNINITIALIZED
                  2000052c    00000040     (.common:dev)
                  2000056c    00000004     (.common:hfxtFreq)
                  20000570    00000004     (.common:lfxtFreq)

.stack     0    2000fe00    00000200     UNINITIALIZED
                  2000fe00    00000200     --HOLE--

MODULE SUMMARY

       Module                        code    ro data   rw data
       ------                        ----    -------   -------
    .\
       system_msp432p401r.obj        808     0         4      
       startup_msp432p401r_ccs.obj   18      320       0      
       main.obj                      180     0         0      
    +--+-----------------------------+-------+---------+---------+
       Total:                        1006    320       4      
                                                              
    .\BME280\
       bme280.obj                    4368    12        0      
       bme280_support.obj            376     0         88     
       I2C.obj                       424     0         0      
    +--+-----------------------------+-------+---------+---------+
       Total:                        5168    12        88     
                                                              
    .\ClockSystem\
       ClockSystem.obj               376     0         4      
    +--+-----------------------------+-------+---------+---------+
       Total:                        376     0         4      
                                                              
    .\ESP8266\
       esp8266.obj                   1480    36        1026   
    +--+-----------------------------+-------+---------+---------+
       Total:                        1480    36        1026   
                                                              
    .\ILI9341\
       ili9341.obj                   2562    1340      0      
       hal.obj                       608     0         0      
       UserInterface.obj             508     0         4      
    +--+-----------------------------+-------+---------+---------+
       Total:                        3678    1340      4      
                                                              
    .\RTC\
       RTC.obj                       44      0         0      
    +--+-----------------------------+-------+---------+---------+
       Total:                        44      0         0      
                                                              
    .\UART_Terminal\
       UART_Terminal.obj             164     36        0      
    +--+-----------------------------+-------+---------+---------+
       Total:                        164     36        0      
                                                              
    C:/ti/msp/MSP432Ware_3_50_00_02/driverlib/driverlib/MSP432P4xx/ccs/msp432p4xx_driverlib.lib
       cs.o                          1104    0         8      
       interrupt.o                   152     64        228    
       sysctl.o                      124     0         0      
       uart.o                        76      0         0      
       timer32.o                     16      0         0      
    +--+-----------------------------+-------+---------+---------+
       Total:                        1472    64        236    
                                                              
    C:\ti\ccsv7\tools\compiler\ti-cgt-arm_16.9.7.LTS\lib\rtsv7M4_T_le_v4SPD16_eabi.lib
       _printfi.obj                  4414    0         0      
       ull_div_t2.obj                500     0         0      
       fd_add_t2.obj                 438     0         0      
       fd_div_t2.obj                 310     0         0      
       fd_cmp_t2.obj                 268     0         0      
       ctype.obj                     0       257       0      
       fd_mul_t2.obj                 252     0         0      
       s_scalbn.obj                  252     0         0      
       memcpy_t2.obj                 156     0         0      
       memset_t2.obj                 122     0         0      
       autoinit.obj                  112     0         0      
       fd_tos_t2.obj                 110     0         0      
       copy_decompress_lzss.obj      104     0         0      
       s_frexp.obj                   100     0         0      
       exit.obj                      84      0         12     
       sprintf.obj                   96      0         0      
       boot.obj                      84      0         0      
       ltoa.obj                      84      0         0      
       atoi.obj                      76      0         0      
       cpy_tbl.obj                   76      0         0      
       fd_toi_t2.obj                 72      0         0      
       fs_tod_t2.obj                 56      0         0      
       strstr.obj                    52      0         0      
       i_tofd_t2.obj                 46      0         0      
       u_tofd_t2.obj                 32      0         0      
       _lock.obj                     20      0         8      
       memccpy.obj                   28      0         0      
       args_main.obj                 24      0         0      
       strchr.obj                    22      0         0      
       s_copysign.obj                20      0         0      
       strcpy.obj                    20      0         0      
       strlen.obj                    20      0         0      
       copy_decompress_none.obj      14      0         0      
       copy_zero_init.obj            12      0         0      
       errno.obj                     0       0         4      
       pre_init.obj                  4       0         0      
       stkdepth_vars.obj             0       0         4      
       mpu_init.obj                  2       0         0      
       startup.obj                   2       0         0      
    +--+-----------------------------+-------+---------+---------+
       Total:                        8084    257       28     
                                                              
       Stack:                        0       0         512    
       Linker Generated:             0       76        0      
    +--+-----------------------------+-------+---------+---------+
       Grand Total:                  21472   2141      1902   


LINKER GENERATED COPY TABLES

__TI_cinit_table @ 00005c40 records: 3, size/record: 8, table size: 24
	.data: load addr=00005c08, load size=00000018 bytes, run addr=200000e8, run size=00000442 bytes, compression=lzss
	.bss: load addr=00005c30, load size=00000008 bytes, run addr=2000052c, run size=00000048 bytes, compression=zero_init
	.vtable: load addr=00005c38, load size=00000008 bytes, run addr=20000000, run size=000000e4 bytes, compression=zero_init


LINKER GENERATED HANDLER TABLE

__TI_handler_table @ 00005c20 records: 3, size/record: 4, table size: 12
	index: 0, handler: __TI_zero_init
	index: 1, handler: __TI_decompress_lzss
	index: 2, handler: __TI_decompress_none


GLOBAL SYMBOLS: SORTED ALPHABETICALLY BY Name 

address   name                              
-------   ----                              
000041d7  BME280_GetHumidity                
000041f1  BME280_GetPressure                
000041ad  BME280_GetTemperature             
00004299  BME280_Init                       
00004fdd  C$$EXIT                           
00005391  CS_clearInterruptFlag             
0000445d  CS_getDCOFrequency                
000053f1  CS_getMCLK                        
00005409  CS_getSMCLK                       
00005451  CS_setExternalClockSourceFrequency
00005521  CS_startHFXT                      
000048b1  CS_startHFXTWithTimeout           
00005527  CS_startLFXT                      
0000494d  CS_startLFXTWithTimeout           
000038e5  DisplayData                       
00002ebf  ESP8266_GetTimeDate               
00002e3b  ESP8266_Init                      
00002e83  ESP8266_Reset                     
000031f7  ESP8266_RetryCommand              
00003155  ESP8266_SendCommand               
0000303d  ESP8266_SendSensorData            
00002eab  ESP8266_SetInternetAccess         
0000480d  EUSCIA0_ISR                       
00002de5  EUSCIA2_ISR                       
00002d95  EUSCIA2_Init                      
00003685  HAL_STARTUP                       
00003e8d  I2C_Init                          
00003f59  I2C_READ_STRING                   
00003ec7  I2C_WRITE_STRING                  
000026c9  ILI_DrawBitmap                    
000029f7  ILI_DrawChar                      
00002b5b  ILI_DrawString                    
00002bdb  ILI_InvertDisplay                 
00002bf9  ILI_Write_String                  
00002675  ILI_color_565                     
00002895  ILI_draw_char_S                   
00002529  ILI_draw_fast_H_line              
000024af  ILI_draw_fast_V_line              
0000245f  ILI_draw_pixel                    
000025bf  ILI_fill_rectangle                
000025a3  ILI_fill_screen                   
00003739  INIT_GPIO                         
00002391  INIT_LCD                          
0000387f  INIT_SPI                          
00004779  Init_System                       
00004e61  Interrupt_enableInterrupt         
000052cd  Interrupt_registerInterrupt       
000047bd  LED_Init                          
00005365  RTC_Init                          
200000e8  RX_Buffer                         
20000528  RX_Count                          
UNDEFED   SHT$$INIT_ARRAY$$Base             
UNDEFED   SHT$$INIT_ARRAY$$Limit            
00004035  Setup_Clocks                      
000054c9  SysCtl_disableNMISource           
000054d9  SysCtl_enableNMISource            
00005509  SysCtl_getNMISourceStatus         
00005085  SysCtl_getTLVInfo                 
000040b5  SysTick_Init                      
000040d1  SysTick_delay                     
20000524  SystemCoreClock                   
0000335d  SystemCoreClockUpdate             
000035d1  SystemInit                        
00004153  T32_INT1_IRQHandler               
00004853  Termianl_Init                     
0000410d  Timer32_Init                      
000054e9  Timer32_registerInterrupt         
000050d5  UART_registerInterrupt            
4000480c  WDTCTL_SYM                        
20010000  __STACK_END                       
00000200  __STACK_SIZE                      
00005c40  __TI_CINIT_Base                   
00005c58  __TI_CINIT_Limit                  
00005c20  __TI_Handler_Table_Base           
00005c2c  __TI_Handler_Table_Limit          
00004d19  __TI_auto_init                    
20000500  __TI_cleanup_ptr                  
00004df7  __TI_decompress_lzss              
000054f9  __TI_decompress_none              
20000504  __TI_dtors_ptr                    
20000508  __TI_enable_exit_profile_output   
ffffffff  __TI_pprof_out_hndl               
00000985  __TI_printfi                      
ffffffff  __TI_prof_data_size               
ffffffff  __TI_prof_data_start              
00000000  __TI_static_base__                
00005515  __TI_zero_init                    
00004b21  __aeabi_cdcmpeq                   
00004b21  __aeabi_cdcmple                   
00004ba7  __aeabi_cdrcmple                  
00004d89  __aeabi_d2f                       
0000524d  __aeabi_d2iz                      
00003cdf  __aeabi_dadd                      
00004325  __aeabi_ddiv                      
00004561  __aeabi_dmul                      
00003cd5  __aeabi_dsub                      
00005295  __aeabi_f2d                       
00005335  __aeabi_i2d                       
00004c2d  __aeabi_memclr                    
00004c2d  __aeabi_memclr4                   
00004c2d  __aeabi_memclr8                   
00004a85  __aeabi_memcpy                    
00004a85  __aeabi_memcpy4                   
00004a85  __aeabi_memcpy8                   
00004c2f  __aeabi_memset                    
00004c2f  __aeabi_memset4                   
00004c2f  __aeabi_memset8                   
000053b5  __aeabi_ui2d                      
00003ae1  __aeabi_uldivmod                  
ffffffff  __binit__                         
ffffffff  __c_args__                        
0000127f  __mpu_init                        
2000fe00  __stack                           
00005421  _args_main                        
00004f89  _c_int00                          
00005a2b  _ctypes_                          
2000050c  _lock                             
00005473  _nop                              
0000546b  _register_lock                    
00005465  _register_unlock                  
00002d93  _system_post_cinit                
0000552d  _system_pre_init                  
20000510  _unlock                           
00004fe1  abort                             
00003721  assert_LCD_CS                     
000036f1  assert_LCD_DC                     
00003709  assert_LCD_RESET                  
00003691  assert_LED                        
000036d9  assert_LEDB                       
000036c1  assert_LEDG                       
000036a9  assert_LEDR                       
0000516d  atoi                              
ffffffff  binit                             
000016f9  bme280_compensate_data            
0000131f  bme280_get_regs                   
00001611  bme280_get_sensor_data            
00001595  bme280_get_sensor_mode            
00001505  bme280_get_sensor_settings        
00001281  bme280_init                       
00001689  bme280_parse_sensor_data          
00001381  bme280_set_regs                   
0000153f  bme280_set_sensor_mode            
00001479  bme280_set_sensor_settings        
000015cd  bme280_soft_reset                 
200004e8  comp_data                         
000051b9  copy_in                           
00005479  copysign                          
00005479  copysignl                         
0000372d  deassert_LCD_CS                   
000036fd  deassert_LCD_DC                   
00003715  deassert_LCD_RESET                
0000369d  deassert_LED                      
000036e5  deassert_LEDB                     
000036cd  deassert_LEDG                     
000036b5  deassert_LEDR                     
2000052c  dev                               
2000051c  errno                             
00004fe9  exit                              
00004ec5  frexp                             
00004ec5  frexpl                            
20000000  g_pfnRAMVectors                   
00000000  interruptVectors                  
0000465d  ldexp                             
0000465d  ldexpl                            
00005031  ltoa                              
00004759  main                              
20000520  main_func_sp                      
000053d5  memccpy                           
00004a85  memcpy                            
00004c35  memset                            
0000465d  scalbn                            
0000465d  scalbnl                           
00002d01  set_addr_location                 
00002d77  set_color                         
00004f29  sprintf                           
00005439  strchr                            
0000548d  strcpy                            
00004223  stream_sensor_data_normal_mode    
000054a1  strlen                            
00005301  strstr                            
20000514  twoMinuteFlag                     
00005bb0  uartConfigA0                      
00005bd4  uartConfigA2                      
00002c69  write_init_commands               


GLOBAL SYMBOLS: SORTED BY Symbol Address 

address   name                              
-------   ----                              
00000000  __TI_static_base__                
00000000  interruptVectors                  
00000200  __STACK_SIZE                      
00000985  __TI_printfi                      
0000127f  __mpu_init                        
00001281  bme280_init                       
0000131f  bme280_get_regs                   
00001381  bme280_set_regs                   
00001479  bme280_set_sensor_settings        
00001505  bme280_get_sensor_settings        
0000153f  bme280_set_sensor_mode            
00001595  bme280_get_sensor_mode            
000015cd  bme280_soft_reset                 
00001611  bme280_get_sensor_data            
00001689  bme280_parse_sensor_data          
000016f9  bme280_compensate_data            
00002391  INIT_LCD                          
0000245f  ILI_draw_pixel                    
000024af  ILI_draw_fast_V_line              
00002529  ILI_draw_fast_H_line              
000025a3  ILI_fill_screen                   
000025bf  ILI_fill_rectangle                
00002675  ILI_color_565                     
000026c9  ILI_DrawBitmap                    
00002895  ILI_draw_char_S                   
000029f7  ILI_DrawChar                      
00002b5b  ILI_DrawString                    
00002bdb  ILI_InvertDisplay                 
00002bf9  ILI_Write_String                  
00002c69  write_init_commands               
00002d01  set_addr_location                 
00002d77  set_color                         
00002d93  _system_post_cinit                
00002d95  EUSCIA2_Init                      
00002de5  EUSCIA2_ISR                       
00002e3b  ESP8266_Init                      
00002e83  ESP8266_Reset                     
00002eab  ESP8266_SetInternetAccess         
00002ebf  ESP8266_GetTimeDate               
0000303d  ESP8266_SendSensorData            
00003155  ESP8266_SendCommand               
000031f7  ESP8266_RetryCommand              
0000335d  SystemCoreClockUpdate             
000035d1  SystemInit                        
00003685  HAL_STARTUP                       
00003691  assert_LED                        
0000369d  deassert_LED                      
000036a9  assert_LEDR                       
000036b5  deassert_LEDR                     
000036c1  assert_LEDG                       
000036cd  deassert_LEDG                     
000036d9  assert_LEDB                       
000036e5  deassert_LEDB                     
000036f1  assert_LCD_DC                     
000036fd  deassert_LCD_DC                   
00003709  assert_LCD_RESET                  
00003715  deassert_LCD_RESET                
00003721  assert_LCD_CS                     
0000372d  deassert_LCD_CS                   
00003739  INIT_GPIO                         
0000387f  INIT_SPI                          
000038e5  DisplayData                       
00003ae1  __aeabi_uldivmod                  
00003cd5  __aeabi_dsub                      
00003cdf  __aeabi_dadd                      
00003e8d  I2C_Init                          
00003ec7  I2C_WRITE_STRING                  
00003f59  I2C_READ_STRING                   
00004035  Setup_Clocks                      
000040b5  SysTick_Init                      
000040d1  SysTick_delay                     
0000410d  Timer32_Init                      
00004153  T32_INT1_IRQHandler               
000041ad  BME280_GetTemperature             
000041d7  BME280_GetHumidity                
000041f1  BME280_GetPressure                
00004223  stream_sensor_data_normal_mode    
00004299  BME280_Init                       
00004325  __aeabi_ddiv                      
0000445d  CS_getDCOFrequency                
00004561  __aeabi_dmul                      
0000465d  ldexp                             
0000465d  ldexpl                            
0000465d  scalbn                            
0000465d  scalbnl                           
00004759  main                              
00004779  Init_System                       
000047bd  LED_Init                          
0000480d  EUSCIA0_ISR                       
00004853  Termianl_Init                     
000048b1  CS_startHFXTWithTimeout           
0000494d  CS_startLFXTWithTimeout           
00004a85  __aeabi_memcpy                    
00004a85  __aeabi_memcpy4                   
00004a85  __aeabi_memcpy8                   
00004a85  memcpy                            
00004b21  __aeabi_cdcmpeq                   
00004b21  __aeabi_cdcmple                   
00004ba7  __aeabi_cdrcmple                  
00004c2d  __aeabi_memclr                    
00004c2d  __aeabi_memclr4                   
00004c2d  __aeabi_memclr8                   
00004c2f  __aeabi_memset                    
00004c2f  __aeabi_memset4                   
00004c2f  __aeabi_memset8                   
00004c35  memset                            
00004d19  __TI_auto_init                    
00004d89  __aeabi_d2f                       
00004df7  __TI_decompress_lzss              
00004e61  Interrupt_enableInterrupt         
00004ec5  frexp                             
00004ec5  frexpl                            
00004f29  sprintf                           
00004f89  _c_int00                          
00004fdd  C$$EXIT                           
00004fe1  abort                             
00004fe9  exit                              
00005031  ltoa                              
00005085  SysCtl_getTLVInfo                 
000050d5  UART_registerInterrupt            
0000516d  atoi                              
000051b9  copy_in                           
0000524d  __aeabi_d2iz                      
00005295  __aeabi_f2d                       
000052cd  Interrupt_registerInterrupt       
00005301  strstr                            
00005335  __aeabi_i2d                       
00005365  RTC_Init                          
00005391  CS_clearInterruptFlag             
000053b5  __aeabi_ui2d                      
000053d5  memccpy                           
000053f1  CS_getMCLK                        
00005409  CS_getSMCLK                       
00005421  _args_main                        
00005439  strchr                            
00005451  CS_setExternalClockSourceFrequency
00005465  _register_unlock                  
0000546b  _register_lock                    
00005473  _nop                              
00005479  copysign                          
00005479  copysignl                         
0000548d  strcpy                            
000054a1  strlen                            
000054c9  SysCtl_disableNMISource           
000054d9  SysCtl_enableNMISource            
000054e9  Timer32_registerInterrupt         
000054f9  __TI_decompress_none              
00005509  SysCtl_getNMISourceStatus         
00005515  __TI_zero_init                    
00005521  CS_startHFXT                      
00005527  CS_startLFXT                      
0000552d  _system_pre_init                  
00005a2b  _ctypes_                          
00005bb0  uartConfigA0                      
00005bd4  uartConfigA2                      
00005c20  __TI_Handler_Table_Base           
00005c2c  __TI_Handler_Table_Limit          
00005c40  __TI_CINIT_Base                   
00005c58  __TI_CINIT_Limit                  
20000000  g_pfnRAMVectors                   
200000e8  RX_Buffer                         
200004e8  comp_data                         
20000500  __TI_cleanup_ptr                  
20000504  __TI_dtors_ptr                    
20000508  __TI_enable_exit_profile_output   
2000050c  _lock                             
20000510  _unlock                           
20000514  twoMinuteFlag                     
2000051c  errno                             
20000520  main_func_sp                      
20000524  SystemCoreClock                   
20000528  RX_Count                          
2000052c  dev                               
2000fe00  __stack                           
20010000  __STACK_END                       
4000480c  WDTCTL_SYM                        
ffffffff  __TI_pprof_out_hndl               
ffffffff  __TI_prof_data_size               
ffffffff  __TI_prof_data_start              
ffffffff  __binit__                         
ffffffff  __c_args__                        
ffffffff  binit                             
UNDEFED   SHT$$INIT_ARRAY$$Base             
UNDEFED   SHT$$INIT_ARRAY$$Limit            

[184 symbols]
