<?xml version="1.0"?>
<link_info>
   <banner>TI ARM Linker PC v16.9.7.LTS</banner>
   <copyright>Copyright (c) 1996-2017 Texas Instruments Incorporated</copyright>
   <link_time>0x5ad0e745</link_time>
   <link_errors>0x0</link_errors>
   <output_file>WiFi_Access.out</output_file>
   <entry_point>
      <name>_c_int00</name>
      <address>0x4f89</address>
   </entry_point>
   <input_file_list>
      <input_file id="fl-2">
         <path>.\</path>
         <kind>object</kind>
         <file>main.obj</file>
         <name>main.obj</name>
      </input_file>
      <input_file id="fl-3">
         <path>.\</path>
         <kind>object</kind>
         <file>startup_msp432p401r_ccs.obj</file>
         <name>startup_msp432p401r_ccs.obj</name>
      </input_file>
      <input_file id="fl-4">
         <path>.\</path>
         <kind>object</kind>
         <file>system_msp432p401r.obj</file>
         <name>system_msp432p401r.obj</name>
      </input_file>
      <input_file id="fl-5">
         <path>.\BME280\</path>
         <kind>object</kind>
         <file>I2C.obj</file>
         <name>I2C.obj</name>
      </input_file>
      <input_file id="fl-6">
         <path>.\BME280\</path>
         <kind>object</kind>
         <file>bme280.obj</file>
         <name>bme280.obj</name>
      </input_file>
      <input_file id="fl-7">
         <path>.\BME280\</path>
         <kind>object</kind>
         <file>bme280_support.obj</file>
         <name>bme280_support.obj</name>
      </input_file>
      <input_file id="fl-8">
         <path>.\ClockSystem\</path>
         <kind>object</kind>
         <file>ClockSystem.obj</file>
         <name>ClockSystem.obj</name>
      </input_file>
      <input_file id="fl-9">
         <path>.\ESP8266\</path>
         <kind>object</kind>
         <file>esp8266.obj</file>
         <name>esp8266.obj</name>
      </input_file>
      <input_file id="fl-a">
         <path>.\ILI9341\</path>
         <kind>object</kind>
         <file>UserInterface.obj</file>
         <name>UserInterface.obj</name>
      </input_file>
      <input_file id="fl-b">
         <path>.\ILI9341\</path>
         <kind>object</kind>
         <file>hal.obj</file>
         <name>hal.obj</name>
      </input_file>
      <input_file id="fl-c">
         <path>.\ILI9341\</path>
         <kind>object</kind>
         <file>ili9341.obj</file>
         <name>ili9341.obj</name>
      </input_file>
      <input_file id="fl-d">
         <path>.\PrintfOverride\</path>
         <kind>object</kind>
         <file>PrintfOverride.obj</file>
         <name>PrintfOverride.obj</name>
      </input_file>
      <input_file id="fl-e">
         <path>.\RTC\</path>
         <kind>object</kind>
         <file>RTC.obj</file>
         <name>RTC.obj</name>
      </input_file>
      <input_file id="fl-f">
         <path>.\UART_Terminal\</path>
         <kind>object</kind>
         <file>UART_Terminal.obj</file>
         <name>UART_Terminal.obj</name>
      </input_file>
      <input_file id="fl-14">
         <kind>object</kind>
         <file>&lt;internal&gt;</file>
         <name>&lt;internal&gt;</name>
      </input_file>
      <input_file id="fl-15">
         <path>C:\ti\msp\MSP432Ware_3_50_00_02\driverlib\driverlib\MSP432P4xx\ccs\</path>
         <kind>archive</kind>
         <file>msp432p4xx_driverlib.lib</file>
         <name>cs.o</name>
      </input_file>
      <input_file id="fl-16">
         <path>C:\ti\msp\MSP432Ware_3_50_00_02\driverlib\driverlib\MSP432P4xx\ccs\</path>
         <kind>archive</kind>
         <file>msp432p4xx_driverlib.lib</file>
         <name>interrupt.o</name>
      </input_file>
      <input_file id="fl-17">
         <path>C:\ti\msp\MSP432Ware_3_50_00_02\driverlib\driverlib\MSP432P4xx\ccs\</path>
         <kind>archive</kind>
         <file>msp432p4xx_driverlib.lib</file>
         <name>sysctl.o</name>
      </input_file>
      <input_file id="fl-18">
         <path>C:\ti\msp\MSP432Ware_3_50_00_02\driverlib\driverlib\MSP432P4xx\ccs\</path>
         <kind>archive</kind>
         <file>msp432p4xx_driverlib.lib</file>
         <name>timer32.o</name>
      </input_file>
      <input_file id="fl-19">
         <path>C:\ti\msp\MSP432Ware_3_50_00_02\driverlib\driverlib\MSP432P4xx\ccs\</path>
         <kind>archive</kind>
         <file>msp432p4xx_driverlib.lib</file>
         <name>uart.o</name>
      </input_file>
      <input_file id="fl-1a">
         <path>C:\ti\msp\MSP432Ware_3_50_00_02\driverlib\driverlib\MSP432P4xx\ccs\</path>
         <kind>archive</kind>
         <file>msp432p4xx_driverlib.lib</file>
         <name>cpu.o</name>
      </input_file>
      <input_file id="fl-d0">
         <path>C:\ti\ccsv7\tools\compiler\ti-cgt-arm_16.9.7.LTS\lib\</path>
         <kind>archive</kind>
         <file>rtsv7M4_T_le_v4SPD16_eabi.lib</file>
         <name>atoi.obj</name>
      </input_file>
      <input_file id="fl-d1">
         <path>C:\ti\ccsv7\tools\compiler\ti-cgt-arm_16.9.7.LTS\lib\</path>
         <kind>archive</kind>
         <file>rtsv7M4_T_le_v4SPD16_eabi.lib</file>
         <name>boot.obj</name>
      </input_file>
      <input_file id="fl-d2">
         <path>C:\ti\ccsv7\tools\compiler\ti-cgt-arm_16.9.7.LTS\lib\</path>
         <kind>archive</kind>
         <file>rtsv7M4_T_le_v4SPD16_eabi.lib</file>
         <name>copy_decompress_lzss.obj</name>
      </input_file>
      <input_file id="fl-d3">
         <path>C:\ti\ccsv7\tools\compiler\ti-cgt-arm_16.9.7.LTS\lib\</path>
         <kind>archive</kind>
         <file>rtsv7M4_T_le_v4SPD16_eabi.lib</file>
         <name>copy_decompress_none.obj</name>
      </input_file>
      <input_file id="fl-d4">
         <path>C:\ti\ccsv7\tools\compiler\ti-cgt-arm_16.9.7.LTS\lib\</path>
         <kind>archive</kind>
         <file>rtsv7M4_T_le_v4SPD16_eabi.lib</file>
         <name>copy_zero_init.obj</name>
      </input_file>
      <input_file id="fl-d5">
         <path>C:\ti\ccsv7\tools\compiler\ti-cgt-arm_16.9.7.LTS\lib\</path>
         <kind>archive</kind>
         <file>rtsv7M4_T_le_v4SPD16_eabi.lib</file>
         <name>ctype.obj</name>
      </input_file>
      <input_file id="fl-d6">
         <path>C:\ti\ccsv7\tools\compiler\ti-cgt-arm_16.9.7.LTS\lib\</path>
         <kind>archive</kind>
         <file>rtsv7M4_T_le_v4SPD16_eabi.lib</file>
         <name>exit.obj</name>
      </input_file>
      <input_file id="fl-d7">
         <path>C:\ti\ccsv7\tools\compiler\ti-cgt-arm_16.9.7.LTS\lib\</path>
         <kind>archive</kind>
         <file>rtsv7M4_T_le_v4SPD16_eabi.lib</file>
         <name>fd_add_t2.obj</name>
      </input_file>
      <input_file id="fl-d8">
         <path>C:\ti\ccsv7\tools\compiler\ti-cgt-arm_16.9.7.LTS\lib\</path>
         <kind>archive</kind>
         <file>rtsv7M4_T_le_v4SPD16_eabi.lib</file>
         <name>fd_cmp_t2.obj</name>
      </input_file>
      <input_file id="fl-d9">
         <path>C:\ti\ccsv7\tools\compiler\ti-cgt-arm_16.9.7.LTS\lib\</path>
         <kind>archive</kind>
         <file>rtsv7M4_T_le_v4SPD16_eabi.lib</file>
         <name>fd_div_t2.obj</name>
      </input_file>
      <input_file id="fl-da">
         <path>C:\ti\ccsv7\tools\compiler\ti-cgt-arm_16.9.7.LTS\lib\</path>
         <kind>archive</kind>
         <file>rtsv7M4_T_le_v4SPD16_eabi.lib</file>
         <name>fd_mul_t2.obj</name>
      </input_file>
      <input_file id="fl-db">
         <path>C:\ti\ccsv7\tools\compiler\ti-cgt-arm_16.9.7.LTS\lib\</path>
         <kind>archive</kind>
         <file>rtsv7M4_T_le_v4SPD16_eabi.lib</file>
         <name>fd_toi_t2.obj</name>
      </input_file>
      <input_file id="fl-dc">
         <path>C:\ti\ccsv7\tools\compiler\ti-cgt-arm_16.9.7.LTS\lib\</path>
         <kind>archive</kind>
         <file>rtsv7M4_T_le_v4SPD16_eabi.lib</file>
         <name>fd_tos_t2.obj</name>
      </input_file>
      <input_file id="fl-dd">
         <path>C:\ti\ccsv7\tools\compiler\ti-cgt-arm_16.9.7.LTS\lib\</path>
         <kind>archive</kind>
         <file>rtsv7M4_T_le_v4SPD16_eabi.lib</file>
         <name>fs_tod_t2.obj</name>
      </input_file>
      <input_file id="fl-de">
         <path>C:\ti\ccsv7\tools\compiler\ti-cgt-arm_16.9.7.LTS\lib\</path>
         <kind>archive</kind>
         <file>rtsv7M4_T_le_v4SPD16_eabi.lib</file>
         <name>i_tofd_t2.obj</name>
      </input_file>
      <input_file id="fl-df">
         <path>C:\ti\ccsv7\tools\compiler\ti-cgt-arm_16.9.7.LTS\lib\</path>
         <kind>archive</kind>
         <file>rtsv7M4_T_le_v4SPD16_eabi.lib</file>
         <name>memcpy_t2.obj</name>
      </input_file>
      <input_file id="fl-e0">
         <path>C:\ti\ccsv7\tools\compiler\ti-cgt-arm_16.9.7.LTS\lib\</path>
         <kind>archive</kind>
         <file>rtsv7M4_T_le_v4SPD16_eabi.lib</file>
         <name>memset_t2.obj</name>
      </input_file>
      <input_file id="fl-e1">
         <path>C:\ti\ccsv7\tools\compiler\ti-cgt-arm_16.9.7.LTS\lib\</path>
         <kind>archive</kind>
         <file>rtsv7M4_T_le_v4SPD16_eabi.lib</file>
         <name>mpu_init.obj</name>
      </input_file>
      <input_file id="fl-e2">
         <path>C:\ti\ccsv7\tools\compiler\ti-cgt-arm_16.9.7.LTS\lib\</path>
         <kind>archive</kind>
         <file>rtsv7M4_T_le_v4SPD16_eabi.lib</file>
         <name>pre_init.obj</name>
      </input_file>
      <input_file id="fl-e3">
         <path>C:\ti\ccsv7\tools\compiler\ti-cgt-arm_16.9.7.LTS\lib\</path>
         <kind>archive</kind>
         <file>rtsv7M4_T_le_v4SPD16_eabi.lib</file>
         <name>sprintf.obj</name>
      </input_file>
      <input_file id="fl-e4">
         <path>C:\ti\ccsv7\tools\compiler\ti-cgt-arm_16.9.7.LTS\lib\</path>
         <kind>archive</kind>
         <file>rtsv7M4_T_le_v4SPD16_eabi.lib</file>
         <name>stkdepth_vars.obj</name>
      </input_file>
      <input_file id="fl-e5">
         <path>C:\ti\ccsv7\tools\compiler\ti-cgt-arm_16.9.7.LTS\lib\</path>
         <kind>archive</kind>
         <file>rtsv7M4_T_le_v4SPD16_eabi.lib</file>
         <name>strcpy.obj</name>
      </input_file>
      <input_file id="fl-e6">
         <path>C:\ti\ccsv7\tools\compiler\ti-cgt-arm_16.9.7.LTS\lib\</path>
         <kind>archive</kind>
         <file>rtsv7M4_T_le_v4SPD16_eabi.lib</file>
         <name>strlen.obj</name>
      </input_file>
      <input_file id="fl-e7">
         <path>C:\ti\ccsv7\tools\compiler\ti-cgt-arm_16.9.7.LTS\lib\</path>
         <kind>archive</kind>
         <file>rtsv7M4_T_le_v4SPD16_eabi.lib</file>
         <name>strstr.obj</name>
      </input_file>
      <input_file id="fl-e8">
         <path>C:\ti\ccsv7\tools\compiler\ti-cgt-arm_16.9.7.LTS\lib\</path>
         <kind>archive</kind>
         <file>rtsv7M4_T_le_v4SPD16_eabi.lib</file>
         <name>u_tofd_t2.obj</name>
      </input_file>
      <input_file id="fl-e9">
         <path>C:\ti\ccsv7\tools\compiler\ti-cgt-arm_16.9.7.LTS\lib\</path>
         <kind>archive</kind>
         <file>rtsv7M4_T_le_v4SPD16_eabi.lib</file>
         <name>_lock.obj</name>
      </input_file>
      <input_file id="fl-ea">
         <path>C:\ti\ccsv7\tools\compiler\ti-cgt-arm_16.9.7.LTS\lib\</path>
         <kind>archive</kind>
         <file>rtsv7M4_T_le_v4SPD16_eabi.lib</file>
         <name>_printfi.obj</name>
      </input_file>
      <input_file id="fl-eb">
         <path>C:\ti\ccsv7\tools\compiler\ti-cgt-arm_16.9.7.LTS\lib\</path>
         <kind>archive</kind>
         <file>rtsv7M4_T_le_v4SPD16_eabi.lib</file>
         <name>args_main.obj</name>
      </input_file>
      <input_file id="fl-ec">
         <path>C:\ti\ccsv7\tools\compiler\ti-cgt-arm_16.9.7.LTS\lib\</path>
         <kind>archive</kind>
         <file>rtsv7M4_T_le_v4SPD16_eabi.lib</file>
         <name>autoinit.obj</name>
      </input_file>
      <input_file id="fl-ed">
         <path>C:\ti\ccsv7\tools\compiler\ti-cgt-arm_16.9.7.LTS\lib\</path>
         <kind>archive</kind>
         <file>rtsv7M4_T_le_v4SPD16_eabi.lib</file>
         <name>cpy_tbl.obj</name>
      </input_file>
      <input_file id="fl-ee">
         <path>C:\ti\ccsv7\tools\compiler\ti-cgt-arm_16.9.7.LTS\lib\</path>
         <kind>archive</kind>
         <file>rtsv7M4_T_le_v4SPD16_eabi.lib</file>
         <name>ltoa.obj</name>
      </input_file>
      <input_file id="fl-ef">
         <path>C:\ti\ccsv7\tools\compiler\ti-cgt-arm_16.9.7.LTS\lib\</path>
         <kind>archive</kind>
         <file>rtsv7M4_T_le_v4SPD16_eabi.lib</file>
         <name>memccpy.obj</name>
      </input_file>
      <input_file id="fl-f0">
         <path>C:\ti\ccsv7\tools\compiler\ti-cgt-arm_16.9.7.LTS\lib\</path>
         <kind>archive</kind>
         <file>rtsv7M4_T_le_v4SPD16_eabi.lib</file>
         <name>s_frexp.obj</name>
      </input_file>
      <input_file id="fl-f1">
         <path>C:\ti\ccsv7\tools\compiler\ti-cgt-arm_16.9.7.LTS\lib\</path>
         <kind>archive</kind>
         <file>rtsv7M4_T_le_v4SPD16_eabi.lib</file>
         <name>s_scalbn.obj</name>
      </input_file>
      <input_file id="fl-f2">
         <path>C:\ti\ccsv7\tools\compiler\ti-cgt-arm_16.9.7.LTS\lib\</path>
         <kind>archive</kind>
         <file>rtsv7M4_T_le_v4SPD16_eabi.lib</file>
         <name>startup.obj</name>
      </input_file>
      <input_file id="fl-f3">
         <path>C:\ti\ccsv7\tools\compiler\ti-cgt-arm_16.9.7.LTS\lib\</path>
         <kind>archive</kind>
         <file>rtsv7M4_T_le_v4SPD16_eabi.lib</file>
         <name>strchr.obj</name>
      </input_file>
      <input_file id="fl-f4">
         <path>C:\ti\ccsv7\tools\compiler\ti-cgt-arm_16.9.7.LTS\lib\</path>
         <kind>archive</kind>
         <file>rtsv7M4_T_le_v4SPD16_eabi.lib</file>
         <name>ull_div_t2.obj</name>
      </input_file>
      <input_file id="fl-f5">
         <path>C:\ti\ccsv7\tools\compiler\ti-cgt-arm_16.9.7.LTS\lib\</path>
         <kind>archive</kind>
         <file>rtsv7M4_T_le_v4SPD16_eabi.lib</file>
         <name>errno.obj</name>
      </input_file>
      <input_file id="fl-f6">
         <path>C:\ti\ccsv7\tools\compiler\ti-cgt-arm_16.9.7.LTS\lib\</path>
         <kind>archive</kind>
         <file>rtsv7M4_T_le_v4SPD16_eabi.lib</file>
         <name>s_copysign.obj</name>
      </input_file>
   </input_file_list>
   <object_component_list>
      <object_component id="oc-28">
         <name>.intvecs:retain</name>
         <load_address>0x0</load_address>
         <run_address>0x0</run_address>
         <size>0x140</size>
         <input_file_ref idref="fl-3"/>
      </object_component>
      <object_component id="oc-1ce">
         <name>.text</name>
         <load_address>0x140</load_address>
         <run_address>0x140</run_address>
         <size>0x113e</size>
         <input_file_ref idref="fl-ea"/>
      </object_component>
      <object_component id="oc-4f">
         <name>.text</name>
         <load_address>0x127e</load_address>
         <run_address>0x127e</run_address>
         <size>0x2</size>
         <input_file_ref idref="fl-e1"/>
      </object_component>
      <object_component id="oc-196">
         <name>.text</name>
         <load_address>0x1280</load_address>
         <run_address>0x1280</run_address>
         <size>0x1110</size>
         <input_file_ref idref="fl-6"/>
      </object_component>
      <object_component id="oc-fc">
         <name>.text</name>
         <load_address>0x2390</load_address>
         <run_address>0x2390</run_address>
         <size>0xa02</size>
         <input_file_ref idref="fl-c"/>
      </object_component>
      <object_component id="oc-98">
         <name>.text</name>
         <load_address>0x2d92</load_address>
         <run_address>0x2d92</run_address>
         <size>0x2</size>
         <input_file_ref idref="fl-f2"/>
      </object_component>
      <object_component id="oc-d8">
         <name>.text</name>
         <load_address>0x2d94</load_address>
         <run_address>0x2d94</run_address>
         <size>0x5c8</size>
         <input_file_ref idref="fl-9"/>
      </object_component>
      <object_component id="oc-b3">
         <name>.text</name>
         <load_address>0x335c</load_address>
         <run_address>0x335c</run_address>
         <size>0x328</size>
         <input_file_ref idref="fl-4"/>
      </object_component>
      <object_component id="oc-f6">
         <name>.text</name>
         <load_address>0x3684</load_address>
         <run_address>0x3684</run_address>
         <size>0x260</size>
         <input_file_ref idref="fl-b"/>
      </object_component>
      <object_component id="oc-d2">
         <name>.text</name>
         <load_address>0x38e4</load_address>
         <run_address>0x38e4</run_address>
         <size>0x1fc</size>
         <input_file_ref idref="fl-a"/>
      </object_component>
      <object_component id="oc-264">
         <name>.text</name>
         <load_address>0x3ae0</load_address>
         <run_address>0x3ae0</run_address>
         <size>0x1f4</size>
         <input_file_ref idref="fl-f4"/>
      </object_component>
      <object_component id="oc-1a1">
         <name>.text</name>
         <load_address>0x3cd4</load_address>
         <run_address>0x3cd4</run_address>
         <size>0x1b6</size>
         <input_file_ref idref="fl-d7"/>
      </object_component>
      <object_component id="oc-1ab">
         <name>.text</name>
         <load_address>0x3e8c</load_address>
         <run_address>0x3e8c</run_address>
         <size>0x1a8</size>
         <input_file_ref idref="fl-5"/>
      </object_component>
      <object_component id="oc-de">
         <name>.text</name>
         <load_address>0x4034</load_address>
         <run_address>0x4034</run_address>
         <size>0x178</size>
         <input_file_ref idref="fl-8"/>
      </object_component>
      <object_component id="oc-f0">
         <name>.text</name>
         <load_address>0x41ac</load_address>
         <run_address>0x41ac</run_address>
         <size>0x178</size>
         <input_file_ref idref="fl-7"/>
      </object_component>
      <object_component id="oc-230">
         <name>.text</name>
         <load_address>0x4324</load_address>
         <run_address>0x4324</run_address>
         <size>0x136</size>
         <input_file_ref idref="fl-d9"/>
      </object_component>
      <object_component id="oc-2d8">
         <name>.text:CS_getDCOFrequency</name>
         <load_address>0x445c</load_address>
         <run_address>0x445c</run_address>
         <size>0x104</size>
         <input_file_ref idref="fl-15"/>
      </object_component>
      <object_component id="oc-19c">
         <name>.text</name>
         <load_address>0x4560</load_address>
         <run_address>0x4560</run_address>
         <size>0xfc</size>
         <input_file_ref idref="fl-da"/>
      </object_component>
      <object_component id="oc-275">
         <name>.text</name>
         <load_address>0x465c</load_address>
         <run_address>0x465c</run_address>
         <size>0xfc</size>
         <input_file_ref idref="fl-f1"/>
      </object_component>
      <object_component id="oc-a0">
         <name>.text</name>
         <load_address>0x4758</load_address>
         <run_address>0x4758</run_address>
         <size>0xb4</size>
         <input_file_ref idref="fl-2"/>
      </object_component>
      <object_component id="oc-e4">
         <name>.text</name>
         <load_address>0x480c</load_address>
         <run_address>0x480c</run_address>
         <size>0xa4</size>
         <input_file_ref idref="fl-f"/>
      </object_component>
      <object_component id="oc-20d">
         <name>.text:CS_startHFXTWithTimeout</name>
         <load_address>0x48b0</load_address>
         <run_address>0x48b0</run_address>
         <size>0x9c</size>
         <input_file_ref idref="fl-15"/>
      </object_component>
      <object_component id="oc-214">
         <name>.text:CS_startLFXTWithTimeout</name>
         <load_address>0x494c</load_address>
         <run_address>0x494c</run_address>
         <size>0x9c</size>
         <input_file_ref idref="fl-15"/>
      </object_component>
      <object_component id="oc-21b">
         <name>.text:_CSComputeCLKFrequency</name>
         <load_address>0x49e8</load_address>
         <run_address>0x49e8</run_address>
         <size>0x9c</size>
         <input_file_ref idref="fl-15"/>
      </object_component>
      <object_component id="oc-37">
         <name>.text</name>
         <load_address>0x4a84</load_address>
         <run_address>0x4a84</run_address>
         <size>0x9c</size>
         <input_file_ref idref="fl-df"/>
      </object_component>
      <object_component id="oc-23f">
         <name>.text:__aeabi_cdcmple</name>
         <load_address>0x4b20</load_address>
         <run_address>0x4b20</run_address>
         <size>0x86</size>
         <input_file_ref idref="fl-d8"/>
      </object_component>
      <object_component id="oc-244">
         <name>.text:__aeabi_cdrcmple</name>
         <load_address>0x4ba6</load_address>
         <run_address>0x4ba6</run_address>
         <size>0x86</size>
         <input_file_ref idref="fl-d8"/>
      </object_component>
      <object_component id="oc-43">
         <name>.text</name>
         <load_address>0x4c2c</load_address>
         <run_address>0x4c2c</run_address>
         <size>0x7a</size>
         <input_file_ref idref="fl-e0"/>
      </object_component>
      <object_component id="oc-2c4">
         <name>.text:_CSGetHFXTFrequency</name>
         <load_address>0x4ca8</load_address>
         <run_address>0x4ca8</run_address>
         <size>0x70</size>
         <input_file_ref idref="fl-15"/>
      </object_component>
      <object_component id="oc-5b">
         <name>.text</name>
         <load_address>0x4d18</load_address>
         <run_address>0x4d18</run_address>
         <size>0x70</size>
         <input_file_ref idref="fl-ec"/>
      </object_component>
      <object_component id="oc-1a6">
         <name>.text</name>
         <load_address>0x4d88</load_address>
         <run_address>0x4d88</run_address>
         <size>0x6e</size>
         <input_file_ref idref="fl-dc"/>
      </object_component>
      <object_component id="oc-10">
         <name>.text:decompress:lzss</name>
         <load_address>0x4df6</load_address>
         <run_address>0x4df6</run_address>
         <size>0x68</size>
         <input_file_ref idref="fl-d2"/>
      </object_component>
      <object_component id="oc-1b8">
         <name>.text:Interrupt_enableInterrupt</name>
         <load_address>0x4e60</load_address>
         <run_address>0x4e60</run_address>
         <size>0x64</size>
         <input_file_ref idref="fl-16"/>
      </object_component>
      <object_component id="oc-26f">
         <name>.text</name>
         <load_address>0x4ec4</load_address>
         <run_address>0x4ec4</run_address>
         <size>0x64</size>
         <input_file_ref idref="fl-f0"/>
      </object_component>
      <object_component id="oc-130">
         <name>.text</name>
         <load_address>0x4f28</load_address>
         <run_address>0x4f28</run_address>
         <size>0x60</size>
         <input_file_ref idref="fl-e3"/>
      </object_component>
      <object_component id="oc-22">
         <name>.text</name>
         <load_address>0x4f88</load_address>
         <run_address>0x4f88</run_address>
         <size>0x54</size>
         <input_file_ref idref="fl-d1"/>
      </object_component>
      <object_component id="oc-67">
         <name>.text</name>
         <load_address>0x4fdc</load_address>
         <run_address>0x4fdc</run_address>
         <size>0x54</size>
         <input_file_ref idref="fl-d6"/>
      </object_component>
      <object_component id="oc-269">
         <name>.text</name>
         <load_address>0x5030</load_address>
         <run_address>0x5030</run_address>
         <size>0x54</size>
         <input_file_ref idref="fl-ee"/>
      </object_component>
      <object_component id="oc-32b">
         <name>.text:SysCtl_getTLVInfo</name>
         <load_address>0x5084</load_address>
         <run_address>0x5084</run_address>
         <size>0x50</size>
         <input_file_ref idref="fl-17"/>
      </object_component>
      <object_component id="oc-143">
         <name>.text:UART_registerInterrupt</name>
         <load_address>0x50d4</load_address>
         <run_address>0x50d4</run_address>
         <size>0x4c</size>
         <input_file_ref idref="fl-19"/>
      </object_component>
      <object_component id="oc-325">
         <name>.text:_CSGetDOCFrequency</name>
         <load_address>0x5120</load_address>
         <run_address>0x5120</run_address>
         <size>0x4c</size>
         <input_file_ref idref="fl-15"/>
      </object_component>
      <object_component id="oc-155">
         <name>.text</name>
         <load_address>0x516c</load_address>
         <run_address>0x516c</run_address>
         <size>0x4c</size>
         <input_file_ref idref="fl-d0"/>
      </object_component>
      <object_component id="oc-92">
         <name>.text</name>
         <load_address>0x51b8</load_address>
         <run_address>0x51b8</run_address>
         <size>0x4c</size>
         <input_file_ref idref="fl-ed"/>
      </object_component>
      <object_component id="oc-2d2">
         <name>.text:_CSGetDividerValue</name>
         <load_address>0x5204</load_address>
         <run_address>0x5204</run_address>
         <size>0x48</size>
         <input_file_ref idref="fl-15"/>
      </object_component>
      <object_component id="oc-23a">
         <name>.text</name>
         <load_address>0x524c</load_address>
         <run_address>0x524c</run_address>
         <size>0x48</size>
         <input_file_ref idref="fl-db"/>
      </object_component>
      <object_component id="oc-136">
         <name>.text</name>
         <load_address>0x5294</load_address>
         <run_address>0x5294</run_address>
         <size>0x38</size>
         <input_file_ref idref="fl-dd"/>
      </object_component>
      <object_component id="oc-1e8">
         <name>.text:Interrupt_registerInterrupt</name>
         <load_address>0x52cc</load_address>
         <run_address>0x52cc</run_address>
         <size>0x34</size>
         <input_file_ref idref="fl-16"/>
      </object_component>
      <object_component id="oc-14f">
         <name>.text</name>
         <load_address>0x5300</load_address>
         <run_address>0x5300</run_address>
         <size>0x34</size>
         <input_file_ref idref="fl-e7"/>
      </object_component>
      <object_component id="oc-235">
         <name>.text</name>
         <load_address>0x5334</load_address>
         <run_address>0x5334</run_address>
         <size>0x2e</size>
         <input_file_ref idref="fl-de"/>
      </object_component>
      <object_component id="oc-ea">
         <name>.text</name>
         <load_address>0x5364</load_address>
         <run_address>0x5364</run_address>
         <size>0x2c</size>
         <input_file_ref idref="fl-e"/>
      </object_component>
      <object_component id="oc-2de">
         <name>.text:CS_clearInterruptFlag</name>
         <load_address>0x5390</load_address>
         <run_address>0x5390</run_address>
         <size>0x24</size>
         <input_file_ref idref="fl-15"/>
      </object_component>
      <object_component id="oc-22b">
         <name>.text</name>
         <load_address>0x53b4</load_address>
         <run_address>0x53b4</run_address>
         <size>0x20</size>
         <input_file_ref idref="fl-e8"/>
      </object_component>
      <object_component id="oc-281">
         <name>.text</name>
         <load_address>0x53d4</load_address>
         <run_address>0x53d4</run_address>
         <size>0x1c</size>
         <input_file_ref idref="fl-ef"/>
      </object_component>
      <object_component id="oc-17e">
         <name>.text:CS_getMCLK</name>
         <load_address>0x53f0</load_address>
         <run_address>0x53f0</run_address>
         <size>0x18</size>
         <input_file_ref idref="fl-15"/>
      </object_component>
      <object_component id="oc-184">
         <name>.text:CS_getSMCLK</name>
         <load_address>0x5408</load_address>
         <run_address>0x5408</run_address>
         <size>0x18</size>
         <input_file_ref idref="fl-15"/>
      </object_component>
      <object_component id="oc-61">
         <name>.text</name>
         <load_address>0x5420</load_address>
         <run_address>0x5420</run_address>
         <size>0x18</size>
         <input_file_ref idref="fl-eb"/>
      </object_component>
      <object_component id="oc-27b">
         <name>.text</name>
         <load_address>0x5438</load_address>
         <run_address>0x5438</run_address>
         <size>0x16</size>
         <input_file_ref idref="fl-f3"/>
      </object_component>
      <object_component id="oc-16c">
         <name>.text:CS_setExternalClockSourceFrequency</name>
         <load_address>0x5450</load_address>
         <run_address>0x5450</run_address>
         <size>0x14</size>
         <input_file_ref idref="fl-15"/>
      </object_component>
      <object_component id="oc-10f">
         <name>.text</name>
         <load_address>0x5464</load_address>
         <run_address>0x5464</run_address>
         <size>0x14</size>
         <input_file_ref idref="fl-e9"/>
      </object_component>
      <object_component id="oc-303">
         <name>.text</name>
         <load_address>0x5478</load_address>
         <run_address>0x5478</run_address>
         <size>0x14</size>
         <input_file_ref idref="fl-f6"/>
      </object_component>
      <object_component id="oc-149">
         <name>.text</name>
         <load_address>0x548c</load_address>
         <run_address>0x548c</run_address>
         <size>0x14</size>
         <input_file_ref idref="fl-e5"/>
      </object_component>
      <object_component id="oc-164">
         <name>.text</name>
         <load_address>0x54a0</load_address>
         <run_address>0x54a0</run_address>
         <size>0x14</size>
         <input_file_ref idref="fl-e6"/>
      </object_component>
      <object_component id="oc-71">
         <name>.text</name>
         <load_address>0x54b4</load_address>
         <run_address>0x54b4</run_address>
         <size>0x12</size>
         <input_file_ref idref="fl-3"/>
      </object_component>
      <object_component id="oc-2be">
         <name>.text:SysCtl_disableNMISource</name>
         <load_address>0x54c8</load_address>
         <run_address>0x54c8</run_address>
         <size>0x10</size>
         <input_file_ref idref="fl-17"/>
      </object_component>
      <object_component id="oc-2ca">
         <name>.text:SysCtl_enableNMISource</name>
         <load_address>0x54d8</load_address>
         <run_address>0x54d8</run_address>
         <size>0x10</size>
         <input_file_ref idref="fl-17"/>
      </object_component>
      <object_component id="oc-18a">
         <name>.text:Timer32_registerInterrupt</name>
         <load_address>0x54e8</load_address>
         <run_address>0x54e8</run_address>
         <size>0x10</size>
         <input_file_ref idref="fl-18"/>
      </object_component>
      <object_component id="oc-16">
         <name>.text:decompress:none</name>
         <load_address>0x54f8</load_address>
         <run_address>0x54f8</run_address>
         <size>0xe</size>
         <input_file_ref idref="fl-d3"/>
      </object_component>
      <object_component id="oc-2b8">
         <name>.text:SysCtl_getNMISourceStatus</name>
         <load_address>0x5508</load_address>
         <run_address>0x5508</run_address>
         <size>0xc</size>
         <input_file_ref idref="fl-17"/>
      </object_component>
      <object_component id="oc-1c">
         <name>.text:decompress:ZI</name>
         <load_address>0x5514</load_address>
         <run_address>0x5514</run_address>
         <size>0xc</size>
         <input_file_ref idref="fl-d4"/>
      </object_component>
      <object_component id="oc-172">
         <name>.text:CS_startHFXT</name>
         <load_address>0x5520</load_address>
         <run_address>0x5520</run_address>
         <size>0x6</size>
         <input_file_ref idref="fl-15"/>
      </object_component>
      <object_component id="oc-178">
         <name>.text:CS_startLFXT</name>
         <load_address>0x5526</load_address>
         <run_address>0x5526</run_address>
         <size>0x6</size>
         <input_file_ref idref="fl-15"/>
      </object_component>
      <object_component id="oc-55">
         <name>.text</name>
         <load_address>0x552c</load_address>
         <run_address>0x552c</run_address>
         <size>0x4</size>
         <input_file_ref idref="fl-e2"/>
      </object_component>
      <object_component id="oc-1c2">
         <name>.const:.string:Font</name>
         <load_address>0x5530</load_address>
         <run_address>0x5530</run_address>
         <size>0x4fb</size>
         <input_file_ref idref="fl-c"/>
      </object_component>
      <object_component id="oc-1f4">
         <name>.const:.string:_ctypes_</name>
         <load_address>0x5a2b</load_address>
         <run_address>0x5a2b</run_address>
         <size>0x101</size>
         <input_file_ref idref="fl-d5"/>
      </object_component>
      <object_component id="oc-1bf">
         <name>.const:.string:Bcmd</name>
         <load_address>0x5b2c</load_address>
         <run_address>0x5b2c</run_address>
         <size>0x41</size>
         <input_file_ref idref="fl-c"/>
      </object_component>
      <object_component id="oc-259">
         <name>.const</name>
         <load_address>0x5b70</load_address>
         <run_address>0x5b70</run_address>
         <size>0x40</size>
         <input_file_ref idref="fl-16"/>
      </object_component>
      <object_component id="oc-191">
         <name>.const:uartConfigA0</name>
         <load_address>0x5bb0</load_address>
         <run_address>0x5bb0</run_address>
         <size>0x24</size>
         <input_file_ref idref="fl-f"/>
      </object_component>
      <object_component id="oc-15b">
         <name>.const:uartConfigA2</name>
         <load_address>0x5bd4</load_address>
         <run_address>0x5bd4</run_address>
         <size>0x24</size>
         <input_file_ref idref="fl-9"/>
      </object_component>
      <object_component id="oc-228">
         <name>.const:$P$T0$1</name>
         <load_address>0x5bf8</load_address>
         <run_address>0x5bf8</run_address>
         <size>0xc</size>
         <input_file_ref idref="fl-6"/>
      </object_component>
      <object_component id="oc-367">
         <name>.cinit..data.load</name>
         <load_address>0x5c08</load_address>
         <run_address>0x5c08</run_address>
         <size>0x18</size>
      </object_component>
      <object_component id="oc-364">
         <name>__TI_handler_table</name>
         <load_address>0x5c20</load_address>
         <run_address>0x5c20</run_address>
         <size>0xc</size>
      </object_component>
      <object_component id="oc-368">
         <name>.cinit..bss.load</name>
         <load_address>0x5c30</load_address>
         <run_address>0x5c30</run_address>
         <size>0x8</size>
      </object_component>
      <object_component id="oc-366">
         <name>.cinit..vtable.load</name>
         <load_address>0x5c38</load_address>
         <run_address>0x5c38</run_address>
         <size>0x8</size>
      </object_component>
      <object_component id="oc-365">
         <name>__TI_cinit_table</name>
         <load_address>0x5c40</load_address>
         <run_address>0x5c40</run_address>
         <size>0x18</size>
      </object_component>
      <object_component id="oc-29b">
         <name>.vtable</name>
         <uninitialized>true</uninitialized>
         <run_address>0x20000000</run_address>
         <size>0xe4</size>
         <input_file_ref idref="fl-16"/>
      </object_component>
      <object_component id="oc-11b">
         <name>.data</name>
         <load_address>0x20000524</load_address>
         <run_address>0x20000524</run_address>
         <size>0x4</size>
         <input_file_ref idref="fl-4"/>
      </object_component>
      <object_component id="oc-1b1">
         <name>.data:comp_data</name>
         <load_address>0x200004e8</load_address>
         <run_address>0x200004e8</run_address>
         <size>0x18</size>
         <input_file_ref idref="fl-7"/>
      </object_component>
      <object_component id="oc-102">
         <name>.data</name>
         <load_address>0x20000514</load_address>
         <run_address>0x20000514</run_address>
         <size>0x4</size>
         <input_file_ref idref="fl-8"/>
      </object_component>
      <object_component id="oc-161">
         <name>.data</name>
         <load_address>0x20000528</load_address>
         <run_address>0x20000528</run_address>
         <size>0x2</size>
         <input_file_ref idref="fl-9"/>
      </object_component>
      <object_component id="oc-15e">
         <name>.data:RX_Buffer</name>
         <load_address>0x200000e8</load_address>
         <run_address>0x200000e8</run_address>
         <size>0x400</size>
         <input_file_ref idref="fl-9"/>
      </object_component>
      <object_component id="oc-13b">
         <name>.data</name>
         <load_address>0x20000518</load_address>
         <run_address>0x20000518</run_address>
         <size>0x4</size>
         <input_file_ref idref="fl-a"/>
      </object_component>
      <object_component id="oc-a8">
         <name>.data:$O1$$</name>
         <load_address>0x20000500</load_address>
         <run_address>0x20000500</run_address>
         <size>0xc</size>
         <input_file_ref idref="fl-d6"/>
      </object_component>
      <object_component id="oc-6d">
         <name>.data</name>
         <load_address>0x20000520</load_address>
         <run_address>0x20000520</run_address>
         <size>0x4</size>
         <input_file_ref idref="fl-e4"/>
      </object_component>
      <object_component id="oc-ab">
         <name>.data:$O1$$</name>
         <load_address>0x2000050c</load_address>
         <run_address>0x2000050c</run_address>
         <size>0x8</size>
         <input_file_ref idref="fl-e9"/>
      </object_component>
      <object_component id="oc-309">
         <name>.data</name>
         <load_address>0x2000051c</load_address>
         <run_address>0x2000051c</run_address>
         <size>0x4</size>
         <input_file_ref idref="fl-f5"/>
      </object_component>
      <object_component id="oc-1b4">
         <name>.common:dev</name>
         <uninitialized>true</uninitialized>
         <run_address>0x2000052c</run_address>
         <size>0x40</size>
      </object_component>
      <object_component id="oc-20b">
         <name>.common:hfxtFreq</name>
         <uninitialized>true</uninitialized>
         <run_address>0x2000056c</run_address>
         <size>0x4</size>
      </object_component>
      <object_component id="oc-208">
         <name>.common:lfxtFreq</name>
         <uninitialized>true</uninitialized>
         <run_address>0x20000570</run_address>
         <size>0x4</size>
      </object_component>
      <object_component id="oc-2b">
         <name>.stack</name>
         <uninitialized>true</uninitialized>
         <run_address>0x2000fe00</run_address>
         <size>0x0</size>
         <input_file_ref idref="fl-d1"/>
      </object_component>
      <object_component id="oc-369">
         <name>.stack</name>
         <uninitialized>true</uninitialized>
         <run_address>0x2000fe00</run_address>
         <size>0x0</size>
      </object_component>
      <object_component id="oc-29a">
         <name>.debug_info</name>
         <load_address>0x0</load_address>
         <run_address>0x0</run_address>
         <size>0x6af</size>
         <input_file_ref idref="fl-2"/>
      </object_component>
      <object_component id="oc-a1">
         <name>.debug_info</name>
         <load_address>0x6af</load_address>
         <run_address>0x6af</run_address>
         <size>0x2ab</size>
         <input_file_ref idref="fl-2"/>
      </object_component>
      <object_component id="oc-1e3">
         <name>.debug_info</name>
         <load_address>0x95a</load_address>
         <run_address>0x95a</run_address>
         <size>0x1055</size>
         <input_file_ref idref="fl-2"/>
      </object_component>
      <object_component id="oc-1de">
         <name>.debug_info</name>
         <load_address>0x19af</load_address>
         <run_address>0x19af</run_address>
         <size>0x37e2</size>
         <input_file_ref idref="fl-2"/>
      </object_component>
      <object_component id="oc-2b3">
         <name>.debug_info</name>
         <load_address>0x5191</load_address>
         <run_address>0x5191</run_address>
         <size>0x1b5</size>
         <input_file_ref idref="fl-2"/>
      </object_component>
      <object_component id="oc-13d">
         <name>.debug_info</name>
         <load_address>0x5346</load_address>
         <run_address>0x5346</run_address>
         <size>0xc6</size>
         <input_file_ref idref="fl-2"/>
      </object_component>
      <object_component id="oc-be">
         <name>.debug_info</name>
         <load_address>0x540c</load_address>
         <run_address>0x540c</run_address>
         <size>0x8b</size>
         <input_file_ref idref="fl-2"/>
      </object_component>
      <object_component id="oc-11f">
         <name>.debug_info</name>
         <load_address>0x5497</load_address>
         <run_address>0x5497</run_address>
         <size>0x18b</size>
         <input_file_ref idref="fl-2"/>
      </object_component>
      <object_component id="oc-203">
         <name>.debug_info</name>
         <load_address>0x5622</load_address>
         <run_address>0x5622</run_address>
         <size>0xee</size>
         <input_file_ref idref="fl-2"/>
      </object_component>
      <object_component id="oc-79">
         <name>.debug_info</name>
         <load_address>0x5710</load_address>
         <run_address>0x5710</run_address>
         <size>0x2bf</size>
         <input_file_ref idref="fl-3"/>
      </object_component>
      <object_component id="oc-29">
         <name>.debug_info</name>
         <load_address>0x59cf</load_address>
         <run_address>0x59cf</run_address>
         <size>0xfc</size>
         <input_file_ref idref="fl-3"/>
      </object_component>
      <object_component id="oc-72">
         <name>.debug_info</name>
         <load_address>0x5acb</load_address>
         <run_address>0x5acb</run_address>
         <size>0x263</size>
         <input_file_ref idref="fl-3"/>
      </object_component>
      <object_component id="oc-32">
         <name>.debug_info</name>
         <load_address>0x5d2e</load_address>
         <run_address>0x5d2e</run_address>
         <size>0x84</size>
         <input_file_ref idref="fl-3"/>
      </object_component>
      <object_component id="oc-11c">
         <name>.debug_info</name>
         <load_address>0x5db2</load_address>
         <run_address>0x5db2</run_address>
         <size>0xf5</size>
         <input_file_ref idref="fl-4"/>
      </object_component>
      <object_component id="oc-b7">
         <name>.debug_info</name>
         <load_address>0x5ea7</load_address>
         <run_address>0x5ea7</run_address>
         <size>0x267</size>
         <input_file_ref idref="fl-4"/>
      </object_component>
      <object_component id="oc-254">
         <name>.debug_info</name>
         <load_address>0x610e</load_address>
         <run_address>0x610e</run_address>
         <size>0x52a</size>
         <input_file_ref idref="fl-5"/>
      </object_component>
      <object_component id="oc-1ac">
         <name>.debug_info</name>
         <load_address>0x6638</load_address>
         <run_address>0x6638</run_address>
         <size>0x379</size>
         <input_file_ref idref="fl-5"/>
      </object_component>
      <object_component id="oc-24a">
         <name>.debug_info</name>
         <load_address>0x69b1</load_address>
         <run_address>0x69b1</run_address>
         <size>0x340</size>
         <input_file_ref idref="fl-6"/>
      </object_component>
      <object_component id="oc-229">
         <name>.debug_info</name>
         <load_address>0x6cf1</load_address>
         <run_address>0x6cf1</run_address>
         <size>0xe0</size>
         <input_file_ref idref="fl-6"/>
      </object_component>
      <object_component id="oc-199">
         <name>.debug_info</name>
         <load_address>0x6dd1</load_address>
         <run_address>0x6dd1</run_address>
         <size>0x314e</size>
         <input_file_ref idref="fl-6"/>
      </object_component>
      <object_component id="oc-24b">
         <name>.debug_info</name>
         <load_address>0x9f1f</load_address>
         <run_address>0x9f1f</run_address>
         <size>0x3c2</size>
         <input_file_ref idref="fl-6"/>
      </object_component>
      <object_component id="oc-1b5">
         <name>.debug_info</name>
         <load_address>0xa2e1</load_address>
         <run_address>0xa2e1</run_address>
         <size>0x7be</size>
         <input_file_ref idref="fl-7"/>
      </object_component>
      <object_component id="oc-1b2">
         <name>.debug_info</name>
         <load_address>0xaa9f</load_address>
         <run_address>0xaa9f</run_address>
         <size>0xec</size>
         <input_file_ref idref="fl-7"/>
      </object_component>
      <object_component id="oc-f1">
         <name>.debug_info</name>
         <load_address>0xab8b</load_address>
         <run_address>0xab8b</run_address>
         <size>0x510</size>
         <input_file_ref idref="fl-7"/>
      </object_component>
      <object_component id="oc-1d6">
         <name>.debug_info</name>
         <load_address>0xb09b</load_address>
         <run_address>0xb09b</run_address>
         <size>0x4e</size>
         <input_file_ref idref="fl-7"/>
      </object_component>
      <object_component id="oc-103">
         <name>.debug_info</name>
         <load_address>0xb0e9</load_address>
         <run_address>0xb0e9</run_address>
         <size>0xf6</size>
         <input_file_ref idref="fl-8"/>
      </object_component>
      <object_component id="oc-df">
         <name>.debug_info</name>
         <load_address>0xb1df</load_address>
         <run_address>0xb1df</run_address>
         <size>0x486</size>
         <input_file_ref idref="fl-8"/>
      </object_component>
      <object_component id="oc-16b">
         <name>.debug_info</name>
         <load_address>0xb665</load_address>
         <run_address>0xb665</run_address>
         <size>0x7fc</size>
         <input_file_ref idref="fl-9"/>
      </object_component>
      <object_component id="oc-162">
         <name>.debug_info</name>
         <load_address>0xbe61</load_address>
         <run_address>0xbe61</run_address>
         <size>0xe4</size>
         <input_file_ref idref="fl-9"/>
      </object_component>
      <object_component id="oc-15f">
         <name>.debug_info</name>
         <load_address>0xbf45</load_address>
         <run_address>0xbf45</run_address>
         <size>0xe6</size>
         <input_file_ref idref="fl-9"/>
      </object_component>
      <object_component id="oc-15c">
         <name>.debug_info</name>
         <load_address>0xc02b</load_address>
         <run_address>0xc02b</run_address>
         <size>0xec</size>
         <input_file_ref idref="fl-9"/>
      </object_component>
      <object_component id="oc-d9">
         <name>.debug_info</name>
         <load_address>0xc117</load_address>
         <run_address>0xc117</run_address>
         <size>0xb1e</size>
         <input_file_ref idref="fl-9"/>
      </object_component>
      <object_component id="oc-89">
         <name>.debug_info</name>
         <load_address>0xcc35</load_address>
         <run_address>0xcc35</run_address>
         <size>0x2c</size>
         <input_file_ref idref="fl-9"/>
      </object_component>
      <object_component id="oc-142">
         <name>.debug_info</name>
         <load_address>0xcc61</load_address>
         <run_address>0xcc61</run_address>
         <size>0x6b0</size>
         <input_file_ref idref="fl-a"/>
      </object_component>
      <object_component id="oc-d5">
         <name>.debug_info</name>
         <load_address>0xd311</load_address>
         <run_address>0xd311</run_address>
         <size>0x3d8</size>
         <input_file_ref idref="fl-a"/>
      </object_component>
      <object_component id="oc-f8">
         <name>.debug_info</name>
         <load_address>0xd6e9</load_address>
         <run_address>0xd6e9</run_address>
         <size>0x71f</size>
         <input_file_ref idref="fl-b"/>
      </object_component>
      <object_component id="oc-1c6">
         <name>.debug_info</name>
         <load_address>0xde08</load_address>
         <run_address>0xde08</run_address>
         <size>0x6c2</size>
         <input_file_ref idref="fl-c"/>
      </object_component>
      <object_component id="oc-1c3">
         <name>.debug_info</name>
         <load_address>0xe4ca</load_address>
         <run_address>0xe4ca</run_address>
         <size>0xdb</size>
         <input_file_ref idref="fl-c"/>
      </object_component>
      <object_component id="oc-1c0">
         <name>.debug_info</name>
         <load_address>0xe5a5</load_address>
         <run_address>0xe5a5</run_address>
         <size>0xdc</size>
         <input_file_ref idref="fl-c"/>
      </object_component>
      <object_component id="oc-fd">
         <name>.debug_info</name>
         <load_address>0xe681</load_address>
         <run_address>0xe681</run_address>
         <size>0x1499</size>
         <input_file_ref idref="fl-c"/>
      </object_component>
      <object_component id="oc-ec">
         <name>.debug_info</name>
         <load_address>0xfb1a</load_address>
         <run_address>0xfb1a</run_address>
         <size>0x146</size>
         <input_file_ref idref="fl-e"/>
      </object_component>
      <object_component id="oc-227">
         <name>.debug_info</name>
         <load_address>0xfc60</load_address>
         <run_address>0xfc60</run_address>
         <size>0x591</size>
         <input_file_ref idref="fl-f"/>
      </object_component>
      <object_component id="oc-192">
         <name>.debug_info</name>
         <load_address>0x101f1</load_address>
         <run_address>0x101f1</run_address>
         <size>0xf8</size>
         <input_file_ref idref="fl-f"/>
      </object_component>
      <object_component id="oc-e6">
         <name>.debug_info</name>
         <load_address>0x102e9</load_address>
         <run_address>0x102e9</run_address>
         <size>0x25c</size>
         <input_file_ref idref="fl-f"/>
      </object_component>
      <object_component id="oc-209">
         <name>.debug_info</name>
         <load_address>0x10545</load_address>
         <run_address>0x10545</run_address>
         <size>0x5ef</size>
         <input_file_ref idref="fl-15"/>
      </object_component>
      <object_component id="oc-215">
         <name>.debug_info</name>
         <load_address>0x10b34</load_address>
         <run_address>0x10b34</run_address>
         <size>0x21a</size>
         <input_file_ref idref="fl-15"/>
      </object_component>
      <object_component id="oc-179">
         <name>.debug_info</name>
         <load_address>0x10d4e</load_address>
         <run_address>0x10d4e</run_address>
         <size>0x11c</size>
         <input_file_ref idref="fl-15"/>
      </object_component>
      <object_component id="oc-2c5">
         <name>.debug_info</name>
         <load_address>0x10e6a</load_address>
         <run_address>0x10e6a</run_address>
         <size>0xfc</size>
         <input_file_ref idref="fl-15"/>
      </object_component>
      <object_component id="oc-20e">
         <name>.debug_info</name>
         <load_address>0x10f66</load_address>
         <run_address>0x10f66</run_address>
         <size>0x23c</size>
         <input_file_ref idref="fl-15"/>
      </object_component>
      <object_component id="oc-173">
         <name>.debug_info</name>
         <load_address>0x111a2</load_address>
         <run_address>0x111a2</run_address>
         <size>0x122</size>
         <input_file_ref idref="fl-15"/>
      </object_component>
      <object_component id="oc-16d">
         <name>.debug_info</name>
         <load_address>0x112c4</load_address>
         <run_address>0x112c4</run_address>
         <size>0x1dd</size>
         <input_file_ref idref="fl-15"/>
      </object_component>
      <object_component id="oc-2d3">
         <name>.debug_info</name>
         <load_address>0x114a1</load_address>
         <run_address>0x114a1</run_address>
         <size>0x131</size>
         <input_file_ref idref="fl-15"/>
      </object_component>
      <object_component id="oc-326">
         <name>.debug_info</name>
         <load_address>0x115d2</load_address>
         <run_address>0x115d2</run_address>
         <size>0x129</size>
         <input_file_ref idref="fl-15"/>
      </object_component>
      <object_component id="oc-2d9">
         <name>.debug_info</name>
         <load_address>0x116fb</load_address>
         <run_address>0x116fb</run_address>
         <size>0x1dd</size>
         <input_file_ref idref="fl-15"/>
      </object_component>
      <object_component id="oc-2df">
         <name>.debug_info</name>
         <load_address>0x118d8</load_address>
         <run_address>0x118d8</run_address>
         <size>0x120</size>
         <input_file_ref idref="fl-15"/>
      </object_component>
      <object_component id="oc-21c">
         <name>.debug_info</name>
         <load_address>0x119f8</load_address>
         <run_address>0x119f8</run_address>
         <size>0x1d8</size>
         <input_file_ref idref="fl-15"/>
      </object_component>
      <object_component id="oc-185">
         <name>.debug_info</name>
         <load_address>0x11bd0</load_address>
         <run_address>0x11bd0</run_address>
         <size>0x132</size>
         <input_file_ref idref="fl-15"/>
      </object_component>
      <object_component id="oc-17f">
         <name>.debug_info</name>
         <load_address>0x11d02</load_address>
         <run_address>0x11d02</run_address>
         <size>0x130</size>
         <input_file_ref idref="fl-15"/>
      </object_component>
      <object_component id="oc-2a1">
         <name>.debug_info</name>
         <load_address>0x11e32</load_address>
         <run_address>0x11e32</run_address>
         <size>0x103e</size>
         <input_file_ref idref="fl-15"/>
      </object_component>
      <object_component id="oc-25d">
         <name>.debug_info</name>
         <load_address>0x12e70</load_address>
         <run_address>0x12e70</run_address>
         <size>0x432</size>
         <input_file_ref idref="fl-16"/>
      </object_component>
      <object_component id="oc-25a">
         <name>.debug_info</name>
         <load_address>0x132a2</load_address>
         <run_address>0x132a2</run_address>
         <size>0x173</size>
         <input_file_ref idref="fl-16"/>
      </object_component>
      <object_component id="oc-29c">
         <name>.debug_info</name>
         <load_address>0x13415</load_address>
         <run_address>0x13415</run_address>
         <size>0xd2</size>
         <input_file_ref idref="fl-16"/>
      </object_component>
      <object_component id="oc-1ea">
         <name>.debug_info</name>
         <load_address>0x134e7</load_address>
         <run_address>0x134e7</run_address>
         <size>0x1b7</size>
         <input_file_ref idref="fl-16"/>
      </object_component>
      <object_component id="oc-1ba">
         <name>.debug_info</name>
         <load_address>0x1369e</load_address>
         <run_address>0x1369e</run_address>
         <size>0x16b</size>
         <input_file_ref idref="fl-16"/>
      </object_component>
      <object_component id="oc-321">
         <name>.debug_info</name>
         <load_address>0x13809</load_address>
         <run_address>0x13809</run_address>
         <size>0x379</size>
         <input_file_ref idref="fl-17"/>
      </object_component>
      <object_component id="oc-32f">
         <name>.debug_info</name>
         <load_address>0x13b82</load_address>
         <run_address>0x13b82</run_address>
         <size>0x1d6</size>
         <input_file_ref idref="fl-17"/>
      </object_component>
      <object_component id="oc-2bc">
         <name>.debug_info</name>
         <load_address>0x13d58</load_address>
         <run_address>0x13d58</run_address>
         <size>0x10f</size>
         <input_file_ref idref="fl-17"/>
      </object_component>
      <object_component id="oc-2cd">
         <name>.debug_info</name>
         <load_address>0x13e67</load_address>
         <run_address>0x13e67</run_address>
         <size>0x12b</size>
         <input_file_ref idref="fl-17"/>
      </object_component>
      <object_component id="oc-2c1">
         <name>.debug_info</name>
         <load_address>0x13f92</load_address>
         <run_address>0x13f92</run_address>
         <size>0x12d</size>
         <input_file_ref idref="fl-17"/>
      </object_component>
      <object_component id="oc-224">
         <name>.debug_info</name>
         <load_address>0x140bf</load_address>
         <run_address>0x140bf</run_address>
         <size>0x486</size>
         <input_file_ref idref="fl-18"/>
      </object_component>
      <object_component id="oc-18d">
         <name>.debug_info</name>
         <load_address>0x14545</load_address>
         <run_address>0x14545</run_address>
         <size>0x1b7</size>
         <input_file_ref idref="fl-18"/>
      </object_component>
      <object_component id="oc-1ef">
         <name>.debug_info</name>
         <load_address>0x146fc</load_address>
         <run_address>0x146fc</run_address>
         <size>0x498</size>
         <input_file_ref idref="fl-19"/>
      </object_component>
      <object_component id="oc-147">
         <name>.debug_info</name>
         <load_address>0x14b94</load_address>
         <run_address>0x14b94</run_address>
         <size>0x1ec</size>
         <input_file_ref idref="fl-19"/>
      </object_component>
      <object_component id="oc-1f8">
         <name>.debug_info</name>
         <load_address>0x14d80</load_address>
         <run_address>0x14d80</run_address>
         <size>0x2ae</size>
         <input_file_ref idref="fl-d0"/>
      </object_component>
      <object_component id="oc-159">
         <name>.debug_info</name>
         <load_address>0x1502e</load_address>
         <run_address>0x1502e</run_address>
         <size>0x171</size>
         <input_file_ref idref="fl-d0"/>
      </object_component>
      <object_component id="oc-23">
         <name>.debug_info</name>
         <load_address>0x1519f</load_address>
         <run_address>0x1519f</run_address>
         <size>0x160</size>
         <input_file_ref idref="fl-d1"/>
      </object_component>
      <object_component id="oc-7f">
         <name>.debug_info</name>
         <load_address>0x152ff</load_address>
         <run_address>0x152ff</run_address>
         <size>0x293</size>
         <input_file_ref idref="fl-d2"/>
      </object_component>
      <object_component id="oc-11">
         <name>.debug_info</name>
         <load_address>0x15592</load_address>
         <run_address>0x15592</run_address>
         <size>0x245</size>
         <input_file_ref idref="fl-d2"/>
      </object_component>
      <object_component id="oc-2d">
         <name>.debug_info</name>
         <load_address>0x157d7</load_address>
         <run_address>0x157d7</run_address>
         <size>0x60</size>
         <input_file_ref idref="fl-d2"/>
      </object_component>
      <object_component id="oc-7a">
         <name>.debug_info</name>
         <load_address>0x15837</load_address>
         <run_address>0x15837</run_address>
         <size>0x46</size>
         <input_file_ref idref="fl-d2"/>
      </object_component>
      <object_component id="oc-42">
         <name>.debug_info</name>
         <load_address>0x1587d</load_address>
         <run_address>0x1587d</run_address>
         <size>0x2da</size>
         <input_file_ref idref="fl-d3"/>
      </object_component>
      <object_component id="oc-19">
         <name>.debug_info</name>
         <load_address>0x15b57</load_address>
         <run_address>0x15b57</run_address>
         <size>0x1df</size>
         <input_file_ref idref="fl-d3"/>
      </object_component>
      <object_component id="oc-3d">
         <name>.debug_info</name>
         <load_address>0x15d36</load_address>
         <run_address>0x15d36</run_address>
         <size>0x46</size>
         <input_file_ref idref="fl-d3"/>
      </object_component>
      <object_component id="oc-81">
         <name>.debug_info</name>
         <load_address>0x15d7c</load_address>
         <run_address>0x15d7c</run_address>
         <size>0x2c</size>
         <input_file_ref idref="fl-d3"/>
      </object_component>
      <object_component id="oc-4e">
         <name>.debug_info</name>
         <load_address>0x15da8</load_address>
         <run_address>0x15da8</run_address>
         <size>0x2c9</size>
         <input_file_ref idref="fl-d4"/>
      </object_component>
      <object_component id="oc-1e">
         <name>.debug_info</name>
         <load_address>0x16071</load_address>
         <run_address>0x16071</run_address>
         <size>0x1aa</size>
         <input_file_ref idref="fl-d4"/>
      </object_component>
      <object_component id="oc-49">
         <name>.debug_info</name>
         <load_address>0x1621b</load_address>
         <run_address>0x1621b</run_address>
         <size>0x46</size>
         <input_file_ref idref="fl-d4"/>
      </object_component>
      <object_component id="oc-2ac">
         <name>.debug_info</name>
         <load_address>0x16261</load_address>
         <run_address>0x16261</run_address>
         <size>0xee</size>
         <input_file_ref idref="fl-d5"/>
      </object_component>
      <object_component id="oc-1f5">
         <name>.debug_info</name>
         <load_address>0x1634f</load_address>
         <run_address>0x1634f</run_address>
         <size>0xfa</size>
         <input_file_ref idref="fl-d5"/>
      </object_component>
      <object_component id="oc-af">
         <name>.debug_info</name>
         <load_address>0x16449</load_address>
         <run_address>0x16449</run_address>
         <size>0x3ce</size>
         <input_file_ref idref="fl-d6"/>
      </object_component>
      <object_component id="oc-a9">
         <name>.debug_info</name>
         <load_address>0x16817</load_address>
         <run_address>0x16817</run_address>
         <size>0x185</size>
         <input_file_ref idref="fl-d6"/>
      </object_component>
      <object_component id="oc-6b">
         <name>.debug_info</name>
         <load_address>0x1699c</load_address>
         <run_address>0x1699c</run_address>
         <size>0x214</size>
         <input_file_ref idref="fl-d6"/>
      </object_component>
      <object_component id="oc-1a4">
         <name>.debug_info</name>
         <load_address>0x16bb0</load_address>
         <run_address>0x16bb0</run_address>
         <size>0x144</size>
         <input_file_ref idref="fl-d7"/>
      </object_component>
      <object_component id="oc-241">
         <name>.debug_info</name>
         <load_address>0x16cf4</load_address>
         <run_address>0x16cf4</run_address>
         <size>0x120</size>
         <input_file_ref idref="fl-d8"/>
      </object_component>
      <object_component id="oc-246">
         <name>.debug_info</name>
         <load_address>0x16e14</load_address>
         <run_address>0x16e14</run_address>
         <size>0x122</size>
         <input_file_ref idref="fl-d8"/>
      </object_component>
      <object_component id="oc-231">
         <name>.debug_info</name>
         <load_address>0x16f36</load_address>
         <run_address>0x16f36</run_address>
         <size>0x132</size>
         <input_file_ref idref="fl-d9"/>
      </object_component>
      <object_component id="oc-19d">
         <name>.debug_info</name>
         <load_address>0x17068</load_address>
         <run_address>0x17068</run_address>
         <size>0x132</size>
         <input_file_ref idref="fl-da"/>
      </object_component>
      <object_component id="oc-23d">
         <name>.debug_info</name>
         <load_address>0x1719a</load_address>
         <run_address>0x1719a</run_address>
         <size>0x126</size>
         <input_file_ref idref="fl-db"/>
      </object_component>
      <object_component id="oc-1a8">
         <name>.debug_info</name>
         <load_address>0x172c0</load_address>
         <run_address>0x172c0</run_address>
         <size>0x136</size>
         <input_file_ref idref="fl-dc"/>
      </object_component>
      <object_component id="oc-137">
         <name>.debug_info</name>
         <load_address>0x173f6</load_address>
         <run_address>0x173f6</run_address>
         <size>0x124</size>
         <input_file_ref idref="fl-dd"/>
      </object_component>
      <object_component id="oc-236">
         <name>.debug_info</name>
         <load_address>0x1751a</load_address>
         <run_address>0x1751a</run_address>
         <size>0x124</size>
         <input_file_ref idref="fl-de"/>
      </object_component>
      <object_component id="oc-38">
         <name>.debug_info</name>
         <load_address>0x1763e</load_address>
         <run_address>0x1763e</run_address>
         <size>0x111</size>
         <input_file_ref idref="fl-df"/>
      </object_component>
      <object_component id="oc-45">
         <name>.debug_info</name>
         <load_address>0x1774f</load_address>
         <run_address>0x1774f</run_address>
         <size>0x13f</size>
         <input_file_ref idref="fl-e0"/>
      </object_component>
      <object_component id="oc-50">
         <name>.debug_info</name>
         <load_address>0x1788e</load_address>
         <run_address>0x1788e</run_address>
         <size>0x138</size>
         <input_file_ref idref="fl-e1"/>
      </object_component>
      <object_component id="oc-59">
         <name>.debug_info</name>
         <load_address>0x179c6</load_address>
         <run_address>0x179c6</run_address>
         <size>0x148</size>
         <input_file_ref idref="fl-e2"/>
      </object_component>
      <object_component id="oc-1d5">
         <name>.debug_info</name>
         <load_address>0x17b0e</load_address>
         <run_address>0x17b0e</run_address>
         <size>0x355</size>
         <input_file_ref idref="fl-e3"/>
      </object_component>
      <object_component id="oc-134">
         <name>.debug_info</name>
         <load_address>0x17e63</load_address>
         <run_address>0x17e63</run_address>
         <size>0x2e4</size>
         <input_file_ref idref="fl-e3"/>
      </object_component>
      <object_component id="oc-293">
         <name>.debug_info</name>
         <load_address>0x18147</load_address>
         <run_address>0x18147</run_address>
         <size>0x2c</size>
         <input_file_ref idref="fl-e3"/>
      </object_component>
      <object_component id="oc-6e">
         <name>.debug_info</name>
         <load_address>0x18173</load_address>
         <run_address>0x18173</run_address>
         <size>0x109</size>
         <input_file_ref idref="fl-e4"/>
      </object_component>
      <object_component id="oc-1f1">
         <name>.debug_info</name>
         <load_address>0x1827c</load_address>
         <run_address>0x1827c</run_address>
         <size>0x28a</size>
         <input_file_ref idref="fl-e5"/>
      </object_component>
      <object_component id="oc-14a">
         <name>.debug_info</name>
         <load_address>0x18506</load_address>
         <run_address>0x18506</run_address>
         <size>0x231</size>
         <input_file_ref idref="fl-e5"/>
      </object_component>
      <object_component id="oc-200">
         <name>.debug_info</name>
         <load_address>0x18737</load_address>
         <run_address>0x18737</run_address>
         <size>0x284</size>
         <input_file_ref idref="fl-e6"/>
      </object_component>
      <object_component id="oc-166">
         <name>.debug_info</name>
         <load_address>0x189bb</load_address>
         <run_address>0x189bb</run_address>
         <size>0x22a</size>
         <input_file_ref idref="fl-e6"/>
      </object_component>
      <object_component id="oc-1f3">
         <name>.debug_info</name>
         <load_address>0x18be5</load_address>
         <run_address>0x18be5</run_address>
         <size>0x28a</size>
         <input_file_ref idref="fl-e7"/>
      </object_component>
      <object_component id="oc-150">
         <name>.debug_info</name>
         <load_address>0x18e6f</load_address>
         <run_address>0x18e6f</run_address>
         <size>0x1c6</size>
         <input_file_ref idref="fl-e7"/>
      </object_component>
      <object_component id="oc-22c">
         <name>.debug_info</name>
         <load_address>0x19035</load_address>
         <run_address>0x19035</run_address>
         <size>0x126</size>
         <input_file_ref idref="fl-e8"/>
      </object_component>
      <object_component id="oc-117">
         <name>.debug_info</name>
         <load_address>0x1915b</load_address>
         <run_address>0x1915b</run_address>
         <size>0x2be</size>
         <input_file_ref idref="fl-e9"/>
      </object_component>
      <object_component id="oc-ac">
         <name>.debug_info</name>
         <load_address>0x19419</load_address>
         <run_address>0x19419</run_address>
         <size>0x113</size>
         <input_file_ref idref="fl-e9"/>
      </object_component>
      <object_component id="oc-113">
         <name>.debug_info</name>
         <load_address>0x1952c</load_address>
         <run_address>0x1952c</run_address>
         <size>0x21f</size>
         <input_file_ref idref="fl-e9"/>
      </object_component>
      <object_component id="oc-288">
         <name>.debug_info</name>
         <load_address>0x1974b</load_address>
         <run_address>0x1974b</run_address>
         <size>0x51f</size>
         <input_file_ref idref="fl-ea"/>
      </object_component>
      <object_component id="oc-1cf">
         <name>.debug_info</name>
         <load_address>0x19c6a</load_address>
         <run_address>0x19c6a</run_address>
         <size>0x1543</size>
         <input_file_ref idref="fl-ea"/>
      </object_component>
      <object_component id="oc-289">
         <name>.debug_info</name>
         <load_address>0x1b1ad</load_address>
         <run_address>0x1b1ad</run_address>
         <size>0x86</size>
         <input_file_ref idref="fl-ea"/>
      </object_component>
      <object_component id="oc-314">
         <name>.debug_info</name>
         <load_address>0x1b233</load_address>
         <run_address>0x1b233</run_address>
         <size>0x46</size>
         <input_file_ref idref="fl-ea"/>
      </object_component>
      <object_component id="oc-28e">
         <name>.debug_info</name>
         <load_address>0x1b279</load_address>
         <run_address>0x1b279</run_address>
         <size>0x39</size>
         <input_file_ref idref="fl-ea"/>
      </object_component>
      <object_component id="oc-a7">
         <name>.debug_info</name>
         <load_address>0x1b2b2</load_address>
         <run_address>0x1b2b2</run_address>
         <size>0x300</size>
         <input_file_ref idref="fl-eb"/>
      </object_component>
      <object_component id="oc-64">
         <name>.debug_info</name>
         <load_address>0x1b5b2</load_address>
         <run_address>0x1b5b2</run_address>
         <size>0x167</size>
         <input_file_ref idref="fl-eb"/>
      </object_component>
      <object_component id="oc-108">
         <name>.debug_info</name>
         <load_address>0x1b719</load_address>
         <run_address>0x1b719</run_address>
         <size>0x5e</size>
         <input_file_ref idref="fl-eb"/>
      </object_component>
      <object_component id="oc-9f">
         <name>.debug_info</name>
         <load_address>0x1b777</load_address>
         <run_address>0x1b777</run_address>
         <size>0x483</size>
         <input_file_ref idref="fl-ec"/>
      </object_component>
      <object_component id="oc-5e">
         <name>.debug_info</name>
         <load_address>0x1bbfa</load_address>
         <run_address>0x1bbfa</run_address>
         <size>0x190</size>
         <input_file_ref idref="fl-ec"/>
      </object_component>
      <object_component id="oc-c8">
         <name>.debug_info</name>
         <load_address>0x1bd8a</load_address>
         <run_address>0x1bd8a</run_address>
         <size>0x39</size>
         <input_file_ref idref="fl-ec"/>
      </object_component>
      <object_component id="oc-12b">
         <name>.debug_info</name>
         <load_address>0x1bdc3</load_address>
         <run_address>0x1bdc3</run_address>
         <size>0x39</size>
         <input_file_ref idref="fl-ec"/>
      </object_component>
      <object_component id="oc-cd">
         <name>.debug_info</name>
         <load_address>0x1bdfc</load_address>
         <run_address>0x1bdfc</run_address>
         <size>0xcd</size>
         <input_file_ref idref="fl-ec"/>
      </object_component>
      <object_component id="oc-c4">
         <name>.debug_info</name>
         <load_address>0x1bec9</load_address>
         <run_address>0x1bec9</run_address>
         <size>0x37a</size>
         <input_file_ref idref="fl-ed"/>
      </object_component>
      <object_component id="oc-94">
         <name>.debug_info</name>
         <load_address>0x1c243</load_address>
         <run_address>0x1c243</run_address>
         <size>0x183</size>
         <input_file_ref idref="fl-ed"/>
      </object_component>
      <object_component id="oc-126">
         <name>.debug_info</name>
         <load_address>0x1c3c6</load_address>
         <run_address>0x1c3c6</run_address>
         <size>0x2c</size>
         <input_file_ref idref="fl-ed"/>
      </object_component>
      <object_component id="oc-2fb">
         <name>.debug_info</name>
         <load_address>0x1c3f2</load_address>
         <run_address>0x1c3f2</run_address>
         <size>0x2e6</size>
         <input_file_ref idref="fl-ee"/>
      </object_component>
      <object_component id="oc-26b">
         <name>.debug_info</name>
         <load_address>0x1c6d8</load_address>
         <run_address>0x1c6d8</run_address>
         <size>0x1c2</size>
         <input_file_ref idref="fl-ee"/>
      </object_component>
      <object_component id="oc-311">
         <name>.debug_info</name>
         <load_address>0x1c89a</load_address>
         <run_address>0x1c89a</run_address>
         <size>0x28b</size>
         <input_file_ref idref="fl-ef"/>
      </object_component>
      <object_component id="oc-285">
         <name>.debug_info</name>
         <load_address>0x1cb25</load_address>
         <run_address>0x1cb25</run_address>
         <size>0x1ab</size>
         <input_file_ref idref="fl-ef"/>
      </object_component>
      <object_component id="oc-2fd">
         <name>.debug_info</name>
         <load_address>0x1ccd0</load_address>
         <run_address>0x1ccd0</run_address>
         <size>0x2d9</size>
         <input_file_ref idref="fl-f0"/>
      </object_component>
      <object_component id="oc-272">
         <name>.debug_info</name>
         <load_address>0x1cfa9</load_address>
         <run_address>0x1cfa9</run_address>
         <size>0x18a</size>
         <input_file_ref idref="fl-f0"/>
      </object_component>
      <object_component id="oc-2fe">
         <name>.debug_info</name>
         <load_address>0x1d133</load_address>
         <run_address>0x1d133</run_address>
         <size>0x2c</size>
         <input_file_ref idref="fl-f0"/>
      </object_component>
      <object_component id="oc-30d">
         <name>.debug_info</name>
         <load_address>0x1d15f</load_address>
         <run_address>0x1d15f</run_address>
         <size>0x316</size>
         <input_file_ref idref="fl-f1"/>
      </object_component>
      <object_component id="oc-278">
         <name>.debug_info</name>
         <load_address>0x1d475</load_address>
         <run_address>0x1d475</run_address>
         <size>0x1d5</size>
         <input_file_ref idref="fl-f1"/>
      </object_component>
      <object_component id="oc-99">
         <name>.debug_info</name>
         <load_address>0x1d64a</load_address>
         <run_address>0x1d64a</run_address>
         <size>0x145</size>
         <input_file_ref idref="fl-f2"/>
      </object_component>
      <object_component id="oc-30f">
         <name>.debug_info</name>
         <load_address>0x1d78f</load_address>
         <run_address>0x1d78f</run_address>
         <size>0x28f</size>
         <input_file_ref idref="fl-f3"/>
      </object_component>
      <object_component id="oc-27c">
         <name>.debug_info</name>
         <load_address>0x1da1e</load_address>
         <run_address>0x1da1e</run_address>
         <size>0x244</size>
         <input_file_ref idref="fl-f3"/>
      </object_component>
      <object_component id="oc-265">
         <name>.debug_info</name>
         <load_address>0x1dc62</load_address>
         <run_address>0x1dc62</run_address>
         <size>0x17d</size>
         <input_file_ref idref="fl-f4"/>
      </object_component>
      <object_component id="oc-30a">
         <name>.debug_info</name>
         <load_address>0x1dddf</load_address>
         <run_address>0x1dddf</run_address>
         <size>0xf3</size>
         <input_file_ref idref="fl-f5"/>
      </object_component>
      <object_component id="oc-304">
         <name>.debug_info</name>
         <load_address>0x1ded2</load_address>
         <run_address>0x1ded2</run_address>
         <size>0x156</size>
         <input_file_ref idref="fl-f6"/>
      </object_component>
      <object_component id="oc-36a">
         <name>.debug_info</name>
         <load_address>0x1e028</load_address>
         <run_address>0x1e028</run_address>
         <size>0xab</size>
      </object_component>
      <object_component id="oc-31a">
         <name>.debug_line</name>
         <load_address>0x0</load_address>
         <run_address>0x0</run_address>
         <size>0xf4</size>
         <input_file_ref idref="fl-2"/>
      </object_component>
      <object_component id="oc-a4">
         <name>.debug_line</name>
         <load_address>0xf4</load_address>
         <run_address>0xf4</run_address>
         <size>0x92</size>
         <input_file_ref idref="fl-2"/>
      </object_component>
      <object_component id="oc-1e6">
         <name>.debug_line</name>
         <load_address>0x186</load_address>
         <run_address>0x186</run_address>
         <size>0x55</size>
         <input_file_ref idref="fl-2"/>
      </object_component>
      <object_component id="oc-1e1">
         <name>.debug_line</name>
         <load_address>0x1db</load_address>
         <run_address>0x1db</run_address>
         <size>0x52</size>
         <input_file_ref idref="fl-2"/>
      </object_component>
      <object_component id="oc-2b6">
         <name>.debug_line</name>
         <load_address>0x22d</load_address>
         <run_address>0x22d</run_address>
         <size>0x6b</size>
         <input_file_ref idref="fl-2"/>
      </object_component>
      <object_component id="oc-140">
         <name>.debug_line</name>
         <load_address>0x298</load_address>
         <run_address>0x298</run_address>
         <size>0x6a</size>
         <input_file_ref idref="fl-2"/>
      </object_component>
      <object_component id="oc-c1">
         <name>.debug_line</name>
         <load_address>0x302</load_address>
         <run_address>0x302</run_address>
         <size>0x20</size>
         <input_file_ref idref="fl-2"/>
      </object_component>
      <object_component id="oc-122">
         <name>.debug_line</name>
         <load_address>0x322</load_address>
         <run_address>0x322</run_address>
         <size>0x65</size>
         <input_file_ref idref="fl-2"/>
      </object_component>
      <object_component id="oc-206">
         <name>.debug_line</name>
         <load_address>0x387</load_address>
         <run_address>0x387</run_address>
         <size>0x69</size>
         <input_file_ref idref="fl-2"/>
      </object_component>
      <object_component id="oc-bb">
         <name>.debug_line</name>
[...]
      </symbol>
      <symbol id="sm-276">
         <name>EUSCIA2_ISR</name>
         <value>0x2de5</value>
         <object_component_ref idref="oc-d8"/>
      </symbol>
      <symbol id="sm-277">
         <name>ESP8266_SendSensorData</name>
         <value>0x303d</value>
         <object_component_ref idref="oc-d8"/>
      </symbol>
      <symbol id="sm-295">
         <name>DisplayData</name>
         <value>0x38e5</value>
         <object_component_ref idref="oc-d2"/>
      </symbol>
      <symbol id="sm-2bf">
         <name>deassert_LCD_DC</name>
         <value>0x36fd</value>
         <object_component_ref idref="oc-f6"/>
      </symbol>
      <symbol id="sm-2c0">
         <name>assert_LEDB</name>
         <value>0x36d9</value>
         <object_component_ref idref="oc-f6"/>
      </symbol>
      <symbol id="sm-2c1">
         <name>assert_LEDG</name>
         <value>0x36c1</value>
         <object_component_ref idref="oc-f6"/>
      </symbol>
      <symbol id="sm-2c2">
         <name>assert_LEDR</name>
         <value>0x36a9</value>
         <object_component_ref idref="oc-f6"/>
      </symbol>
      <symbol id="sm-2c3">
         <name>INIT_SPI</name>
         <value>0x387f</value>
         <object_component_ref idref="oc-f6"/>
      </symbol>
      <symbol id="sm-2c4">
         <name>deassert_LEDB</name>
         <value>0x36e5</value>
         <object_component_ref idref="oc-f6"/>
      </symbol>
      <symbol id="sm-2c5">
         <name>deassert_LEDG</name>
         <value>0x36cd</value>
         <object_component_ref idref="oc-f6"/>
      </symbol>
      <symbol id="sm-2c6">
         <name>deassert_LEDR</name>
         <value>0x36b5</value>
         <object_component_ref idref="oc-f6"/>
      </symbol>
      <symbol id="sm-2c7">
         <name>assert_LCD_CS</name>
         <value>0x3721</value>
         <object_component_ref idref="oc-f6"/>
      </symbol>
      <symbol id="sm-2c8">
         <name>assert_LCD_RESET</name>
         <value>0x3709</value>
         <object_component_ref idref="oc-f6"/>
      </symbol>
      <symbol id="sm-2c9">
         <name>assert_LCD_DC</name>
         <value>0x36f1</value>
         <object_component_ref idref="oc-f6"/>
      </symbol>
      <symbol id="sm-2ca">
         <name>deassert_LED</name>
         <value>0x369d</value>
         <object_component_ref idref="oc-f6"/>
      </symbol>
      <symbol id="sm-2cb">
         <name>INIT_GPIO</name>
         <value>0x3739</value>
         <object_component_ref idref="oc-f6"/>
      </symbol>
      <symbol id="sm-2cc">
         <name>assert_LED</name>
         <value>0x3691</value>
         <object_component_ref idref="oc-f6"/>
      </symbol>
      <symbol id="sm-2cd">
         <name>HAL_STARTUP</name>
         <value>0x3685</value>
         <object_component_ref idref="oc-f6"/>
      </symbol>
      <symbol id="sm-2ce">
         <name>deassert_LCD_RESET</name>
         <value>0x3715</value>
         <object_component_ref idref="oc-f6"/>
      </symbol>
      <symbol id="sm-2cf">
         <name>deassert_LCD_CS</name>
         <value>0x372d</value>
         <object_component_ref idref="oc-f6"/>
      </symbol>
      <symbol id="sm-34b">
         <name>ILI_Write_String</name>
         <value>0x2bf9</value>
         <object_component_ref idref="oc-fc"/>
      </symbol>
      <symbol id="sm-34c">
         <name>ILI_DrawString</name>
         <value>0x2b5b</value>
         <object_component_ref idref="oc-fc"/>
      </symbol>
      <symbol id="sm-34d">
         <name>ILI_draw_char_S</name>
         <value>0x2895</value>
         <object_component_ref idref="oc-fc"/>
      </symbol>
      <symbol id="sm-34e">
         <name>INIT_LCD</name>
         <value>0x2391</value>
         <object_component_ref idref="oc-fc"/>
      </symbol>
      <symbol id="sm-34f">
         <name>ILI_DrawBitmap</name>
         <value>0x26c9</value>
         <object_component_ref idref="oc-fc"/>
      </symbol>
      <symbol id="sm-350">
         <name>ILI_color_565</name>
         <value>0x2675</value>
         <object_component_ref idref="oc-fc"/>
      </symbol>
      <symbol id="sm-351">
         <name>set_color</name>
         <value>0x2d77</value>
         <object_component_ref idref="oc-fc"/>
      </symbol>
      <symbol id="sm-352">
         <name>ILI_DrawChar</name>
         <value>0x29f7</value>
         <object_component_ref idref="oc-fc"/>
      </symbol>
      <symbol id="sm-353">
         <name>write_init_commands</name>
         <value>0x2c69</value>
         <object_component_ref idref="oc-fc"/>
      </symbol>
      <symbol id="sm-354">
         <name>ILI_draw_fast_V_line</name>
         <value>0x24af</value>
         <object_component_ref idref="oc-fc"/>
      </symbol>
      <symbol id="sm-355">
         <name>ILI_draw_fast_H_line</name>
         <value>0x2529</value>
         <object_component_ref idref="oc-fc"/>
      </symbol>
      <symbol id="sm-356">
         <name>ILI_InvertDisplay</name>
         <value>0x2bdb</value>
         <object_component_ref idref="oc-fc"/>
      </symbol>
      <symbol id="sm-357">
         <name>ILI_fill_screen</name>
         <value>0x25a3</value>
         <object_component_ref idref="oc-fc"/>
      </symbol>
      <symbol id="sm-358">
         <name>set_addr_location</name>
         <value>0x2d01</value>
         <object_component_ref idref="oc-fc"/>
      </symbol>
      <symbol id="sm-359">
         <name>ILI_fill_rectangle</name>
         <value>0x25bf</value>
         <object_component_ref idref="oc-fc"/>
      </symbol>
      <symbol id="sm-35a">
         <name>ILI_draw_pixel</name>
         <value>0x245f</value>
         <object_component_ref idref="oc-fc"/>
      </symbol>
      <symbol id="sm-367">
         <name>RTC_Init</name>
         <value>0x5365</value>
         <object_component_ref idref="oc-ea"/>
      </symbol>
      <symbol id="sm-383">
         <name>uartConfigA0</name>
         <value>0x5bb0</value>
         <object_component_ref idref="oc-191"/>
      </symbol>
      <symbol id="sm-384">
         <name>Termianl_Init</name>
         <value>0x4853</value>
         <object_component_ref idref="oc-e4"/>
      </symbol>
      <symbol id="sm-385">
         <name>EUSCIA0_ISR</name>
         <value>0x480d</value>
         <object_component_ref idref="oc-e4"/>
      </symbol>
      <symbol id="sm-457">
         <name>CS_startLFXT</name>
         <value>0x5527</value>
         <object_component_ref idref="oc-178"/>
      </symbol>
      <symbol id="sm-458">
         <name>CS_getMCLK</name>
         <value>0x53f1</value>
         <object_component_ref idref="oc-17e"/>
      </symbol>
      <symbol id="sm-459">
         <name>CS_clearInterruptFlag</name>
         <value>0x5391</value>
         <object_component_ref idref="oc-2de"/>
      </symbol>
      <symbol id="sm-45a">
         <name>CS_startHFXT</name>
         <value>0x5521</value>
         <object_component_ref idref="oc-172"/>
      </symbol>
      <symbol id="sm-45b">
         <name>CS_getDCOFrequency</name>
         <value>0x445d</value>
         <object_component_ref idref="oc-2d8"/>
      </symbol>
      <symbol id="sm-45c">
         <name>CS_setExternalClockSourceFrequency</name>
         <value>0x5451</value>
         <object_component_ref idref="oc-16c"/>
      </symbol>
      <symbol id="sm-45d">
         <name>CS_getSMCLK</name>
         <value>0x5409</value>
         <object_component_ref idref="oc-184"/>
      </symbol>
      <symbol id="sm-45e">
         <name>CS_startHFXTWithTimeout</name>
         <value>0x48b1</value>
         <object_component_ref idref="oc-20d"/>
      </symbol>
      <symbol id="sm-45f">
         <name>CS_startLFXTWithTimeout</name>
         <value>0x494d</value>
         <object_component_ref idref="oc-214"/>
      </symbol>
      <symbol id="sm-498">
         <name>Interrupt_enableInterrupt</name>
         <value>0x4e61</value>
         <object_component_ref idref="oc-1b8"/>
      </symbol>
      <symbol id="sm-499">
         <name>Interrupt_registerInterrupt</name>
         <value>0x52cd</value>
         <object_component_ref idref="oc-1e8"/>
      </symbol>
      <symbol id="sm-49a">
         <name>g_pfnRAMVectors</name>
         <value>0x20000000</value>
         <object_component_ref idref="oc-29b"/>
      </symbol>
      <symbol id="sm-4cd">
         <name>SysCtl_getNMISourceStatus</name>
         <value>0x5509</value>
         <object_component_ref idref="oc-2b8"/>
      </symbol>
      <symbol id="sm-4ce">
         <name>SysCtl_enableNMISource</name>
         <value>0x54d9</value>
         <object_component_ref idref="oc-2ca"/>
      </symbol>
      <symbol id="sm-4cf">
         <name>SysCtl_disableNMISource</name>
         <value>0x54c9</value>
         <object_component_ref idref="oc-2be"/>
      </symbol>
      <symbol id="sm-4d0">
         <name>SysCtl_getTLVInfo</name>
         <value>0x5085</value>
         <object_component_ref idref="oc-32b"/>
      </symbol>
      <symbol id="sm-4dd">
         <name>Timer32_registerInterrupt</name>
         <value>0x54e9</value>
         <object_component_ref idref="oc-18a"/>
      </symbol>
      <symbol id="sm-4f1">
         <name>UART_registerInterrupt</name>
         <value>0x50d5</value>
         <object_component_ref idref="oc-143"/>
      </symbol>
      <symbol id="sm-508">
         <name>atoi</name>
         <value>0x516d</value>
         <object_component_ref idref="oc-155"/>
      </symbol>
      <symbol id="sm-519">
         <name>_c_int00</name>
         <value>0x4f89</value>
         <object_component_ref idref="oc-22"/>
      </symbol>
      <symbol id="sm-51a">
         <name>__stack</name>
         <value>0x2000fe00</value>
         <object_component_ref idref="oc-2b"/>
      </symbol>
      <symbol id="sm-538">
         <name>__TI_decompress_lzss</name>
         <value>0x4df7</value>
         <object_component_ref idref="oc-10"/>
      </symbol>
      <symbol id="sm-54f">
         <name>__TI_decompress_none</name>
         <value>0x54f9</value>
         <object_component_ref idref="oc-16"/>
      </symbol>
      <symbol id="sm-561">
         <name>__TI_zero_init</name>
         <value>0x5515</value>
         <object_component_ref idref="oc-1c"/>
      </symbol>
      <symbol id="sm-56c">
         <name>_ctypes_</name>
         <value>0x5a2b</value>
         <object_component_ref idref="oc-1f4"/>
      </symbol>
      <symbol id="sm-58d">
         <name>C$$EXIT</name>
         <value>0x4fdd</value>
         <object_component_ref idref="oc-67"/>
      </symbol>
      <symbol id="sm-58e">
         <name>abort</name>
         <value>0x4fe1</value>
         <object_component_ref idref="oc-67"/>
      </symbol>
      <symbol id="sm-58f">
         <name>exit</name>
         <value>0x4fe9</value>
         <object_component_ref idref="oc-67"/>
      </symbol>
      <symbol id="sm-590">
         <name>__TI_dtors_ptr</name>
         <value>0x20000504</value>
         <object_component_ref idref="oc-a8"/>
      </symbol>
      <symbol id="sm-591">
         <name>__TI_cleanup_ptr</name>
         <value>0x20000500</value>
         <object_component_ref idref="oc-a8"/>
      </symbol>
      <symbol id="sm-592">
         <name>__TI_enable_exit_profile_output</name>
         <value>0x20000508</value>
         <object_component_ref idref="oc-a8"/>
      </symbol>
      <symbol id="sm-5a9">
         <name>__aeabi_dsub</name>
         <value>0x3cd5</value>
         <object_component_ref idref="oc-1a1"/>
      </symbol>
      <symbol id="sm-5aa">
         <name>__aeabi_dadd</name>
         <value>0x3cdf</value>
         <object_component_ref idref="oc-1a1"/>
      </symbol>
      <symbol id="sm-5cc">
         <name>__aeabi_cdcmpeq</name>
         <value>0x4b21</value>
         <object_component_ref idref="oc-23f"/>
      </symbol>
      <symbol id="sm-5cd">
         <name>__aeabi_cdcmple</name>
         <value>0x4b21</value>
         <object_component_ref idref="oc-23f"/>
      </symbol>
      <symbol id="sm-5ce">
         <name>__aeabi_cdrcmple</name>
         <value>0x4ba7</value>
         <object_component_ref idref="oc-244"/>
      </symbol>
      <symbol id="sm-5e2">
         <name>__aeabi_ddiv</name>
         <value>0x4325</value>
         <object_component_ref idref="oc-230"/>
      </symbol>
      <symbol id="sm-5ed">
         <name>__aeabi_dmul</name>
         <value>0x4561</value>
         <object_component_ref idref="oc-19c"/>
      </symbol>
      <symbol id="sm-5f7">
         <name>__aeabi_d2iz</name>
         <value>0x524d</value>
         <object_component_ref idref="oc-23a"/>
      </symbol>
      <symbol id="sm-603">
         <name>__aeabi_d2f</name>
         <value>0x4d89</value>
         <object_component_ref idref="oc-1a6"/>
      </symbol>
      <symbol id="sm-60e">
         <name>__aeabi_f2d</name>
         <value>0x5295</value>
         <object_component_ref idref="oc-136"/>
      </symbol>
      <symbol id="sm-618">
         <name>__aeabi_i2d</name>
         <value>0x5335</value>
         <object_component_ref idref="oc-235"/>
      </symbol>
      <symbol id="sm-633">
         <name>memcpy</name>
         <value>0x4a85</value>
         <object_component_ref idref="oc-37"/>
      </symbol>
      <symbol id="sm-634">
         <name>__aeabi_memcpy</name>
         <value>0x4a85</value>
         <object_component_ref idref="oc-37"/>
      </symbol>
      <symbol id="sm-635">
         <name>__aeabi_memcpy8</name>
         <value>0x4a85</value>
         <object_component_ref idref="oc-37"/>
      </symbol>
      <symbol id="sm-636">
         <name>__aeabi_memcpy4</name>
         <value>0x4a85</value>
         <object_component_ref idref="oc-37"/>
      </symbol>
      <symbol id="sm-645">
         <name>__aeabi_memset</name>
         <value>0x4c2f</value>
         <object_component_ref idref="oc-43"/>
      </symbol>
      <symbol id="sm-646">
         <name>memset</name>
         <value>0x4c35</value>
         <object_component_ref idref="oc-43"/>
      </symbol>
      <symbol id="sm-647">
         <name>__aeabi_memset8</name>
         <value>0x4c2f</value>
         <object_component_ref idref="oc-43"/>
      </symbol>
      <symbol id="sm-648">
         <name>__aeabi_memset4</name>
         <value>0x4c2f</value>
         <object_component_ref idref="oc-43"/>
      </symbol>
      <symbol id="sm-649">
         <name>__aeabi_memclr8</name>
         <value>0x4c2d</value>
         <object_component_ref idref="oc-43"/>
      </symbol>
      <symbol id="sm-64a">
         <name>__aeabi_memclr4</name>
         <value>0x4c2d</value>
         <object_component_ref idref="oc-43"/>
      </symbol>
      <symbol id="sm-64b">
         <name>__aeabi_memclr</name>
         <value>0x4c2d</value>
         <object_component_ref idref="oc-43"/>
      </symbol>
      <symbol id="sm-655">
         <name>__mpu_init</name>
         <value>0x127f</value>
         <object_component_ref idref="oc-4f"/>
      </symbol>
      <symbol id="sm-65f">
         <name>_system_pre_init</name>
         <value>0x552d</value>
         <object_component_ref idref="oc-55"/>
      </symbol>
      <symbol id="sm-678">
         <name>sprintf</name>
         <value>0x4f29</value>
         <object_component_ref idref="oc-130"/>
      </symbol>
      <symbol id="sm-680">
         <name>main_func_sp</name>
         <value>0x20000520</value>
         <object_component_ref idref="oc-6d"/>
      </symbol>
      <symbol id="sm-68e">
         <name>strcpy</name>
         <value>0x548d</value>
         <object_component_ref idref="oc-149"/>
      </symbol>
      <symbol id="sm-69c">
         <name>strlen</name>
         <value>0x54a1</value>
         <object_component_ref idref="oc-164"/>
      </symbol>
      <symbol id="sm-6af">
         <name>strstr</name>
         <value>0x5301</value>
         <object_component_ref idref="oc-14f"/>
      </symbol>
      <symbol id="sm-6b9">
         <name>__aeabi_ui2d</name>
         <value>0x53b5</value>
         <object_component_ref idref="oc-22b"/>
      </symbol>
      <symbol id="sm-6d2">
         <name>_nop</name>
         <value>0x5473</value>
         <object_component_ref idref="oc-10f"/>
      </symbol>
      <symbol id="sm-6d3">
         <name>_lock</name>
         <value>0x2000050c</value>
         <object_component_ref idref="oc-ab"/>
      </symbol>
      <symbol id="sm-6d4">
         <name>_unlock</name>
         <value>0x20000510</value>
         <object_component_ref idref="oc-ab"/>
      </symbol>
      <symbol id="sm-6d5">
         <name>_register_lock</name>
         <value>0x546b</value>
         <object_component_ref idref="oc-10f"/>
      </symbol>
      <symbol id="sm-6d6">
         <name>_register_unlock</name>
         <value>0x5465</value>
         <object_component_ref idref="oc-10f"/>
      </symbol>
      <symbol id="sm-7d7">
         <name>__TI_printfi</name>
         <value>0x985</value>
         <object_component_ref idref="oc-1ce"/>
      </symbol>
      <symbol id="sm-7eb">
         <name>_args_main</name>
         <value>0x5421</value>
         <object_component_ref idref="oc-61"/>
      </symbol>
      <symbol id="sm-815">
         <name>__TI_auto_init</name>
         <value>0x4d19</value>
         <object_component_ref idref="oc-5b"/>
      </symbol>
      <symbol id="sm-82f">
         <name>copy_in</name>
         <value>0x51b9</value>
         <object_component_ref idref="oc-92"/>
      </symbol>
      <symbol id="sm-83e">
         <name>ltoa</name>
         <value>0x5031</value>
         <object_component_ref idref="oc-269"/>
      </symbol>
      <symbol id="sm-84e">
         <name>memccpy</name>
         <value>0x53d5</value>
         <object_component_ref idref="oc-281"/>
      </symbol>
      <symbol id="sm-869">
         <name>frexpl</name>
         <value>0x4ec5</value>
         <object_component_ref idref="oc-26f"/>
      </symbol>
      <symbol id="sm-86a">
         <name>frexp</name>
         <value>0x4ec5</value>
         <object_component_ref idref="oc-26f"/>
      </symbol>
      <symbol id="sm-887">
         <name>scalbn</name>
         <value>0x465d</value>
         <object_component_ref idref="oc-275"/>
      </symbol>
      <symbol id="sm-888">
         <name>scalbnl</name>
         <value>0x465d</value>
         <object_component_ref idref="oc-275"/>
      </symbol>
      <symbol id="sm-889">
         <name>ldexpl</name>
         <value>0x465d</value>
         <object_component_ref idref="oc-275"/>
      </symbol>
      <symbol id="sm-88a">
         <name>ldexp</name>
         <value>0x465d</value>
         <object_component_ref idref="oc-275"/>
      </symbol>
      <symbol id="sm-894">
         <name>_system_post_cinit</name>
         <value>0x2d93</value>
         <object_component_ref idref="oc-98"/>
      </symbol>
      <symbol id="sm-8a4">
         <name>strchr</name>
         <value>0x5439</value>
         <object_component_ref idref="oc-27b"/>
      </symbol>
      <symbol id="sm-8c0">
         <name>__aeabi_uldivmod</name>
         <value>0x3ae1</value>
         <object_component_ref idref="oc-264"/>
      </symbol>
      <symbol id="sm-8c8">
         <name>errno</name>
         <value>0x2000051c</value>
         <object_component_ref idref="oc-309"/>
      </symbol>
      <symbol id="sm-8d2">
         <name>copysign</name>
         <value>0x5479</value>
         <object_component_ref idref="oc-303"/>
      </symbol>
      <symbol id="sm-8d3">
         <name>copysignl</name>
         <value>0x5479</value>
         <object_component_ref idref="oc-303"/>
      </symbol>
      <symbol id="sm-8d4">
         <name>__TI_static_base__</name>
         <value>0x0</value>
      </symbol>
      <symbol id="sm-8d7">
         <name>SHT$$INIT_ARRAY$$Limit</name>
         <value>0x0</value>
      </symbol>
      <symbol id="sm-8d8">
         <name>SHT$$INIT_ARRAY$$Base</name>
         <value>0x0</value>
      </symbol>
   </symbol_table>
   <title>Link successful</title>
</link_info>
