******************************************************************************
                  TI ARM Linker PC v16.9.7                     
******************************************************************************
>> Linked Fri Apr 13 14:51:22 2018

OUTPUT FILE NAME:   <WiFi_Interface.out>
ENTRY POINT SYMBOL: "_c_int00"  address: 00004f8d


MEMORY CONFIGURATION

         name            origin    length      used     unused   attr    fill
----------------------  --------  ---------  --------  --------  ----  --------
  MAIN                  00000000   00040000  00005c58  0003a3a8  R  X
  INFO                  00200000   00004000  00000000  00004000  R  X
  SRAM_CODE             01000000   00010000  00000000  00010000  RW X
  SRAM_DATA             20000000   00010000  0000076e  0000f892  RW  


SEGMENT ALLOCATION MAP

run origin  load origin   length   init length attrs members
----------  ----------- ---------- ----------- ----- -------
00000000    00000000    00005c58   00005c58    r-x
  00000000    00000000    00000140   00000140    r-- .intvecs
  00000140    00000140    000053f4   000053f4    r-x .text
  00005534    00005534    000006d4   000006d4    r-- .const
  00005c08    00005c08    00000050   00000050    r-- .cinit
20000000    20000000    00000574   00000000    rw-
  20000000    20000000    000000e4   00000000    rw- .vtable
  200000e8    200000e8    00000442   00000000    rw- .data
  2000052c    2000052c    00000048   00000000    rw- .bss
2000fe00    2000fe00    00000200   00000000    rw-
  2000fe00    2000fe00    00000200   00000000    rw- .stack


SECTION ALLOCATION MAP

 output                                  attributes/
section   page    origin      length       input sections
--------  ----  ----------  ----------   ----------------
.intvecs   0    00000000    00000140     
                  00000000    00000140     startup_msp432p401r_ccs.obj (.intvecs:retain)

.text      0    00000140    000053f4     
                  00000140    0000113e     rtsv7M4_T_le_v4SPD16_eabi.lib : _printfi.obj (.text)
                  0000127e    00000002                                   : mpu_init.obj (.text)
                  00001280    00001110     bme280.obj (.text)
                  00002390    00000a02     ili9341.obj (.text)
                  00002d92    00000002     rtsv7M4_T_le_v4SPD16_eabi.lib : startup.obj (.text)
                  00002d94    000005cc     esp8266.obj (.text)
                  00003360    00000328     system_msp432p401r.obj (.text)
                  00003688    00000260     hal.obj (.text)
                  000038e8    000001fc     UserInterface.obj (.text)
                  00003ae4    000001f4     rtsv7M4_T_le_v4SPD16_eabi.lib : ull_div_t2.obj (.text)
                  00003cd8    000001b6                                   : fd_add_t2.obj (.text)
                  00003e8e    00000002     --HOLE-- [fill = 0]
                  00003e90    000001a8     I2C.obj (.text)
                  00004038    00000178     ClockSystem.obj (.text)
                  000041b0    00000178     bme280_support.obj (.text)
                  00004328    00000136     rtsv7M4_T_le_v4SPD16_eabi.lib : fd_div_t2.obj (.text)
                  0000445e    00000002     --HOLE-- [fill = 0]
                  00004460    00000104     msp432p4xx_driverlib.lib : cs.o (.text:CS_getDCOFrequency)
                  00004564    000000fc     rtsv7M4_T_le_v4SPD16_eabi.lib : fd_mul_t2.obj (.text)
                  00004660    000000fc                                   : s_scalbn.obj (.text)
                  0000475c    000000b4     main.obj (.text)
                  00004810    000000a4     UART_Terminal.obj (.text)
                  000048b4    0000009c     msp432p4xx_driverlib.lib : cs.o (.text:CS_startHFXTWithTimeout)
                  00004950    0000009c                              : cs.o (.text:CS_startLFXTWithTimeout)
                  000049ec    0000009c                              : cs.o (.text:_CSComputeCLKFrequency)
                  00004a88    0000009c     rtsv7M4_T_le_v4SPD16_eabi.lib : memcpy_t2.obj (.text)
                  00004b24    00000086                                   : fd_cmp_t2.obj (.text:__aeabi_cdcmple)
                  00004baa    00000086                                   : fd_cmp_t2.obj (.text:__aeabi_cdrcmple)
                  00004c30    0000007a                                   : memset_t2.obj (.text)
                  00004caa    00000002     --HOLE-- [fill = 0]
                  00004cac    00000070     msp432p4xx_driverlib.lib : cs.o (.text:_CSGetHFXTFrequency)
                  00004d1c    00000070     rtsv7M4_T_le_v4SPD16_eabi.lib : autoinit.obj (.text)
                  00004d8c    0000006e                                   : fd_tos_t2.obj (.text)
                  00004dfa    00000068                                   : copy_decompress_lzss.obj (.text:decompress:lzss)
                  00004e62    00000002     --HOLE-- [fill = 0]
                  00004e64    00000064     msp432p4xx_driverlib.lib : interrupt.o (.text:Interrupt_enableInterrupt)
                  00004ec8    00000064     rtsv7M4_T_le_v4SPD16_eabi.lib : s_frexp.obj (.text)
                  00004f2c    00000060                                   : sprintf.obj (.text)
                  00004f8c    00000054                                   : boot.obj (.text)
                  00004fe0    00000054                                   : exit.obj (.text)
                  00005034    00000054                                   : ltoa.obj (.text)
                  00005088    00000050     msp432p4xx_driverlib.lib : sysctl.o (.text:SysCtl_getTLVInfo)
                  000050d8    0000004c                              : uart.o (.text:UART_registerInterrupt)
                  00005124    0000004c                              : cs.o (.text:_CSGetDOCFrequency)
                  00005170    0000004c     rtsv7M4_T_le_v4SPD16_eabi.lib : atoi.obj (.text)
                  000051bc    0000004c                                   : cpy_tbl.obj (.text)
                  00005208    00000048     msp432p4xx_driverlib.lib : cs.o (.text:_CSGetDividerValue)
                  00005250    00000048     rtsv7M4_T_le_v4SPD16_eabi.lib : fd_toi_t2.obj (.text)
                  00005298    00000038                                   : fs_tod_t2.obj (.text)
                  000052d0    00000034     msp432p4xx_driverlib.lib : interrupt.o (.text:Interrupt_registerInterrupt)
                  00005304    00000034     rtsv7M4_T_le_v4SPD16_eabi.lib : strstr.obj (.text)
                  00005338    0000002e                                   : i_tofd_t2.obj (.text)
                  00005366    00000002     --HOLE-- [fill = 0]
                  00005368    0000002c     RTC.obj (.text)
                  00005394    00000024     msp432p4xx_driverlib.lib : cs.o (.text:CS_clearInterruptFlag)
                  000053b8    00000020     rtsv7M4_T_le_v4SPD16_eabi.lib : u_tofd_t2.obj (.text)
                  000053d8    0000001c                                   : memccpy.obj (.text)
                  000053f4    00000018     msp432p4xx_driverlib.lib : cs.o (.text:CS_getMCLK)
                  0000540c    00000018                              : cs.o (.text:CS_getSMCLK)
                  00005424    00000018     rtsv7M4_T_le_v4SPD16_eabi.lib : args_main.obj (.text)
                  0000543c    00000016                                   : strchr.obj (.text)
                  00005452    00000002     --HOLE-- [fill = 0]
                  00005454    00000014     msp432p4xx_driverlib.lib : cs.o (.text:CS_setExternalClockSourceFrequency)
                  00005468    00000014     rtsv7M4_T_le_v4SPD16_eabi.lib : _lock.obj (.text)
                  0000547c    00000014                                   : s_copysign.obj (.text)
                  00005490    00000014                                   : strcpy.obj (.text)
                  000054a4    00000014                                   : strlen.obj (.text)
                  000054b8    00000012     startup_msp432p401r_ccs.obj (.text)
                  000054ca    00000002     --HOLE-- [fill = 0]
                  000054cc    00000010     msp432p4xx_driverlib.lib : sysctl.o (.text:SysCtl_disableNMISource)
                  000054dc    00000010                              : sysctl.o (.text:SysCtl_enableNMISource)
                  000054ec    00000010                              : timer32.o (.text:Timer32_registerInterrupt)
                  000054fc    0000000e     rtsv7M4_T_le_v4SPD16_eabi.lib : copy_decompress_none.obj (.text:decompress:none)
                  0000550a    00000002     --HOLE-- [fill = 0]
                  0000550c    0000000c     msp432p4xx_driverlib.lib : sysctl.o (.text:SysCtl_getNMISourceStatus)
                  00005518    0000000c     rtsv7M4_T_le_v4SPD16_eabi.lib : copy_zero_init.obj (.text:decompress:ZI)
                  00005524    00000006     msp432p4xx_driverlib.lib : cs.o (.text:CS_startHFXT)
                  0000552a    00000006                              : cs.o (.text:CS_startLFXT)
                  00005530    00000004     rtsv7M4_T_le_v4SPD16_eabi.lib : pre_init.obj (.text)

.const     0    00005534    000006d4     
                  00005534    000004fb     ili9341.obj (.const:.string:Font)
                  00005a2f    00000101     rtsv7M4_T_le_v4SPD16_eabi.lib : ctype.obj (.const:.string:_ctypes_)
                  00005b30    00000041     ili9341.obj (.const:.string:Bcmd)
                  00005b71    00000003     --HOLE-- [fill = 0]
                  00005b74    00000040     msp432p4xx_driverlib.lib : interrupt.o (.const)
                  00005bb4    00000024     UART_Terminal.obj (.const:uartConfigA0)
                  00005bd8    00000024     esp8266.obj (.const:uartConfigA2)
                  00005bfc    0000000c     bme280.obj (.const:$P$T0$1)

.cinit     0    00005c08    00000050     
                  00005c08    00000018     (.cinit..data.load) [load image, compression = lzss]
                  00005c20    0000000c     (__TI_handler_table)
                  00005c2c    00000004     --HOLE-- [fill = 0]
                  00005c30    00000008     (.cinit..bss.load) [load image, compression = zero_init]
                  00005c38    00000008     (.cinit..vtable.load) [load image, compression = zero_init]
                  00005c40    00000018     (__TI_cinit_table)

.init_array 
*          0    00000000    00000000     UNINITIALIZED

.vtable    0    20000000    000000e4     UNINITIALIZED
                  20000000    000000e4     msp432p4xx_driverlib.lib : interrupt.o (.vtable)

.data      0    200000e8    00000442     UNINITIALIZED
                  200000e8    00000400     esp8266.obj (.data:RX_Buffer)
                  200004e8    00000018     bme280_support.obj (.data:comp_data)
                  20000500    0000000c     rtsv7M4_T_le_v4SPD16_eabi.lib : exit.obj (.data:$O1$$)
                  2000050c    00000008                                   : _lock.obj (.data:$O1$$)
                  20000514    00000004     ClockSystem.obj (.data)
                  20000518    00000004     UserInterface.obj (.data)
                  2000051c    00000004     rtsv7M4_T_le_v4SPD16_eabi.lib : errno.obj (.data)
                  20000520    00000004                                   : stkdepth_vars.obj (.data)
                  20000524    00000004     system_msp432p401r.obj (.data)
                  20000528    00000002     esp8266.obj (.data)

.bss       0    2000052c    00000048     UNINITIALIZED
                  2000052c    00000040     (.common:dev)
                  2000056c    00000004     (.common:hfxtFreq)
                  20000570    00000004     (.common:lfxtFreq)

.stack     0    2000fe00    00000200     UNINITIALIZED
                  2000fe00    00000200     --HOLE--

MODULE SUMMARY

       Module                        code    ro data   rw data
       ------                        ----    -------   -------
    .\
       system_msp432p401r.obj        808     0         4      
       startup_msp432p401r_ccs.obj   18      320       0      
       main.obj                      180     0         0      
    +--+-----------------------------+-------+---------+---------+
       Total:                        1006    320       4      
                                                              
    .\BME280\
       bme280.obj                    4368    12        0      
       bme280_support.obj            376     0         88     
       I2C.obj                       424     0         0      
    +--+-----------------------------+-------+---------+---------+
       Total:                        5168    12        88     
                                                              
    .\ClockSystem\
       ClockSystem.obj               376     0         4      
    +--+-----------------------------+-------+---------+---------+
       Total:                        376     0         4      
                                                              
    .\ESP8266\
       esp8266.obj                   1484    36        1026   
    +--+-----------------------------+-------+---------+---------+
       Total:                        1484    36        1026   
                                                              
    .\ILI9341\
       ili9341.obj                   2562    1340      0      
       hal.obj                       608     0         0      
       UserInterface.obj             508     0         4      
    +--+-----------------------------+-------+---------+---------+
       Total:                        3678    1340      4      
                                                              
    .\RTC\
       RTC.obj                       44      0         0      
    +--+-----------------------------+-------+---------+---------+
       Total:                        44      0         0      
                                                              
    .\UART_Terminal\
       UART_Terminal.obj             164     36        0      
    +--+-----------------------------+-------+---------+---------+
       Total:                        164     36        0      
                                                              
    C:/ti/msp/MSP432Ware_3_50_00_02/driverlib/driverlib/MSP432P4xx/ccs/msp432p4xx_driverlib.lib
       cs.o                          1104    0         8      
       interrupt.o                   152     64        228    
       sysctl.o                      124     0         0      
       uart.o                        76      0         0      
       timer32.o                     16      0         0      
    +--+-----------------------------+-------+---------+---------+
       Total:                        1472    64        236    
                                                              
    C:\ti\ccsv7\tools\compiler\ti-cgt-arm_16.9.7.LTS\lib\rtsv7M4_T_le_v4SPD16_eabi.lib
       _printfi.obj                  4414    0         0      
       ull_div_t2.obj                500     0         0      
       fd_add_t2.obj                 438     0         0      
       fd_div_t2.obj                 310     0         0      
       fd_cmp_t2.obj                 268     0         0      
       ctype.obj                     0       257       0      
       fd_mul_t2.obj                 252     0         0      
       s_scalbn.obj                  252     0         0      
       memcpy_t2.obj                 156     0         0      
       memset_t2.obj                 122     0         0      
       autoinit.obj                  112     0         0      
       fd_tos_t2.obj                 110     0         0      
       copy_decompress_lzss.obj      104     0         0      
       s_frexp.obj                   100     0         0      
       exit.obj                      84      0         12     
       sprintf.obj                   96      0         0      
       boot.obj                      84      0         0      
       ltoa.obj                      84      0         0      
       atoi.obj                      76      0         0      
       cpy_tbl.obj                   76      0         0      
       fd_toi_t2.obj                 72      0         0      
       fs_tod_t2.obj                 56      0         0      
       strstr.obj                    52      0         0      
       i_tofd_t2.obj                 46      0         0      
       u_tofd_t2.obj                 32      0         0      
       _lock.obj                     20      0         8      
       memccpy.obj                   28      0         0      
       args_main.obj                 24      0         0      
       strchr.obj                    22      0         0      
       s_copysign.obj                20      0         0      
       strcpy.obj                    20      0         0      
       strlen.obj                    20      0         0      
       copy_decompress_none.obj      14      0         0      
       copy_zero_init.obj            12      0         0      
       errno.obj                     0       0         4      
       pre_init.obj                  4       0         0      
       stkdepth_vars.obj             0       0         4      
       mpu_init.obj                  2       0         0      
       startup.obj                   2       0         0      
    +--+-----------------------------+-------+---------+---------+
       Total:                        8084    257       28     
                                                              
       Stack:                        0       0         512    
       Linker Generated:             0       76        0      
    +--+-----------------------------+-------+---------+---------+
       Grand Total:                  21476   2141      1902   


LINKER GENERATED COPY TABLES

__TI_cinit_table @ 00005c40 records: 3, size/record: 8, table size: 24
	.data: load addr=00005c08, load size=00000018 bytes, run addr=200000e8, run size=00000442 bytes, compression=lzss
	.bss: load addr=00005c30, load size=00000008 bytes, run addr=2000052c, run size=00000048 bytes, compression=zero_init
	.vtable: load addr=00005c38, load size=00000008 bytes, run addr=20000000, run size=000000e4 bytes, compression=zero_init


LINKER GENERATED HANDLER TABLE

__TI_handler_table @ 00005c20 records: 3, size/record: 4, table size: 12
	index: 0, handler: __TI_zero_init
	index: 1, handler: __TI_decompress_lzss
	index: 2, handler: __TI_decompress_none


GLOBAL SYMBOLS: SORTED ALPHABETICALLY BY Name 

address   name                              
-------   ----                              
000041db  BME280_GetHumidity                
000041f5  BME280_GetPressure                
000041b1  BME280_GetTemperature             
0000429d  BME280_Init                       
00004fe1  C$$EXIT                           
00005395  CS_clearInterruptFlag             
00004461  CS_getDCOFrequency                
000053f5  CS_getMCLK                        
0000540d  CS_getSMCLK                       
00005455  CS_setExternalClockSourceFrequency
00005525  CS_startHFXT                      
000048b5  CS_startHFXTWithTimeout           
0000552b  CS_startLFXT                      
00004951  CS_startLFXTWithTimeout           
000038e9  DisplayData                       
00002ebf  ESP8266_GetTimeDate               
00002e3b  ESP8266_Init                      
00002e83  ESP8266_Reset                     
000031fb  ESP8266_RetryCommand              
0000315d  ESP8266_SendCommand               
00003045  ESP8266_SendSensorData            
00002eab  ESP8266_SetInternetAccess         
00004811  EUSCIA0_ISR                       
00002de5  EUSCIA2_ISR                       
00002d95  EUSCIA2_Init                      
00003689  HAL_STARTUP                       
00003e91  I2C_Init                          
00003f5d  I2C_READ_STRING                   
00003ecb  I2C_WRITE_STRING                  
000026c9  ILI_DrawBitmap                    
000029f7  ILI_DrawChar                      
00002b5b  ILI_DrawString                    
00002bdb  ILI_InvertDisplay                 
00002bf9  ILI_Write_String                  
00002675  ILI_color_565                     
00002895  ILI_draw_char_S                   
00002529  ILI_draw_fast_H_line              
000024af  ILI_draw_fast_V_line              
0000245f  ILI_draw_pixel                    
000025bf  ILI_fill_rectangle                
000025a3  ILI_fill_screen                   
0000373d  INIT_GPIO                         
00002391  INIT_LCD                          
00003883  INIT_SPI                          
0000477d  Init_System                       
00004e65  Interrupt_enableInterrupt         
000052d1  Interrupt_registerInterrupt       
000047c1  LED_Init                          
00005369  RTC_Init                          
200000e8  RX_Buffer                         
20000528  RX_Count                          
UNDEFED   SHT$$INIT_ARRAY$$Base             
UNDEFED   SHT$$INIT_ARRAY$$Limit            
00004039  Setup_Clocks                      
000054cd  SysCtl_disableNMISource           
000054dd  SysCtl_enableNMISource            
0000550d  SysCtl_getNMISourceStatus         
00005089  SysCtl_getTLVInfo                 
000040b9  SysTick_Init                      
000040d5  SysTick_delay                     
20000524  SystemCoreClock                   
00003361  SystemCoreClockUpdate             
000035d5  SystemInit                        
00004157  T32_INT1_IRQHandler               
00004857  Termianl_Init                     
00004111  Timer32_Init                      
000054ed  Timer32_registerInterrupt         
000050d9  UART_registerInterrupt            
4000480c  WDTCTL_SYM                        
20010000  __STACK_END                       
00000200  __STACK_SIZE                      
00005c40  __TI_CINIT_Base                   
00005c58  __TI_CINIT_Limit                  
00005c20  __TI_Handler_Table_Base           
00005c2c  __TI_Handler_Table_Limit          
00004d1d  __TI_auto_init                    
20000500  __TI_cleanup_ptr                  
00004dfb  __TI_decompress_lzss              
000054fd  __TI_decompress_none              
20000504  __TI_dtors_ptr                    
20000508  __TI_enable_exit_profile_output   
ffffffff  __TI_pprof_out_hndl               
00000985  __TI_printfi                      
ffffffff  __TI_prof_data_size               
ffffffff  __TI_prof_data_start              
00000000  __TI_static_base__                
00005519  __TI_zero_init                    
00004b25  __aeabi_cdcmpeq                   
00004b25  __aeabi_cdcmple                   
00004bab  __aeabi_cdrcmple                  
00004d8d  __aeabi_d2f                       
00005251  __aeabi_d2iz                      
00003ce3  __aeabi_dadd                      
00004329  __aeabi_ddiv                      
00004565  __aeabi_dmul                      
00003cd9  __aeabi_dsub                      
00005299  __aeabi_f2d                       
00005339  __aeabi_i2d                       
00004c31  __aeabi_memclr                    
00004c31  __aeabi_memclr4                   
00004c31  __aeabi_memclr8                   
00004a89  __aeabi_memcpy                    
00004a89  __aeabi_memcpy4                   
00004a89  __aeabi_memcpy8                   
00004c33  __aeabi_memset                    
00004c33  __aeabi_memset4                   
00004c33  __aeabi_memset8                   
000053b9  __aeabi_ui2d                      
00003ae5  __aeabi_uldivmod                  
ffffffff  __binit__                         
ffffffff  __c_args__                        
0000127f  __mpu_init                        
2000fe00  __stack                           
00005425  _args_main                        
00004f8d  _c_int00                          
00005a2f  _ctypes_                          
2000050c  _lock                             
00005477  _nop                              
0000546f  _register_lock                    
00005469  _register_unlock                  
00002d93  _system_post_cinit                
00005531  _system_pre_init                  
20000510  _unlock                           
00004fe5  abort                             
00003725  assert_LCD_CS                     
000036f5  assert_LCD_DC                     
0000370d  assert_LCD_RESET                  
00003695  assert_LED                        
000036dd  assert_LEDB                       
000036c5  assert_LEDG                       
000036ad  assert_LEDR                       
00005171  atoi                              
ffffffff  binit                             
000016f9  bme280_compensate_data            
0000131f  bme280_get_regs                   
00001611  bme280_get_sensor_data            
00001595  bme280_get_sensor_mode            
00001505  bme280_get_sensor_settings        
00001281  bme280_init                       
00001689  bme280_parse_sensor_data          
00001381  bme280_set_regs                   
0000153f  bme280_set_sensor_mode            
00001479  bme280_set_sensor_settings        
000015cd  bme280_soft_reset                 
200004e8  comp_data                         
000051bd  copy_in                           
0000547d  copysign                          
0000547d  copysignl                         
00003731  deassert_LCD_CS                   
00003701  deassert_LCD_DC                   
00003719  deassert_LCD_RESET                
000036a1  deassert_LED                      
000036e9  deassert_LEDB                     
000036d1  deassert_LEDG                     
000036b9  deassert_LEDR                     
2000052c  dev                               
2000051c  errno                             
00004fed  exit                              
00004ec9  frexp                             
00004ec9  frexpl                            
20000000  g_pfnRAMVectors                   
00000000  interruptVectors                  
00004661  ldexp                             
00004661  ldexpl                            
00005035  ltoa                              
0000475d  main                              
20000520  main_func_sp                      
000053d9  memccpy                           
00004a89  memcpy                            
00004c39  memset                            
00004661  scalbn                            
00004661  scalbnl                           
00002d01  set_addr_location                 
00002d77  set_color                         
00004f2d  sprintf                           
0000543d  strchr                            
00005491  strcpy                            
00004227  stream_sensor_data_normal_mode    
000054a5  strlen                            
00005305  strstr                            
20000514  twoMinuteFlag                     
00005bb4  uartConfigA0                      
00005bd8  uartConfigA2                      
00002c69  write_init_commands               


GLOBAL SYMBOLS: SORTED BY Symbol Address 

address   name                              
-------   ----                              
00000000  __TI_static_base__                
00000000  interruptVectors                  
00000200  __STACK_SIZE                      
00000985  __TI_printfi                      
0000127f  __mpu_init                        
00001281  bme280_init                       
0000131f  bme280_get_regs                   
00001381  bme280_set_regs                   
00001479  bme280_set_sensor_settings        
00001505  bme280_get_sensor_settings        
0000153f  bme280_set_sensor_mode            
00001595  bme280_get_sensor_mode            
000015cd  bme280_soft_reset                 
00001611  bme280_get_sensor_data            
00001689  bme280_parse_sensor_data          
000016f9  bme280_compensate_data            
00002391  INIT_LCD                          
0000245f  ILI_draw_pixel                    
000024af  ILI_draw_fast_V_line              
00002529  ILI_draw_fast_H_line              
000025a3  ILI_fill_screen                   
000025bf  ILI_fill_rectangle                
00002675  ILI_color_565                     
000026c9  ILI_DrawBitmap                    
00002895  ILI_draw_char_S                   
000029f7  ILI_DrawChar                      
00002b5b  ILI_DrawString                    
00002bdb  ILI_InvertDisplay                 
00002bf9  ILI_Write_String                  
00002c69  write_init_commands               
00002d01  set_addr_location                 
00002d77  set_color                         
00002d93  _system_post_cinit                
00002d95  EUSCIA2_Init                      
00002de5  EUSCIA2_ISR                       
00002e3b  ESP8266_Init                      
00002e83  ESP8266_Reset                     
00002eab  ESP8266_SetInternetAccess         
00002ebf  ESP8266_GetTimeDate               
00003045  ESP8266_SendSensorData            
0000315d  ESP8266_SendCommand               
000031fb  ESP8266_RetryCommand              
00003361  SystemCoreClockUpdate             
000035d5  SystemInit                        
00003689  HAL_STARTUP                       
00003695  assert_LED                        
000036a1  deassert_LED                      
000036ad  assert_LEDR                       
000036b9  deassert_LEDR                     
000036c5  assert_LEDG                       
000036d1  deassert_LEDG                     
000036dd  assert_LEDB                       
000036e9  deassert_LEDB                     
000036f5  assert_LCD_DC                     
00003701  deassert_LCD_DC                   
0000370d  assert_LCD_RESET                  
00003719  deassert_LCD_RESET                
00003725  assert_LCD_CS                     
00003731  deassert_LCD_CS                   
0000373d  INIT_GPIO                         
00003883  INIT_SPI                          
000038e9  DisplayData                       
00003ae5  __aeabi_uldivmod                  
00003cd9  __aeabi_dsub                      
00003ce3  __aeabi_dadd                      
00003e91  I2C_Init                          
00003ecb  I2C_WRITE_STRING                  
00003f5d  I2C_READ_STRING                   
00004039  Setup_Clocks                      
000040b9  SysTick_Init                      
000040d5  SysTick_delay                     
00004111  Timer32_Init                      
00004157  T32_INT1_IRQHandler               
000041b1  BME280_GetTemperature             
000041db  BME280_GetHumidity                
000041f5  BME280_GetPressure                
00004227  stream_sensor_data_normal_mode    
0000429d  BME280_Init                       
00004329  __aeabi_ddiv                      
00004461  CS_getDCOFrequency                
00004565  __aeabi_dmul                      
00004661  ldexp                             
00004661  ldexpl                            
00004661  scalbn                            
00004661  scalbnl                           
0000475d  main                              
0000477d  Init_System                       
000047c1  LED_Init                          
00004811  EUSCIA0_ISR                       
00004857  Termianl_Init                     
000048b5  CS_startHFXTWithTimeout           
00004951  CS_startLFXTWithTimeout           
00004a89  __aeabi_memcpy                    
00004a89  __aeabi_memcpy4                   
00004a89  __aeabi_memcpy8                   
00004a89  memcpy                            
00004b25  __aeabi_cdcmpeq                   
00004b25  __aeabi_cdcmple                   
00004bab  __aeabi_cdrcmple                  
00004c31  __aeabi_memclr                    
00004c31  __aeabi_memclr4                   
00004c31  __aeabi_memclr8                   
00004c33  __aeabi_memset                    
00004c33  __aeabi_memset4                   
00004c33  __aeabi_memset8                   
00004c39  memset                            
00004d1d  __TI_auto_init                    
00004d8d  __aeabi_d2f                       
00004dfb  __TI_decompress_lzss              
00004e65  Interrupt_enableInterrupt         
00004ec9  frexp                             
00004ec9  frexpl                            
00004f2d  sprintf                           
00004f8d  _c_int00                          
00004fe1  C$$EXIT                           
00004fe5  abort                             
00004fed  exit                              
00005035  ltoa                              
00005089  SysCtl_getTLVInfo                 
000050d9  UART_registerInterrupt            
00005171  atoi                              
000051bd  copy_in                           
00005251  __aeabi_d2iz                      
00005299  __aeabi_f2d                       
000052d1  Interrupt_registerInterrupt       
00005305  strstr                            
00005339  __aeabi_i2d                       
00005369  RTC_Init                          
00005395  CS_clearInterruptFlag             
000053b9  __aeabi_ui2d                      
000053d9  memccpy                           
000053f5  CS_getMCLK                        
0000540d  CS_getSMCLK                       
00005425  _args_main                        
0000543d  strchr                            
00005455  CS_setExternalClockSourceFrequency
00005469  _register_unlock                  
0000546f  _register_lock                    
00005477  _nop                              
0000547d  copysign                          
0000547d  copysignl                         
00005491  strcpy                            
000054a5  strlen                            
000054cd  SysCtl_disableNMISource           
000054dd  SysCtl_enableNMISource            
000054ed  Timer32_registerInterrupt         
000054fd  __TI_decompress_none              
0000550d  SysCtl_getNMISourceStatus         
00005519  __TI_zero_init                    
00005525  CS_startHFXT                      
0000552b  CS_startLFXT                      
00005531  _system_pre_init                  
00005a2f  _ctypes_                          
00005bb4  uartConfigA0                      
00005bd8  uartConfigA2                      
00005c20  __TI_Handler_Table_Base           
00005c2c  __TI_Handler_Table_Limit          
00005c40  __TI_CINIT_Base                   
00005c58  __TI_CINIT_Limit                  
20000000  g_pfnRAMVectors                   
200000e8  RX_Buffer                         
200004e8  comp_data                         
20000500  __TI_cleanup_ptr                  
20000504  __TI_dtors_ptr                    
20000508  __TI_enable_exit_profile_output   
2000050c  _lock                             
20000510  _unlock                           
20000514  twoMinuteFlag                     
2000051c  errno                             
20000520  main_func_sp                      
20000524  SystemCoreClock                   
20000528  RX_Count                          
2000052c  dev                               
2000fe00  __stack                           
20010000  __STACK_END                       
4000480c  WDTCTL_SYM                        
ffffffff  __TI_pprof_out_hndl               
ffffffff  __TI_prof_data_size               
ffffffff  __TI_prof_data_start              
ffffffff  __binit__                         
ffffffff  __c_args__                        
ffffffff  binit                             
UNDEFED   SHT$$INIT_ARRAY$$Base             
UNDEFED   SHT$$INIT_ARRAY$$Limit            

[184 symbols]
