<?xml version="1.0"?>
<link_info>
   <banner>TI ARM Linker PC v16.9.7.LTS</banner>
   <copyright>Copyright (c) 1996-2017 Texas Instruments Incorporated</copyright>
   <link_time>0x5ad0fc2a</link_time>
   <link_errors>0x0</link_errors>
   <output_file>WiFi_Interface.out</output_file>
   <entry_point>
      <name>_c_int00</name>
      <address>0x4f8d</address>
   </entry_point>
   <input_file_list>
      <input_file id="fl-2">
         <path>.\</path>
         <kind>object</kind>
         <file>main.obj</file>
         <name>main.obj</name>
      </input_file>
      <input_file id="fl-3">
         <path>.\</path>
         <kind>object</kind>
         <file>startup_msp432p401r_ccs.obj</file>
         <name>startup_msp432p401r_ccs.obj</name>
      </input_file>
      <input_file id="fl-4">
         <path>.\</path>
         <kind>object</kind>
         <file>system_msp432p401r.obj</file>
         <name>system_msp432p401r.obj</name>
      </input_file>
      <input_file id="fl-5">
         <path>.\BME280\</path>
         <kind>object</kind>
         <file>I2C.obj</file>
         <name>I2C.obj</name>
      </input_file>
      <input_file id="fl-6">
         <path>.\BME280\</path>
         <kind>object</kind>
         <file>bme280.obj</file>
         <name>bme280.obj</name>
      </input_file>
      <input_file id="fl-7">
         <path>.\BME280\</path>
         <kind>object</kind>
         <file>bme280_support.obj</file>
         <name>bme280_support.obj</name>
      </input_file>
      <input_file id="fl-8">
         <path>.\ClockSystem\</path>
         <kind>object</kind>
         <file>ClockSystem.obj</file>
         <name>ClockSystem.obj</name>
      </input_file>
      <input_file id="fl-9">
         <path>.\ESP8266\</path>
         <kind>object</kind>
         <file>esp8266.obj</file>
         <name>esp8266.obj</name>
      </input_file>
      <input_file id="fl-a">
         <path>.\ILI9341\</path>
         <kind>object</kind>
         <file>UserInterface.obj</file>
         <name>UserInterface.obj</name>
      </input_file>
      <input_file id="fl-b">
         <path>.\ILI9341\</path>
         <kind>object</kind>
         <file>hal.obj</file>
         <name>hal.obj</name>
      </input_file>
      <input_file id="fl-c">
         <path>.\ILI9341\</path>
         <kind>object</kind>
         <file>ili9341.obj</file>
         <name>ili9341.obj</name>
      </input_file>
      <input_file id="fl-d">
         <path>.\PrintfOverride\</path>
         <kind>object</kind>
         <file>PrintfOverride.obj</file>
         <name>PrintfOverride.obj</name>
      </input_file>
      <input_file id="fl-e">
         <path>.\RTC\</path>
         <kind>object</kind>
         <file>RTC.obj</file>
         <name>RTC.obj</name>
      </input_file>
      <input_file id="fl-f">
         <path>.\UART_Terminal\</path>
         <kind>object</kind>
         <file>UART_Terminal.obj</file>
         <name>UART_Terminal.obj</name>
      </input_file>
      <input_file id="fl-14">
         <kind>object</kind>
         <file>&lt;internal&gt;</file>
         <name>&lt;internal&gt;</name>
      </input_file>
      <input_file id="fl-15">
         <path>C:\ti\msp\MSP432Ware_3_50_00_02\driverlib\driverlib\MSP432P4xx\ccs\</path>
         <kind>archive</kind>
         <file>msp432p4xx_driverlib.lib</file>
         <name>cs.o</name>
      </input_file>
      <input_file id="fl-16">
         <path>C:\ti\msp\MSP432Ware_3_50_00_02\driverlib\driverlib\MSP432P4xx\ccs\</path>
         <kind>archive</kind>
         <file>msp432p4xx_driverlib.lib</file>
         <name>interrupt.o</name>
      </input_file>
      <input_file id="fl-17">
         <path>C:\ti\msp\MSP432Ware_3_50_00_02\driverlib\driverlib\MSP432P4xx\ccs\</path>
         <kind>archive</kind>
         <file>msp432p4xx_driverlib.lib</file>
         <name>sysctl.o</name>
      </input_file>
      <input_file id="fl-18">
         <path>C:\ti\msp\MSP432Ware_3_50_00_02\driverlib\driverlib\MSP432P4xx\ccs\</path>
         <kind>archive</kind>
         <file>msp432p4xx_driverlib.lib</file>
         <name>timer32.o</name>
      </input_file>
      <input_file id="fl-19">
         <path>C:\ti\msp\MSP432Ware_3_50_00_02\driverlib\driverlib\MSP432P4xx\ccs\</path>
         <kind>archive</kind>
         <file>msp432p4xx_driverlib.lib</file>
         <name>uart.o</name>
      </input_file>
      <input_file id="fl-1a">
         <path>C:\ti\msp\MSP432Ware_3_50_00_02\driverlib\driverlib\MSP432P4xx\ccs\</path>
         <kind>archive</kind>
         <file>msp432p4xx_driverlib.lib</file>
         <name>cpu.o</name>
      </input_file>
      <input_file id="fl-d0">
         <path>C:\ti\ccsv7\tools\compiler\ti-cgt-arm_16.9.7.LTS\lib\</path>
         <kind>archive</kind>
         <file>rtsv7M4_T_le_v4SPD16_eabi.lib</file>
         <name>atoi.obj</name>
      </input_file>
      <input_file id="fl-d1">
         <path>C:\ti\ccsv7\tools\compiler\ti-cgt-arm_16.9.7.LTS\lib\</path>
         <kind>archive</kind>
         <file>rtsv7M4_T_le_v4SPD16_eabi.lib</file>
         <name>boot.obj</name>
      </input_file>
      <input_file id="fl-d2">
         <path>C:\ti\ccsv7\tools\compiler\ti-cgt-arm_16.9.7.LTS\lib\</path>
         <kind>archive</kind>
         <file>rtsv7M4_T_le_v4SPD16_eabi.lib</file>
         <name>copy_decompress_lzss.obj</name>
      </input_file>
      <input_file id="fl-d3">
         <path>C:\ti\ccsv7\tools\compiler\ti-cgt-arm_16.9.7.LTS\lib\</path>
         <kind>archive</kind>
         <file>rtsv7M4_T_le_v4SPD16_eabi.lib</file>
         <name>copy_decompress_none.obj</name>
      </input_file>
      <input_file id="fl-d4">
         <path>C:\ti\ccsv7\tools\compiler\ti-cgt-arm_16.9.7.LTS\lib\</path>
         <kind>archive</kind>
         <file>rtsv7M4_T_le_v4SPD16_eabi.lib</file>
         <name>copy_zero_init.obj</name>
      </input_file>
      <input_file id="fl-d5">
         <path>C:\ti\ccsv7\tools\compiler\ti-cgt-arm_16.9.7.LTS\lib\</path>
         <kind>archive</kind>
         <file>rtsv7M4_T_le_v4SPD16_eabi.lib</file>
         <name>ctype.obj</name>
      </input_file>
      <input_file id="fl-d6">
         <path>C:\ti\ccsv7\tools\compiler\ti-cgt-arm_16.9.7.LTS\lib\</path>
         <kind>archive</kind>
         <file>rtsv7M4_T_le_v4SPD16_eabi.lib</file>
         <name>exit.obj</name>
      </input_file>
      <input_file id="fl-d7">
         <path>C:\ti\ccsv7\tools\compiler\ti-cgt-arm_16.9.7.LTS\lib\</path>
         <kind>archive</kind>
         <file>rtsv7M4_T_le_v4SPD16_eabi.lib</file>
         <name>fd_add_t2.obj</name>
      </input_file>
      <input_file id="fl-d8">
         <path>C:\ti\ccsv7\tools\compiler\ti-cgt-arm_16.9.7.LTS\lib\</path>
         <kind>archive</kind>
         <file>rtsv7M4_T_le_v4SPD16_eabi.lib</file>
         <name>fd_cmp_t2.obj</name>
      </input_file>
      <input_file id="fl-d9">
         <path>C:\ti\ccsv7\tools\compiler\ti-cgt-arm_16.9.7.LTS\lib\</path>
         <kind>archive</kind>
         <file>rtsv7M4_T_le_v4SPD16_eabi.lib</file>
         <name>fd_div_t2.obj</name>
      </input_file>
      <input_file id="fl-da">
         <path>C:\ti\ccsv7\tools\compiler\ti-cgt-arm_16.9.7.LTS\lib\</path>
         <kind>archive</kind>
         <file>rtsv7M4_T_le_v4SPD16_eabi.lib</file>
         <name>fd_mul_t2.obj</name>
      </input_file>
      <input_file id="fl-db">
         <path>C:\ti\ccsv7\tools\compiler\ti-cgt-arm_16.9.7.LTS\lib\</path>
         <kind>archive</kind>
         <file>rtsv7M4_T_le_v4SPD16_eabi.lib</file>
         <name>fd_toi_t2.obj</name>
      </input_file>
      <input_file id="fl-dc">
         <path>C:\ti\ccsv7\tools\compiler\ti-cgt-arm_16.9.7.LTS\lib\</path>
         <kind>archive</kind>
         <file>rtsv7M4_T_le_v4SPD16_eabi.lib</file>
         <name>fd_tos_t2.obj</name>
      </input_file>
      <input_file id="fl-dd">
         <path>C:\ti\ccsv7\tools\compiler\ti-cgt-arm_16.9.7.LTS\lib\</path>
         <kind>archive</kind>
         <file>rtsv7M4_T_le_v4SPD16_eabi.lib</file>
         <name>fs_tod_t2.obj</name>
      </input_file>
      <input_file id="fl-de">
         <path>C:\ti\ccsv7\tools\compiler\ti-cgt-arm_16.9.7.LTS\lib\</path>
         <kind>archive</kind>
         <file>rtsv7M4_T_le_v4SPD16_eabi.lib</file>
         <name>i_tofd_t2.obj</name>
      </input_file>
      <input_file id="fl-df">
         <path>C:\ti\ccsv7\tools\compiler\ti-cgt-arm_16.9.7.LTS\lib\</path>
         <kind>archive</kind>
         <file>rtsv7M4_T_le_v4SPD16_eabi.lib</file>
         <name>memcpy_t2.obj</name>
      </input_file>
      <input_file id="fl-e0">
         <path>C:\ti\ccsv7\tools\compiler\ti-cgt-arm_16.9.7.LTS\lib\</path>
         <kind>archive</kind>
         <file>rtsv7M4_T_le_v4SPD16_eabi.lib</file>
         <name>memset_t2.obj</name>
      </input_file>
      <input_file id="fl-e1">
         <path>C:\ti\ccsv7\tools\compiler\ti-cgt-arm_16.9.7.LTS\lib\</path>
         <kind>archive</kind>
         <file>rtsv7M4_T_le_v4SPD16_eabi.lib</file>
         <name>mpu_init.obj</name>
      </input_file>
      <input_file id="fl-e2">
         <path>C:\ti\ccsv7\tools\compiler\ti-cgt-arm_16.9.7.LTS\lib\</path>
         <kind>archive</kind>
         <file>rtsv7M4_T_le_v4SPD16_eabi.lib</file>
         <name>pre_init.obj</name>
      </input_file>
      <input_file id="fl-e3">
         <path>C:\ti\ccsv7\tools\compiler\ti-cgt-arm_16.9.7.LTS\lib\</path>
         <kind>archive</kind>
         <file>rtsv7M4_T_le_v4SPD16_eabi.lib</file>
         <name>sprintf.obj</name>
      </input_file>
      <input_file id="fl-e4">
         <path>C:\ti\ccsv7\tools\compiler\ti-cgt-arm_16.9.7.LTS\lib\</path>
         <kind>archive</kind>
         <file>rtsv7M4_T_le_v4SPD16_eabi.lib</file>
         <name>stkdepth_vars.obj</name>
      </input_file>
      <input_file id="fl-e5">
         <path>C:\ti\ccsv7\tools\compiler\ti-cgt-arm_16.9.7.LTS\lib\</path>
         <kind>archive</kind>
         <file>rtsv7M4_T_le_v4SPD16_eabi.lib</file>
         <name>strcpy.obj</name>
      </input_file>
      <input_file id="fl-e6">
         <path>C:\ti\ccsv7\tools\compiler\ti-cgt-arm_16.9.7.LTS\lib\</path>
         <kind>archive</kind>
         <file>rtsv7M4_T_le_v4SPD16_eabi.lib</file>
         <name>strlen.obj</name>
      </input_file>
      <input_file id="fl-e7">
         <path>C:\ti\ccsv7\tools\compiler\ti-cgt-arm_16.9.7.LTS\lib\</path>
         <kind>archive</kind>
         <file>rtsv7M4_T_le_v4SPD16_eabi.lib</file>
         <name>strstr.obj</name>
      </input_file>
      <input_file id="fl-e8">
         <path>C:\ti\ccsv7\tools\compiler\ti-cgt-arm_16.9.7.LTS\lib\</path>
         <kind>archive</kind>
         <file>rtsv7M4_T_le_v4SPD16_eabi.lib</file>
         <name>u_tofd_t2.obj</name>
      </input_file>
      <input_file id="fl-e9">
         <path>C:\ti\ccsv7\tools\compiler\ti-cgt-arm_16.9.7.LTS\lib\</path>
         <kind>archive</kind>
         <file>rtsv7M4_T_le_v4SPD16_eabi.lib</file>
         <name>_lock.obj</name>
      </input_file>
      <input_file id="fl-ea">
         <path>C:\ti\ccsv7\tools\compiler\ti-cgt-arm_16.9.7.LTS\lib\</path>
         <kind>archive</kind>
         <file>rtsv7M4_T_le_v4SPD16_eabi.lib</file>
         <name>_printfi.obj</name>
      </input_file>
      <input_file id="fl-eb">
         <path>C:\ti\ccsv7\tools\compiler\ti-cgt-arm_16.9.7.LTS\lib\</path>
         <kind>archive</kind>
         <file>rtsv7M4_T_le_v4SPD16_eabi.lib</file>
         <name>args_main.obj</name>
      </input_file>
      <input_file id="fl-ec">
         <path>C:\ti\ccsv7\tools\compiler\ti-cgt-arm_16.9.7.LTS\lib\</path>
         <kind>archive</kind>
         <file>rtsv7M4_T_le_v4SPD16_eabi.lib</file>
         <name>autoinit.obj</name>
      </input_file>
      <input_file id="fl-ed">
         <path>C:\ti\ccsv7\tools\compiler\ti-cgt-arm_16.9.7.LTS\lib\</path>
         <kind>archive</kind>
         <file>rtsv7M4_T_le_v4SPD16_eabi.lib</file>
         <name>cpy_tbl.obj</name>
      </input_file>
      <input_file id="fl-ee">
         <path>C:\ti\ccsv7\tools\compiler\ti-cgt-arm_16.9.7.LTS\lib\</path>
         <kind>archive</kind>
         <file>rtsv7M4_T_le_v4SPD16_eabi.lib</file>
         <name>ltoa.obj</name>
      </input_file>
      <input_file id="fl-ef">
         <path>C:\ti\ccsv7\tools\compiler\ti-cgt-arm_16.9.7.LTS\lib\</path>
         <kind>archive</kind>
         <file>rtsv7M4_T_le_v4SPD16_eabi.lib</file>
         <name>memccpy.obj</name>
      </input_file>
      <input_file id="fl-f0">
         <path>C:\ti\ccsv7\tools\compiler\ti-cgt-arm_16.9.7.LTS\lib\</path>
         <kind>archive</kind>
         <file>rtsv7M4_T_le_v4SPD16_eabi.lib</file>
         <name>s_frexp.obj</name>
      </input_file>
      <input_file id="fl-f1">
         <path>C:\ti\ccsv7\tools\compiler\ti-cgt-arm_16.9.7.LTS\lib\</path>
         <kind>archive</kind>
         <file>rtsv7M4_T_le_v4SPD16_eabi.lib</file>
         <name>s_scalbn.obj</name>
      </input_file>
      <input_file id="fl-f2">
         <path>C:\ti\ccsv7\tools\compiler\ti-cgt-arm_16.9.7.LTS\lib\</path>
         <kind>archive</kind>
         <file>rtsv7M4_T_le_v4SPD16_eabi.lib</file>
         <name>startup.obj</name>
      </input_file>
      <input_file id="fl-f3">
         <path>C:\ti\ccsv7\tools\compiler\ti-cgt-arm_16.9.7.LTS\lib\</path>
         <kind>archive</kind>
         <file>rtsv7M4_T_le_v4SPD16_eabi.lib</file>
         <name>strchr.obj</name>
      </input_file>
      <input_file id="fl-f4">
         <path>C:\ti\ccsv7\tools\compiler\ti-cgt-arm_16.9.7.LTS\lib\</path>
         <kind>archive</kind>
         <file>rtsv7M4_T_le_v4SPD16_eabi.lib</file>
         <name>ull_div_t2.obj</name>
      </input_file>
      <input_file id="fl-f5">
         <path>C:\ti\ccsv7\tools\compiler\ti-cgt-arm_16.9.7.LTS\lib\</path>
         <kind>archive</kind>
         <file>rtsv7M4_T_le_v4SPD16_eabi.lib</file>
         <name>errno.obj</name>
      </input_file>
      <input_file id="fl-f6">
         <path>C:\ti\ccsv7\tools\compiler\ti-cgt-arm_16.9.7.LTS\lib\</path>
         <kind>archive</kind>
         <file>rtsv7M4_T_le_v4SPD16_eabi.lib</file>
         <name>s_copysign.obj</name>
      </input_file>
   </input_file_list>
   <object_component_list>
      <object_component id="oc-28">
         <name>.intvecs:retain</name>
         <load_address>0x0</load_address>
         <run_address>0x0</run_address>
         <size>0x140</size>
         <input_file_ref idref="fl-3"/>
      </object_component>
      <object_component id="oc-1ce">
         <name>.text</name>
         <load_address>0x140</load_address>
         <run_address>0x140</run_address>
         <size>0x113e</size>
         <input_file_ref idref="fl-ea"/>
      </object_component>
      <object_component id="oc-4f">
         <name>.text</name>
         <load_address>0x127e</load_address>
         <run_address>0x127e</run_address>
         <size>0x2</size>
         <input_file_ref idref="fl-e1"/>
      </object_component>
      <object_component id="oc-196">
         <name>.text</name>
         <load_address>0x1280</load_address>
         <run_address>0x1280</run_address>
         <size>0x1110</size>
         <input_file_ref idref="fl-6"/>
      </object_component>
      <object_component id="oc-fc">
         <name>.text</name>
         <load_address>0x2390</load_address>
         <run_address>0x2390</run_address>
         <size>0xa02</size>
         <input_file_ref idref="fl-c"/>
      </object_component>
      <object_component id="oc-98">
         <name>.text</name>
         <load_address>0x2d92</load_address>
         <run_address>0x2d92</run_address>
         <size>0x2</size>
         <input_file_ref idref="fl-f2"/>
      </object_component>
      <object_component id="oc-d8">
         <name>.text</name>
         <load_address>0x2d94</load_address>
         <run_address>0x2d94</run_address>
         <size>0x5cc</size>
         <input_file_ref idref="fl-9"/>
      </object_component>
      <object_component id="oc-b3">
         <name>.text</name>
         <load_address>0x3360</load_address>
         <run_address>0x3360</run_address>
         <size>0x328</size>
         <input_file_ref idref="fl-4"/>
      </object_component>
      <object_component id="oc-f6">
         <name>.text</name>
         <load_address>0x3688</load_address>
         <run_address>0x3688</run_address>
         <size>0x260</size>
         <input_file_ref idref="fl-b"/>
      </object_component>
      <object_component id="oc-d2">
         <name>.text</name>
         <load_address>0x38e8</load_address>
         <run_address>0x38e8</run_address>
         <size>0x1fc</size>
         <input_file_ref idref="fl-a"/>
      </object_component>
      <object_component id="oc-264">
         <name>.text</name>
         <load_address>0x3ae4</load_address>
         <run_address>0x3ae4</run_address>
         <size>0x1f4</size>
         <input_file_ref idref="fl-f4"/>
      </object_component>
      <object_component id="oc-1a1">
         <name>.text</name>
         <load_address>0x3cd8</load_address>
         <run_address>0x3cd8</run_address>
         <size>0x1b6</size>
         <input_file_ref idref="fl-d7"/>
      </object_component>
      <object_component id="oc-1ab">
         <name>.text</name>
         <load_address>0x3e90</load_address>
         <run_address>0x3e90</run_address>
         <size>0x1a8</size>
         <input_file_ref idref="fl-5"/>
      </object_component>
      <object_component id="oc-de">
         <name>.text</name>
         <load_address>0x4038</load_address>
         <run_address>0x4038</run_address>
         <size>0x178</size>
         <input_file_ref idref="fl-8"/>
      </object_component>
      <object_component id="oc-f0">
         <name>.text</name>
         <load_address>0x41b0</load_address>
         <run_address>0x41b0</run_address>
         <size>0x178</size>
         <input_file_ref idref="fl-7"/>
      </object_component>
      <object_component id="oc-230">
         <name>.text</name>
         <load_address>0x4328</load_address>
         <run_address>0x4328</run_address>
         <size>0x136</size>
         <input_file_ref idref="fl-d9"/>
      </object_component>
      <object_component id="oc-2d8">
         <name>.text:CS_getDCOFrequency</name>
         <load_address>0x4460</load_address>
         <run_address>0x4460</run_address>
         <size>0x104</size>
         <input_file_ref idref="fl-15"/>
      </object_component>
      <object_component id="oc-19c">
         <name>.text</name>
         <load_address>0x4564</load_address>
         <run_address>0x4564</run_address>
         <size>0xfc</size>
         <input_file_ref idref="fl-da"/>
      </object_component>
      <object_component id="oc-275">
         <name>.text</name>
         <load_address>0x4660</load_address>
         <run_address>0x4660</run_address>
         <size>0xfc</size>
         <input_file_ref idref="fl-f1"/>
      </object_component>
      <object_component id="oc-a0">
         <name>.text</name>
         <load_address>0x475c</load_address>
         <run_address>0x475c</run_address>
         <size>0xb4</size>
         <input_file_ref idref="fl-2"/>
      </object_component>
      <object_component id="oc-e4">
         <name>.text</name>
         <load_address>0x4810</load_address>
         <run_address>0x4810</run_address>
         <size>0xa4</size>
         <input_file_ref idref="fl-f"/>
      </object_component>
      <object_component id="oc-20d">
         <name>.text:CS_startHFXTWithTimeout</name>
         <load_address>0x48b4</load_address>
         <run_address>0x48b4</run_address>
         <size>0x9c</size>
         <input_file_ref idref="fl-15"/>
      </object_component>
      <object_component id="oc-214">
         <name>.text:CS_startLFXTWithTimeout</name>
         <load_address>0x4950</load_address>
         <run_address>0x4950</run_address>
         <size>0x9c</size>
         <input_file_ref idref="fl-15"/>
      </object_component>
      <object_component id="oc-21b">
         <name>.text:_CSComputeCLKFrequency</name>
         <load_address>0x49ec</load_address>
         <run_address>0x49ec</run_address>
         <size>0x9c</size>
         <input_file_ref idref="fl-15"/>
      </object_component>
      <object_component id="oc-37">
         <name>.text</name>
         <load_address>0x4a88</load_address>
         <run_address>0x4a88</run_address>
         <size>0x9c</size>
         <input_file_ref idref="fl-df"/>
      </object_component>
      <object_component id="oc-23f">
         <name>.text:__aeabi_cdcmple</name>
         <load_address>0x4b24</load_address>
         <run_address>0x4b24</run_address>
         <size>0x86</size>
         <input_file_ref idref="fl-d8"/>
      </object_component>
      <object_component id="oc-244">
         <name>.text:__aeabi_cdrcmple</name>
         <load_address>0x4baa</load_address>
         <run_address>0x4baa</run_address>
         <size>0x86</size>
         <input_file_ref idref="fl-d8"/>
      </object_component>
      <object_component id="oc-43">
         <name>.text</name>
         <load_address>0x4c30</load_address>
         <run_address>0x4c30</run_address>
         <size>0x7a</size>
         <input_file_ref idref="fl-e0"/>
      </object_component>
      <object_component id="oc-2c4">
         <name>.text:_CSGetHFXTFrequency</name>
         <load_address>0x4cac</load_address>
         <run_address>0x4cac</run_address>
         <size>0x70</size>
         <input_file_ref idref="fl-15"/>
      </object_component>
      <object_component id="oc-5b">
         <name>.text</name>
         <load_address>0x4d1c</load_address>
         <run_address>0x4d1c</run_address>
         <size>0x70</size>
         <input_file_ref idref="fl-ec"/>
      </object_component>
      <object_component id="oc-1a6">
         <name>.text</name>
         <load_address>0x4d8c</load_address>
         <run_address>0x4d8c</run_address>
         <size>0x6e</size>
         <input_file_ref idref="fl-dc"/>
      </object_component>
      <object_component id="oc-10">
         <name>.text:decompress:lzss</name>
         <load_address>0x4dfa</load_address>
         <run_address>0x4dfa</run_address>
         <size>0x68</size>
         <input_file_ref idref="fl-d2"/>
      </object_component>
      <object_component id="oc-1b8">
         <name>.text:Interrupt_enableInterrupt</name>
         <load_address>0x4e64</load_address>
         <run_address>0x4e64</run_address>
         <size>0x64</size>
         <input_file_ref idref="fl-16"/>
      </object_component>
      <object_component id="oc-26f">
         <name>.text</name>
         <load_address>0x4ec8</load_address>
         <run_address>0x4ec8</run_address>
         <size>0x64</size>
         <input_file_ref idref="fl-f0"/>
      </object_component>
      <object_component id="oc-130">
         <name>.text</name>
         <load_address>0x4f2c</load_address>
         <run_address>0x4f2c</run_address>
         <size>0x60</size>
         <input_file_ref idref="fl-e3"/>
      </object_component>
      <object_component id="oc-22">
         <name>.text</name>
         <load_address>0x4f8c</load_address>
         <run_address>0x4f8c</run_address>
         <size>0x54</size>
         <input_file_ref idref="fl-d1"/>
      </object_component>
      <object_component id="oc-67">
         <name>.text</name>
         <load_address>0x4fe0</load_address>
         <run_address>0x4fe0</run_address>
         <size>0x54</size>
         <input_file_ref idref="fl-d6"/>
      </object_component>
      <object_component id="oc-269">
         <name>.text</name>
         <load_address>0x5034</load_address>
         <run_address>0x5034</run_address>
         <size>0x54</size>
         <input_file_ref idref="fl-ee"/>
      </object_component>
      <object_component id="oc-32b">
         <name>.text:SysCtl_getTLVInfo</name>
         <load_address>0x5088</load_address>
         <run_address>0x5088</run_address>
         <size>0x50</size>
         <input_file_ref idref="fl-17"/>
      </object_component>
      <object_component id="oc-143">
         <name>.text:UART_registerInterrupt</name>
         <load_address>0x50d8</load_address>
         <run_address>0x50d8</run_address>
         <size>0x4c</size>
         <input_file_ref idref="fl-19"/>
      </object_component>
      <object_component id="oc-325">
         <name>.text:_CSGetDOCFrequency</name>
         <load_address>0x5124</load_address>
         <run_address>0x5124</run_address>
         <size>0x4c</size>
         <input_file_ref idref="fl-15"/>
      </object_component>
      <object_component id="oc-155">
         <name>.text</name>
         <load_address>0x5170</load_address>
         <run_address>0x5170</run_address>
         <size>0x4c</size>
         <input_file_ref idref="fl-d0"/>
      </object_component>
      <object_component id="oc-92">
         <name>.text</name>
         <load_address>0x51bc</load_address>
         <run_address>0x51bc</run_address>
         <size>0x4c</size>
         <input_file_ref idref="fl-ed"/>
      </object_component>
      <object_component id="oc-2d2">
         <name>.text:_CSGetDividerValue</name>
         <load_address>0x5208</load_address>
         <run_address>0x5208</run_address>
         <size>0x48</size>
         <input_file_ref idref="fl-15"/>
      </object_component>
      <object_component id="oc-23a">
         <name>.text</name>
         <load_address>0x5250</load_address>
         <run_address>0x5250</run_address>
         <size>0x48</size>
         <input_file_ref idref="fl-db"/>
      </object_component>
      <object_component id="oc-136">
         <name>.text</name>
         <load_address>0x5298</load_address>
         <run_address>0x5298</run_address>
         <size>0x38</size>
         <input_file_ref idref="fl-dd"/>
      </object_component>
      <object_component id="oc-1e8">
         <name>.text:Interrupt_registerInterrupt</name>
         <load_address>0x52d0</load_address>
         <run_address>0x52d0</run_address>
         <size>0x34</size>
         <input_file_ref idref="fl-16"/>
      </object_component>
      <object_component id="oc-14f">
         <name>.text</name>
         <load_address>0x5304</load_address>
         <run_address>0x5304</run_address>
         <size>0x34</size>
         <input_file_ref idref="fl-e7"/>
      </object_component>
      <object_component id="oc-235">
         <name>.text</name>
         <load_address>0x5338</load_address>
         <run_address>0x5338</run_address>
         <size>0x2e</size>
         <input_file_ref idref="fl-de"/>
      </object_component>
      <object_component id="oc-ea">
         <name>.text</name>
         <load_address>0x5368</load_address>
         <run_address>0x5368</run_address>
         <size>0x2c</size>
         <input_file_ref idref="fl-e"/>
      </object_component>
      <object_component id="oc-2de">
         <name>.text:CS_clearInterruptFlag</name>
         <load_address>0x5394</load_address>
         <run_address>0x5394</run_address>
         <size>0x24</size>
         <input_file_ref idref="fl-15"/>
      </object_component>
      <object_component id="oc-22b">
         <name>.text</name>
         <load_address>0x53b8</load_address>
         <run_address>0x53b8</run_address>
         <size>0x20</size>
         <input_file_ref idref="fl-e8"/>
      </object_component>
      <object_component id="oc-281">
         <name>.text</name>
         <load_address>0x53d8</load_address>
         <run_address>0x53d8</run_address>
         <size>0x1c</size>
         <input_file_ref idref="fl-ef"/>
      </object_component>
      <object_component id="oc-17e">
         <name>.text:CS_getMCLK</name>
         <load_address>0x53f4</load_address>
         <run_address>0x53f4</run_address>
         <size>0x18</size>
         <input_file_ref idref="fl-15"/>
      </object_component>
      <object_component id="oc-184">
         <name>.text:CS_getSMCLK</name>
         <load_address>0x540c</load_address>
         <run_address>0x540c</run_address>
         <size>0x18</size>
         <input_file_ref idref="fl-15"/>
      </object_component>
      <object_component id="oc-61">
         <name>.text</name>
         <load_address>0x5424</load_address>
         <run_address>0x5424</run_address>
         <size>0x18</size>
         <input_file_ref idref="fl-eb"/>
      </object_component>
      <object_component id="oc-27b">
         <name>.text</name>
         <load_address>0x543c</load_address>
         <run_address>0x543c</run_address>
         <size>0x16</size>
         <input_file_ref idref="fl-f3"/>
      </object_component>
      <object_component id="oc-16c">
         <name>.text:CS_setExternalClockSourceFrequency</name>
         <load_address>0x5454</load_address>
         <run_address>0x5454</run_address>
         <size>0x14</size>
         <input_file_ref idref="fl-15"/>
      </object_component>
      <object_component id="oc-10f">
         <name>.text</name>
         <load_address>0x5468</load_address>
         <run_address>0x5468</run_address>
         <size>0x14</size>
         <input_file_ref idref="fl-e9"/>
      </object_component>
      <object_component id="oc-303">
         <name>.text</name>
         <load_address>0x547c</load_address>
         <run_address>0x547c</run_address>
         <size>0x14</size>
         <input_file_ref idref="fl-f6"/>
      </object_component>
      <object_component id="oc-149">
         <name>.text</name>
         <load_address>0x5490</load_address>
         <run_address>0x5490</run_address>
         <size>0x14</size>
         <input_file_ref idref="fl-e5"/>
      </object_component>
      <object_component id="oc-164">
         <name>.text</name>
         <load_address>0x54a4</load_address>
         <run_address>0x54a4</run_address>
         <size>0x14</size>
         <input_file_ref idref="fl-e6"/>
      </object_component>
      <object_component id="oc-71">
         <name>.text</name>
         <load_address>0x54b8</load_address>
         <run_address>0x54b8</run_address>
         <size>0x12</size>
         <input_file_ref idref="fl-3"/>
      </object_component>
      <object_component id="oc-2be">
         <name>.text:SysCtl_disableNMISource</name>
         <load_address>0x54cc</load_address>
         <run_address>0x54cc</run_address>
         <size>0x10</size>
         <input_file_ref idref="fl-17"/>
      </object_component>
      <object_component id="oc-2ca">
         <name>.text:SysCtl_enableNMISource</name>
         <load_address>0x54dc</load_address>
         <run_address>0x54dc</run_address>
         <size>0x10</size>
         <input_file_ref idref="fl-17"/>
      </object_component>
      <object_component id="oc-18a">
         <name>.text:Timer32_registerInterrupt</name>
         <load_address>0x54ec</load_address>
         <run_address>0x54ec</run_address>
         <size>0x10</size>
         <input_file_ref idref="fl-18"/>
      </object_component>
      <object_component id="oc-16">
         <name>.text:decompress:none</name>
         <load_address>0x54fc</load_address>
         <run_address>0x54fc</run_address>
         <size>0xe</size>
         <input_file_ref idref="fl-d3"/>
      </object_component>
      <object_component id="oc-2b8">
         <name>.text:SysCtl_getNMISourceStatus</name>
         <load_address>0x550c</load_address>
         <run_address>0x550c</run_address>
         <size>0xc</size>
         <input_file_ref idref="fl-17"/>
      </object_component>
      <object_component id="oc-1c">
         <name>.text:decompress:ZI</name>
         <load_address>0x5518</load_address>
         <run_address>0x5518</run_address>
         <size>0xc</size>
         <input_file_ref idref="fl-d4"/>
      </object_component>
      <object_component id="oc-172">
         <name>.text:CS_startHFXT</name>
         <load_address>0x5524</load_address>
         <run_address>0x5524</run_address>
         <size>0x6</size>
         <input_file_ref idref="fl-15"/>
      </object_component>
      <object_component id="oc-178">
         <name>.text:CS_startLFXT</name>
         <load_address>0x552a</load_address>
         <run_address>0x552a</run_address>
         <size>0x6</size>
         <input_file_ref idref="fl-15"/>
      </object_component>
      <object_component id="oc-55">
         <name>.text</name>
         <load_address>0x5530</load_address>
         <run_address>0x5530</run_address>
         <size>0x4</size>
         <input_file_ref idref="fl-e2"/>
      </object_component>
      <object_component id="oc-1c2">
         <name>.const:.string:Font</name>
         <load_address>0x5534</load_address>
         <run_address>0x5534</run_address>
         <size>0x4fb</size>
         <input_file_ref idref="fl-c"/>
      </object_component>
      <object_component id="oc-1f4">
         <name>.const:.string:_ctypes_</name>
         <load_address>0x5a2f</load_address>
         <run_address>0x5a2f</run_address>
         <size>0x101</size>
         <input_file_ref idref="fl-d5"/>
      </object_component>
      <object_component id="oc-1bf">
         <name>.const:.string:Bcmd</name>
         <load_address>0x5b30</load_address>
         <run_address>0x5b30</run_address>
         <size>0x41</size>
         <input_file_ref idref="fl-c"/>
      </object_component>
      <object_component id="oc-259">
         <name>.const</name>
         <load_address>0x5b74</load_address>
         <run_address>0x5b74</run_address>
         <size>0x40</size>
         <input_file_ref idref="fl-16"/>
      </object_component>
      <object_component id="oc-191">
         <name>.const:uartConfigA0</name>
         <load_address>0x5bb4</load_address>
         <run_address>0x5bb4</run_address>
         <size>0x24</size>
         <input_file_ref idref="fl-f"/>
      </object_component>
      <object_component id="oc-15b">
         <name>.const:uartConfigA2</name>
         <load_address>0x5bd8</load_address>
         <run_address>0x5bd8</run_address>
         <size>0x24</size>
         <input_file_ref idref="fl-9"/>
      </object_component>
      <object_component id="oc-228">
         <name>.const:$P$T0$1</name>
         <load_address>0x5bfc</load_address>
         <run_address>0x5bfc</run_address>
         <size>0xc</size>
         <input_file_ref idref="fl-6"/>
      </object_component>
      <object_component id="oc-367">
         <name>.cinit..data.load</name>
         <load_address>0x5c08</load_address>
         <run_address>0x5c08</run_address>
         <size>0x18</size>
      </object_component>
      <object_component id="oc-364">
         <name>__TI_handler_table</name>
         <load_address>0x5c20</load_address>
         <run_address>0x5c20</run_address>
         <size>0xc</size>
      </object_component>
      <object_component id="oc-368">
         <name>.cinit..bss.load</name>
         <load_address>0x5c30</load_address>
         <run_address>0x5c30</run_address>
         <size>0x8</size>
      </object_component>
      <object_component id="oc-366">
         <name>.cinit..vtable.load</name>
         <load_address>0x5c38</load_address>
         <run_address>0x5c38</run_address>
         <size>0x8</size>
      </object_component>
      <object_component id="oc-365">
         <name>__TI_cinit_table</name>
         <load_address>0x5c40</load_address>
         <run_address>0x5c40</run_address>
         <size>0x18</size>
      </object_component>
      <object_component id="oc-29b">
         <name>.vtable</name>
         <uninitialized>true</uninitialized>
         <run_address>0x20000000</run_address>
         <size>0xe4</size>
         <input_file_ref idref="fl-16"/>
      </object_component>
      <object_component id="oc-11b">
         <name>.data</name>
         <load_address>0x20000524</load_address>
         <run_address>0x20000524</run_address>
         <size>0x4</size>
         <input_file_ref idref="fl-4"/>
      </object_component>
      <object_component id="oc-1b1">
         <name>.data:comp_data</name>
         <load_address>0x200004e8</load_address>
         <run_address>0x200004e8</run_address>
         <size>0x18</size>
         <input_file_ref idref="fl-7"/>
      </object_component>
      <object_component id="oc-102">
         <name>.data</name>
         <load_address>0x20000514</load_address>
         <run_address>0x20000514</run_address>
         <size>0x4</size>
         <input_file_ref idref="fl-8"/>
      </object_component>
      <object_component id="oc-161">
         <name>.data</name>
         <load_address>0x20000528</load_address>
         <run_address>0x20000528</run_address>
         <size>0x2</size>
         <input_file_ref idref="fl-9"/>
      </object_component>
      <object_component id="oc-15e">
         <name>.data:RX_Buffer</name>
         <load_address>0x200000e8</load_address>
         <run_address>0x200000e8</run_address>
         <size>0x400</size>
         <input_file_ref idref="fl-9"/>
      </object_component>
      <object_component id="oc-13b">
         <name>.data</name>
         <load_address>0x20000518</load_address>
         <run_address>0x20000518</run_address>
         <size>0x4</size>
         <input_file_ref idref="fl-a"/>
      </object_component>
      <object_component id="oc-a8">
         <name>.data:$O1$$</name>
         <load_address>0x20000500</load_address>
         <run_address>0x20000500</run_address>
         <size>0xc</size>
         <input_file_ref idref="fl-d6"/>
      </object_component>
      <object_component id="oc-6d">
         <name>.data</name>
         <load_address>0x20000520</load_address>
         <run_address>0x20000520</run_address>
         <size>0x4</size>
         <input_file_ref idref="fl-e4"/>
      </object_component>
      <object_component id="oc-ab">
         <name>.data:$O1$$</name>
         <load_address>0x2000050c</load_address>
         <run_address>0x2000050c</run_address>
         <size>0x8</size>
         <input_file_ref idref="fl-e9"/>
      </object_component>
      <object_component id="oc-309">
         <name>.data</name>
         <load_address>0x2000051c</load_address>
         <run_address>0x2000051c</run_address>
         <size>0x4</size>
         <input_file_ref idref="fl-f5"/>
      </object_component>
      <object_component id="oc-1b4">
         <name>.common:dev</name>
         <uninitialized>true</uninitialized>
         <run_address>0x2000052c</run_address>
         <size>0x40</size>
      </object_component>
      <object_component id="oc-20b">
         <name>.common:hfxtFreq</name>
         <uninitialized>true</uninitialized>
         <run_address>0x2000056c</run_address>
         <size>0x4</size>
      </object_component>
      <object_component id="oc-208">
         <name>.common:lfxtFreq</name>
         <uninitialized>true</uninitialized>
         <run_address>0x20000570</run_address>
         <size>0x4</size>
      </object_component>
      <object_component id="oc-2b">
         <name>.stack</name>
         <uninitialized>true</uninitialized>
         <run_address>0x2000fe00</run_address>
         <size>0x0</size>
         <input_file_ref idref="fl-d1"/>
      </object_component>
      <object_component id="oc-369">
         <name>.stack</name>
         <uninitialized>true</uninitialized>
         <run_address>0x2000fe00</run_address>
         <size>0x0</size>
      </object_component>
      <object_component id="oc-29a">
         <name>.debug_info</name>
         <load_address>0x0</load_address>
         <run_address>0x0</run_address>
         <size>0x6b2</size>
         <input_file_ref idref="fl-2"/>
      </object_component>
      <object_component id="oc-a2">
         <name>.debug_info</name>
         <load_address>0x6b2</load_address>
         <run_address>0x6b2</run_address>
         <size>0x2ae</size>
         <input_file_ref idref="fl-2"/>
      </object_component>
      <object_component id="oc-1e3">
         <name>.debug_info</name>
         <load_address>0x960</load_address>
         <run_address>0x960</run_address>
         <size>0x1055</size>
         <input_file_ref idref="fl-2"/>
      </object_component>
      <object_component id="oc-1de">
         <name>.debug_info</name>
         <load_address>0x19b5</load_address>
         <run_address>0x19b5</run_address>
         <size>0x37e2</size>
         <input_file_ref idref="fl-2"/>
      </object_component>
      <object_component id="oc-2b3">
         <name>.debug_info</name>
         <load_address>0x5197</load_address>
         <run_address>0x5197</run_address>
         <size>0x1b5</size>
         <input_file_ref idref="fl-2"/>
      </object_component>
      <object_component id="oc-13d">
         <name>.debug_info</name>
         <load_address>0x534c</load_address>
         <run_address>0x534c</run_address>
         <size>0xc6</size>
         <input_file_ref idref="fl-2"/>
      </object_component>
      <object_component id="oc-be">
         <name>.debug_info</name>
         <load_address>0x5412</load_address>
         <run_address>0x5412</run_address>
         <size>0x8b</size>
         <input_file_ref idref="fl-2"/>
      </object_component>
      <object_component id="oc-11f">
         <name>.debug_info</name>
         <load_address>0x549d</load_address>
         <run_address>0x549d</run_address>
         <size>0x18b</size>
         <input_file_ref idref="fl-2"/>
      </object_component>
      <object_component id="oc-203">
         <name>.debug_info</name>
         <load_address>0x5628</load_address>
         <run_address>0x5628</run_address>
         <size>0xee</size>
         <input_file_ref idref="fl-2"/>
      </object_component>
      <object_component id="oc-79">
         <name>.debug_info</name>
         <load_address>0x5716</load_address>
         <run_address>0x5716</run_address>
         <size>0x2c2</size>
         <input_file_ref idref="fl-3"/>
      </object_component>
      <object_component id="oc-29">
         <name>.debug_info</name>
         <load_address>0x59d8</load_address>
         <run_address>0x59d8</run_address>
         <size>0xff</size>
         <input_file_ref idref="fl-3"/>
      </object_component>
      <object_component id="oc-72">
         <name>.debug_info</name>
         <load_address>0x5ad7</load_address>
         <run_address>0x5ad7</run_address>
         <size>0x266</size>
         <input_file_ref idref="fl-3"/>
      </object_component>
      <object_component id="oc-32">
         <name>.debug_info</name>
         <load_address>0x5d3d</load_address>
         <run_address>0x5d3d</run_address>
         <size>0x84</size>
         <input_file_ref idref="fl-3"/>
      </object_component>
      <object_component id="oc-11c">
         <name>.debug_info</name>
         <load_address>0x5dc1</load_address>
         <run_address>0x5dc1</run_address>
         <size>0xf8</size>
         <input_file_ref idref="fl-4"/>
      </object_component>
      <object_component id="oc-b6">
         <name>.debug_info</name>
         <load_address>0x5eb9</load_address>
         <run_address>0x5eb9</run_address>
         <size>0x26a</size>
         <input_file_ref idref="fl-4"/>
      </object_component>
      <object_component id="oc-254">
         <name>.debug_info</name>
         <load_address>0x6123</load_address>
         <run_address>0x6123</run_address>
         <size>0x52d</size>
         <input_file_ref idref="fl-5"/>
      </object_component>
      <object_component id="oc-1ad">
         <name>.debug_info</name>
         <load_address>0x6650</load_address>
         <run_address>0x6650</run_address>
         <size>0x37c</size>
         <input_file_ref idref="fl-5"/>
      </object_component>
      <object_component id="oc-24a">
         <name>.debug_info</name>
         <load_address>0x69cc</load_address>
         <run_address>0x69cc</run_address>
         <size>0x343</size>
         <input_file_ref idref="fl-6"/>
      </object_component>
      <object_component id="oc-229">
         <name>.debug_info</name>
         <load_address>0x6d0f</load_address>
         <run_address>0x6d0f</run_address>
         <size>0xe3</size>
         <input_file_ref idref="fl-6"/>
      </object_component>
      <object_component id="oc-198">
         <name>.debug_info</name>
         <load_address>0x6df2</load_address>
         <run_address>0x6df2</run_address>
         <size>0x3151</size>
         <input_file_ref idref="fl-6"/>
      </object_component>
      <object_component id="oc-24b">
         <name>.debug_info</name>
         <load_address>0x9f43</load_address>
         <run_address>0x9f43</run_address>
         <size>0x3c2</size>
         <input_file_ref idref="fl-6"/>
      </object_component>
      <object_component id="oc-1b5">
         <name>.debug_info</name>
         <load_address>0xa305</load_address>
         <run_address>0xa305</run_address>
         <size>0x7c1</size>
         <input_file_ref idref="fl-7"/>
      </object_component>
      <object_component id="oc-1b2">
         <name>.debug_info</name>
         <load_address>0xaac6</load_address>
         <run_address>0xaac6</run_address>
         <size>0xef</size>
         <input_file_ref idref="fl-7"/>
      </object_component>
      <object_component id="oc-f1">
         <name>.debug_info</name>
         <load_address>0xabb5</load_address>
         <run_address>0xabb5</run_address>
         <size>0x513</size>
         <input_file_ref idref="fl-7"/>
      </object_component>
      <object_component id="oc-1d6">
         <name>.debug_info</name>
         <load_address>0xb0c8</load_address>
         <run_address>0xb0c8</run_address>
         <size>0x4e</size>
         <input_file_ref idref="fl-7"/>
      </object_component>
      <object_component id="oc-103">
         <name>.debug_info</name>
         <load_address>0xb116</load_address>
         <run_address>0xb116</run_address>
         <size>0xf9</size>
         <input_file_ref idref="fl-8"/>
      </object_component>
      <object_component id="oc-e0">
         <name>.debug_info</name>
         <load_address>0xb20f</load_address>
         <run_address>0xb20f</run_address>
         <size>0x489</size>
         <input_file_ref idref="fl-8"/>
      </object_component>
      <object_component id="oc-16b">
         <name>.debug_info</name>
         <load_address>0xb698</load_address>
         <run_address>0xb698</run_address>
         <size>0x7ff</size>
         <input_file_ref idref="fl-9"/>
      </object_component>
      <object_component id="oc-162">
         <name>.debug_info</name>
         <load_address>0xbe97</load_address>
         <run_address>0xbe97</run_address>
         <size>0xe7</size>
         <input_file_ref idref="fl-9"/>
      </object_component>
      <object_component id="oc-15f">
         <name>.debug_info</name>
         <load_address>0xbf7e</load_address>
         <run_address>0xbf7e</run_address>
         <size>0xe9</size>
         <input_file_ref idref="fl-9"/>
      </object_component>
      <object_component id="oc-15c">
         <name>.debug_info</name>
         <load_address>0xc067</load_address>
         <run_address>0xc067</run_address>
         <size>0xef</size>
         <input_file_ref idref="fl-9"/>
      </object_component>
      <object_component id="oc-d9">
         <name>.debug_info</name>
         <load_address>0xc156</load_address>
         <run_address>0xc156</run_address>
         <size>0xb3d</size>
         <input_file_ref idref="fl-9"/>
      </object_component>
      <object_component id="oc-89">
         <name>.debug_info</name>
         <load_address>0xcc93</load_address>
         <run_address>0xcc93</run_address>
         <size>0x2c</size>
         <input_file_ref idref="fl-9"/>
      </object_component>
      <object_component id="oc-142">
         <name>.debug_info</name>
         <load_address>0xccbf</load_address>
         <run_address>0xccbf</run_address>
         <size>0x6b3</size>
         <input_file_ref idref="fl-a"/>
      </object_component>
      <object_component id="oc-d3">
         <name>.debug_info</name>
         <load_address>0xd372</load_address>
         <run_address>0xd372</run_address>
         <size>0x3db</size>
         <input_file_ref idref="fl-a"/>
      </object_component>
      <object_component id="oc-f8">
         <name>.debug_info</name>
         <load_address>0xd74d</load_address>
         <run_address>0xd74d</run_address>
         <size>0x722</size>
         <input_file_ref idref="fl-b"/>
      </object_component>
      <object_component id="oc-1c6">
         <name>.debug_info</name>
         <load_address>0xde6f</load_address>
         <run_address>0xde6f</run_address>
         <size>0x6c5</size>
         <input_file_ref idref="fl-c"/>
      </object_component>
      <object_component id="oc-1c3">
         <name>.debug_info</name>
         <load_address>0xe534</load_address>
         <run_address>0xe534</run_address>
         <size>0xde</size>
         <input_file_ref idref="fl-c"/>
      </object_component>
      <object_component id="oc-1c0">
         <name>.debug_info</name>
         <load_address>0xe612</load_address>
         <run_address>0xe612</run_address>
         <size>0xdf</size>
         <input_file_ref idref="fl-c"/>
      </object_component>
      <object_component id="oc-ff">
         <name>.debug_info</name>
         <load_address>0xe6f1</load_address>
         <run_address>0xe6f1</run_address>
         <size>0x149c</size>
         <input_file_ref idref="fl-c"/>
      </object_component>
      <object_component id="oc-eb">
         <name>.debug_info</name>
         <load_address>0xfb8d</load_address>
         <run_address>0xfb8d</run_address>
         <size>0x149</size>
         <input_file_ref idref="fl-e"/>
      </object_component>
      <object_component id="oc-227">
         <name>.debug_info</name>
         <load_address>0xfcd6</load_address>
         <run_address>0xfcd6</run_address>
         <size>0x594</size>
         <input_file_ref idref="fl-f"/>
      </object_component>
      <object_component id="oc-192">
         <name>.debug_info</name>
         <load_address>0x1026a</load_address>
         <run_address>0x1026a</run_address>
         <size>0xfb</size>
         <input_file_ref idref="fl-f"/>
      </object_component>
      <object_component id="oc-e6">
         <name>.debug_info</name>
         <load_address>0x10365</load_address>
         <run_address>0x10365</run_address>
         <size>0x25f</size>
         <input_file_ref idref="fl-f"/>
      </object_component>
      <object_component id="oc-209">
         <name>.debug_info</name>
         <load_address>0x105c4</load_address>
         <run_address>0x105c4</run_address>
         <size>0x5ef</size>
         <input_file_ref idref="fl-15"/>
      </object_component>
      <object_component id="oc-215">
         <name>.debug_info</name>
         <load_address>0x10bb3</load_address>
         <run_address>0x10bb3</run_address>
         <size>0x21a</size>
         <input_file_ref idref="fl-15"/>
      </object_component>
      <object_component id="oc-179">
         <name>.debug_info</name>
         <load_address>0x10dcd</load_address>
         <run_address>0x10dcd</run_address>
         <size>0x11c</size>
         <input_file_ref idref="fl-15"/>
      </object_component>
      <object_component id="oc-2c5">
         <name>.debug_info</name>
         <load_address>0x10ee9</load_address>
         <run_address>0x10ee9</run_address>
         <size>0xfc</size>
         <input_file_ref idref="fl-15"/>
      </object_component>
      <object_component id="oc-20e">
         <name>.debug_info</name>
         <load_address>0x10fe5</load_address>
         <run_address>0x10fe5</run_address>
         <size>0x23c</size>
         <input_file_ref idref="fl-15"/>
      </object_component>
      <object_component id="oc-173">
         <name>.debug_info</name>
         <load_address>0x11221</load_address>
         <run_address>0x11221</run_address>
         <size>0x122</size>
         <input_file_ref idref="fl-15"/>
      </object_component>
      <object_component id="oc-16d">
         <name>.debug_info</name>
         <load_address>0x11343</load_address>
         <run_address>0x11343</run_address>
         <size>0x1dd</size>
         <input_file_ref idref="fl-15"/>
      </object_component>
      <object_component id="oc-2d3">
         <name>.debug_info</name>
         <load_address>0x11520</load_address>
         <run_address>0x11520</run_address>
         <size>0x131</size>
         <input_file_ref idref="fl-15"/>
      </object_component>
      <object_component id="oc-326">
         <name>.debug_info</name>
         <load_address>0x11651</load_address>
         <run_address>0x11651</run_address>
         <size>0x129</size>
         <input_file_ref idref="fl-15"/>
      </object_component>
      <object_component id="oc-2d9">
         <name>.debug_info</name>
         <load_address>0x1177a</load_address>
         <run_address>0x1177a</run_address>
         <size>0x1dd</size>
         <input_file_ref idref="fl-15"/>
      </object_component>
      <object_component id="oc-2df">
         <name>.debug_info</name>
         <load_address>0x11957</load_address>
         <run_address>0x11957</run_address>
         <size>0x120</size>
         <input_file_ref idref="fl-15"/>
      </object_component>
      <object_component id="oc-21c">
         <name>.debug_info</name>
         <load_address>0x11a77</load_address>
         <run_address>0x11a77</run_address>
         <size>0x1d8</size>
         <input_file_ref idref="fl-15"/>
      </object_component>
      <object_component id="oc-185">
         <name>.debug_info</name>
         <load_address>0x11c4f</load_address>
         <run_address>0x11c4f</run_address>
         <size>0x132</size>
         <input_file_ref idref="fl-15"/>
      </object_component>
      <object_component id="oc-17f">
         <name>.debug_info</name>
         <load_address>0x11d81</load_address>
         <run_address>0x11d81</run_address>
         <size>0x130</size>
         <input_file_ref idref="fl-15"/>
      </object_component>
      <object_component id="oc-2a1">
         <name>.debug_info</name>
         <load_address>0x11eb1</load_address>
         <run_address>0x11eb1</run_address>
         <size>0x103e</size>
         <input_file_ref idref="fl-15"/>
      </object_component>
      <object_component id="oc-25d">
         <name>.debug_info</name>
         <load_address>0x12eef</load_address>
         <run_address>0x12eef</run_address>
         <size>0x432</size>
         <input_file_ref idref="fl-16"/>
      </object_component>
      <object_component id="oc-25a">
         <name>.debug_info</name>
         <load_address>0x13321</load_address>
         <run_address>0x13321</run_address>
         <size>0x173</size>
         <input_file_ref idref="fl-16"/>
      </object_component>
      <object_component id="oc-29c">
         <name>.debug_info</name>
         <load_address>0x13494</load_address>
         <run_address>0x13494</run_address>
         <size>0xd2</size>
         <input_file_ref idref="fl-16"/>
      </object_component>
      <object_component id="oc-1ea">
         <name>.debug_info</name>
         <load_address>0x13566</load_address>
         <run_address>0x13566</run_address>
         <size>0x1b7</size>
         <input_file_ref idref="fl-16"/>
      </object_component>
      <object_component id="oc-1ba">
         <name>.debug_info</name>
         <load_address>0x1371d</load_address>
         <run_address>0x1371d</run_address>
         <size>0x16b</size>
         <input_file_ref idref="fl-16"/>
      </object_component>
      <object_component id="oc-321">
         <name>.debug_info</name>
         <load_address>0x13888</load_address>
         <run_address>0x13888</run_address>
         <size>0x379</size>
         <input_file_ref idref="fl-17"/>
      </object_component>
      <object_component id="oc-32e">
         <name>.debug_info</name>
         <load_address>0x13c01</load_address>
         <run_address>0x13c01</run_address>
         <size>0x1d6</size>
         <input_file_ref idref="fl-17"/>
      </object_component>
      <object_component id="oc-2bb">
         <name>.debug_info</name>
         <load_address>0x13dd7</load_address>
         <run_address>0x13dd7</run_address>
         <size>0x10f</size>
         <input_file_ref idref="fl-17"/>
      </object_component>
      <object_component id="oc-2cd">
         <name>.debug_info</name>
         <load_address>0x13ee6</load_address>
         <run_address>0x13ee6</run_address>
         <size>0x12b</size>
         <input_file_ref idref="fl-17"/>
      </object_component>
      <object_component id="oc-2c1">
         <name>.debug_info</name>
         <load_address>0x14011</load_address>
         <run_address>0x14011</run_address>
         <size>0x12d</size>
         <input_file_ref idref="fl-17"/>
      </object_component>
      <object_component id="oc-224">
         <name>.debug_info</name>
         <load_address>0x1413e</load_address>
         <run_address>0x1413e</run_address>
         <size>0x486</size>
         <input_file_ref idref="fl-18"/>
      </object_component>
      <object_component id="oc-18d">
         <name>.debug_info</name>
         <load_address>0x145c4</load_address>
         <run_address>0x145c4</run_address>
         <size>0x1b7</size>
         <input_file_ref idref="fl-18"/>
      </object_component>
      <object_component id="oc-1ef">
         <name>.debug_info</name>
         <load_address>0x1477b</load_address>
         <run_address>0x1477b</run_address>
         <size>0x498</size>
         <input_file_ref idref="fl-19"/>
      </object_component>
      <object_component id="oc-147">
         <name>.debug_info</name>
         <load_address>0x14c13</load_address>
         <run_address>0x14c13</run_address>
         <size>0x1ec</size>
         <input_file_ref idref="fl-19"/>
      </object_component>
      <object_component id="oc-1f8">
         <name>.debug_info</name>
         <load_address>0x14dff</load_address>
         <run_address>0x14dff</run_address>
         <size>0x2ae</size>
         <input_file_ref idref="fl-d0"/>
      </object_component>
      <object_component id="oc-157">
         <name>.debug_info</name>
         <load_address>0x150ad</load_address>
         <run_address>0x150ad</run_address>
         <size>0x171</size>
         <input_file_ref idref="fl-d0"/>
      </object_component>
      <object_component id="oc-23">
         <name>.debug_info</name>
         <load_address>0x1521e</load_address>
         <run_address>0x1521e</run_address>
         <size>0x160</size>
         <input_file_ref idref="fl-d1"/>
      </object_component>
      <object_component id="oc-7f">
         <name>.debug_info</name>
         <load_address>0x1537e</load_address>
         <run_address>0x1537e</run_address>
         <size>0x293</size>
         <input_file_ref idref="fl-d2"/>
      </object_component>
      <object_component id="oc-11">
         <name>.debug_info</name>
         <load_address>0x15611</load_address>
         <run_address>0x15611</run_address>
         <size>0x245</size>
         <input_file_ref idref="fl-d2"/>
      </object_component>
      <object_component id="oc-2d">
         <name>.debug_info</name>
         <load_address>0x15856</load_address>
         <run_address>0x15856</run_address>
         <size>0x60</size>
         <input_file_ref idref="fl-d2"/>
      </object_component>
      <object_component id="oc-7a">
         <name>.debug_info</name>
         <load_address>0x158b6</load_address>
         <run_address>0x158b6</run_address>
         <size>0x46</size>
         <input_file_ref idref="fl-d2"/>
      </object_component>
      <object_component id="oc-42">
         <name>.debug_info</name>
         <load_address>0x158fc</load_address>
         <run_address>0x158fc</run_address>
         <size>0x2da</size>
         <input_file_ref idref="fl-d3"/>
      </object_component>
      <object_component id="oc-17">
         <name>.debug_info</name>
         <load_address>0x15bd6</load_address>
         <run_address>0x15bd6</run_address>
         <size>0x1df</size>
         <input_file_ref idref="fl-d3"/>
      </object_component>
      <object_component id="oc-3d">
         <name>.debug_info</name>
         <load_address>0x15db5</load_address>
         <run_address>0x15db5</run_address>
         <size>0x46</size>
         <input_file_ref idref="fl-d3"/>
      </object_component>
      <object_component id="oc-81">
         <name>.debug_info</name>
         <load_address>0x15dfb</load_address>
         <run_address>0x15dfb</run_address>
         <size>0x2c</size>
         <input_file_ref idref="fl-d3"/>
      </object_component>
      <object_component id="oc-4e">
         <name>.debug_info</name>
         <load_address>0x15e27</load_address>
         <run_address>0x15e27</run_address>
         <size>0x2c9</size>
         <input_file_ref idref="fl-d4"/>
      </object_component>
      <object_component id="oc-1f">
         <name>.debug_info</name>
         <load_address>0x160f0</load_address>
         <run_address>0x160f0</run_address>
         <size>0x1aa</size>
         <input_file_ref idref="fl-d4"/>
      </object_component>
      <object_component id="oc-49">
         <name>.debug_info</name>
         <load_address>0x1629a</load_address>
         <run_address>0x1629a</run_address>
         <size>0x46</size>
         <input_file_ref idref="fl-d4"/>
      </object_component>
      <object_component id="oc-2ac">
         <name>.debug_info</name>
         <load_address>0x162e0</load_address>
         <run_address>0x162e0</run_address>
         <size>0xee</size>
         <input_file_ref idref="fl-d5"/>
      </object_component>
      <object_component id="oc-1f5">
         <name>.debug_info</name>
         <load_address>0x163ce</load_address>
         <run_address>0x163ce</run_address>
         <size>0xfa</size>
         <input_file_ref idref="fl-d5"/>
      </object_component>
      <object_component id="oc-af">
         <name>.debug_info</name>
         <load_address>0x164c8</load_address>
         <run_address>0x164c8</run_address>
         <size>0x3ce</size>
         <input_file_ref idref="fl-d6"/>
      </object_component>
      <object_component id="oc-a9">
         <name>.debug_info</name>
         <load_address>0x16896</load_address>
         <run_address>0x16896</run_address>
         <size>0x185</size>
         <input_file_ref idref="fl-d6"/>
      </object_component>
      <object_component id="oc-69">
         <name>.debug_info</name>
         <load_address>0x16a1b</load_address>
         <run_address>0x16a1b</run_address>
         <size>0x214</size>
         <input_file_ref idref="fl-d6"/>
      </object_component>
      <object_component id="oc-1a2">
         <name>.debug_info</name>
         <load_address>0x16c2f</load_address>
         <run_address>0x16c2f</run_address>
         <size>0x144</size>
         <input_file_ref idref="fl-d7"/>
      </object_component>
      <object_component id="oc-240">
         <name>.debug_info</name>
         <load_address>0x16d73</load_address>
         <run_address>0x16d73</run_address>
         <size>0x120</size>
         <input_file_ref idref="fl-d8"/>
      </object_component>
      <object_component id="oc-247">
         <name>.debug_info</name>
         <load_address>0x16e93</load_address>
         <run_address>0x16e93</run_address>
         <size>0x122</size>
         <input_file_ref idref="fl-d8"/>
      </object_component>
      <object_component id="oc-231">
         <name>.debug_info</name>
         <load_address>0x16fb5</load_address>
         <run_address>0x16fb5</run_address>
         <size>0x132</size>
         <input_file_ref idref="fl-d9"/>
      </object_component>
      <object_component id="oc-19d">
         <name>.debug_info</name>
         <load_address>0x170e7</load_address>
         <run_address>0x170e7</run_address>
         <size>0x132</size>
         <input_file_ref idref="fl-da"/>
      </object_component>
      <object_component id="oc-23b">
         <name>.debug_info</name>
         <load_address>0x17219</load_address>
         <run_address>0x17219</run_address>
         <size>0x126</size>
         <input_file_ref idref="fl-db"/>
      </object_component>
      <object_component id="oc-1a7">
         <name>.debug_info</name>
         <load_address>0x1733f</load_address>
         <run_address>0x1733f</run_address>
         <size>0x136</size>
         <input_file_ref idref="fl-dc"/>
      </object_component>
      <object_component id="oc-137">
         <name>.debug_info</name>
         <load_address>0x17475</load_address>
         <run_address>0x17475</run_address>
         <size>0x124</size>
         <input_file_ref idref="fl-dd"/>
      </object_component>
      <object_component id="oc-237">
         <name>.debug_info</name>
         <load_address>0x17599</load_address>
         <run_address>0x17599</run_address>
         <size>0x124</size>
         <input_file_ref idref="fl-de"/>
      </object_component>
      <object_component id="oc-3a">
         <name>.debug_info</name>
         <load_address>0x176bd</load_address>
         <run_address>0x176bd</run_address>
         <size>0x111</size>
         <input_file_ref idref="fl-df"/>
      </object_component>
      <object_component id="oc-46">
         <name>.debug_info</name>
         <load_address>0x177ce</load_address>
         <run_address>0x177ce</run_address>
         <size>0x13f</size>
         <input_file_ref idref="fl-e0"/>
      </object_component>
      <object_component id="oc-52">
         <name>.debug_info</name>
         <load_address>0x1790d</load_address>
         <run_address>0x1790d</run_address>
         <size>0x138</size>
         <input_file_ref idref="fl-e1"/>
      </object_component>
      <object_component id="oc-56">
         <name>.debug_info</name>
         <load_address>0x17a45</load_address>
         <run_address>0x17a45</run_address>
         <size>0x148</size>
         <input_file_ref idref="fl-e2"/>
      </object_component>
      <object_component id="oc-1d5">
         <name>.debug_info</name>
         <load_address>0x17b8d</load_address>
         <run_address>0x17b8d</run_address>
         <size>0x355</size>
         <input_file_ref idref="fl-e3"/>
      </object_component>
      <object_component id="oc-134">
         <name>.debug_info</name>
         <load_address>0x17ee2</load_address>
         <run_address>0x17ee2</run_address>
         <size>0x2e4</size>
         <input_file_ref idref="fl-e3"/>
      </object_component>
      <object_component id="oc-293">
         <name>.debug_info</name>
         <load_address>0x181c6</load_address>
         <run_address>0x181c6</run_address>
         <size>0x2c</size>
         <input_file_ref idref="fl-e3"/>
      </object_component>
      <object_component id="oc-6e">
         <name>.debug_info</name>
         <load_address>0x181f2</load_address>
         <run_address>0x181f2</run_address>
         <size>0x109</size>
         <input_file_ref idref="fl-e4"/>
      </object_component>
      <object_component id="oc-1f1">
         <name>.debug_info</name>
         <load_address>0x182fb</load_address>
         <run_address>0x182fb</run_address>
         <size>0x28a</size>
         <input_file_ref idref="fl-e5"/>
      </object_component>
      <object_component id="oc-14a">
         <name>.debug_info</name>
         <load_address>0x18585</load_address>
         <run_address>0x18585</run_address>
         <size>0x231</size>
         <input_file_ref idref="fl-e5"/>
      </object_component>
      <object_component id="oc-200">
         <name>.debug_info</name>
         <load_address>0x187b6</load_address>
         <run_address>0x187b6</run_address>
         <size>0x284</size>
         <input_file_ref idref="fl-e6"/>
      </object_component>
      <object_component id="oc-167">
         <name>.debug_info</name>
         <load_address>0x18a3a</load_address>
         <run_address>0x18a3a</run_address>
         <size>0x22a</size>
         <input_file_ref idref="fl-e6"/>
      </object_component>
      <object_component id="oc-1f3">
         <name>.debug_info</name>
         <load_address>0x18c64</load_address>
         <run_address>0x18c64</run_address>
         <size>0x28a</size>
         <input_file_ref idref="fl-e7"/>
      </object_component>
      <object_component id="oc-150">
         <name>.debug_info</name>
         <load_address>0x18eee</load_address>
         <run_address>0x18eee</run_address>
         <size>0x1c6</size>
         <input_file_ref idref="fl-e7"/>
      </object_component>
      <object_component id="oc-22c">
         <name>.debug_info</name>
         <load_address>0x190b4</load_address>
         <run_address>0x190b4</run_address>
         <size>0x126</size>
         <input_file_ref idref="fl-e8"/>
      </object_component>
      <object_component id="oc-117">
         <name>.debug_info</name>
         <load_address>0x191da</load_address>
         <run_address>0x191da</run_address>
         <size>0x2be</size>
         <input_file_ref idref="fl-e9"/>
      </object_component>
      <object_component id="oc-ac">
         <name>.debug_info</name>
         <load_address>0x19498</load_address>
         <run_address>0x19498</run_address>
         <size>0x113</size>
         <input_file_ref idref="fl-e9"/>
      </object_component>
      <object_component id="oc-113">
         <name>.debug_info</name>
         <load_address>0x195ab</load_address>
         <run_address>0x195ab</run_address>
         <size>0x21f</size>
         <input_file_ref idref="fl-e9"/>
      </object_component>
      <object_component id="oc-288">
         <name>.debug_info</name>
         <load_address>0x197ca</load_address>
         <run_address>0x197ca</run_address>
         <size>0x51f</size>
         <input_file_ref idref="fl-ea"/>
      </object_component>
      <object_component id="oc-1cf">
         <name>.debug_info</name>
         <load_address>0x19ce9</load_address>
         <run_address>0x19ce9</run_address>
         <size>0x1543</size>
         <input_file_ref idref="fl-ea"/>
      </object_component>
      <object_component id="oc-289">
         <name>.debug_info</name>
         <load_address>0x1b22c</load_address>
         <run_address>0x1b22c</run_address>
         <size>0x86</size>
         <input_file_ref idref="fl-ea"/>
      </object_component>
      <object_component id="oc-314">
         <name>.debug_info</name>
         <load_address>0x1b2b2</load_address>
         <run_address>0x1b2b2</run_address>
         <size>0x46</size>
         <input_file_ref idref="fl-ea"/>
      </object_component>
      <object_component id="oc-28e">
         <name>.debug_info</name>
         <load_address>0x1b2f8</load_address>
         <run_address>0x1b2f8</run_address>
         <size>0x39</size>
         <input_file_ref idref="fl-ea"/>
      </object_component>
      <object_component id="oc-a7">
         <name>.debug_info</name>
         <load_address>0x1b331</load_address>
         <run_address>0x1b331</run_address>
         <size>0x300</size>
         <input_file_ref idref="fl-eb"/>
      </object_component>
      <object_component id="oc-65">
         <name>.debug_info</name>
         <load_address>0x1b631</load_address>
         <run_address>0x1b631</run_address>
         <size>0x167</size>
         <input_file_ref idref="fl-eb"/>
      </object_component>
      <object_component id="oc-108">
         <name>.debug_info</name>
         <load_address>0x1b798</load_address>
         <run_address>0x1b798</run_address>
         <size>0x5e</size>
         <input_file_ref idref="fl-eb"/>
      </object_component>
      <object_component id="oc-9f">
         <name>.debug_info</name>
         <load_address>0x1b7f6</load_address>
         <run_address>0x1b7f6</run_address>
         <size>0x483</size>
         <input_file_ref idref="fl-ec"/>
      </object_component>
      <object_component id="oc-5e">
         <name>.debug_info</name>
         <load_address>0x1bc79</load_address>
         <run_address>0x1bc79</run_address>
         <size>0x190</size>
         <input_file_ref idref="fl-ec"/>
      </object_component>
      <object_component id="oc-c8">
         <name>.debug_info</name>
         <load_address>0x1be09</load_address>
         <run_address>0x1be09</run_address>
         <size>0x39</size>
         <input_file_ref idref="fl-ec"/>
      </object_component>
      <object_component id="oc-12b">
         <name>.debug_info</name>
         <load_address>0x1be42</load_address>
         <run_address>0x1be42</run_address>
         <size>0x39</size>
         <input_file_ref idref="fl-ec"/>
      </object_component>
      <object_component id="oc-cd">
         <name>.debug_info</name>
         <load_address>0x1be7b</load_address>
         <run_address>0x1be7b</run_address>
         <size>0xcd</size>
         <input_file_ref idref="fl-ec"/>
      </object_component>
      <object_component id="oc-c4">
         <name>.debug_info</name>
         <load_address>0x1bf48</load_address>
         <run_address>0x1bf48</run_address>
         <size>0x37a</size>
         <input_file_ref idref="fl-ed"/>
      </object_component>
      <object_component id="oc-96">
         <name>.debug_info</name>
         <load_address>0x1c2c2</load_address>
         <run_address>0x1c2c2</run_address>
         <size>0x183</size>
         <input_file_ref idref="fl-ed"/>
      </object_component>
      <object_component id="oc-126">
         <name>.debug_info</name>
         <load_address>0x1c445</load_address>
         <run_address>0x1c445</run_address>
         <size>0x2c</size>
         <input_file_ref idref="fl-ed"/>
      </object_component>
      <object_component id="oc-2fb">
         <name>.debug_info</name>
         <load_address>0x1c471</load_address>
         <run_address>0x1c471</run_address>
         <size>0x2e6</size>
         <input_file_ref idref="fl-ee"/>
      </object_component>
      <object_component id="oc-26b">
         <name>.debug_info</name>
         <load_address>0x1c757</load_address>
         <run_address>0x1c757</run_address>
         <size>0x1c2</size>
         <input_file_ref idref="fl-ee"/>
      </object_component>
      <object_component id="oc-311">
         <name>.debug_info</name>
         <load_address>0x1c919</load_address>
         <run_address>0x1c919</run_address>
         <size>0x28b</size>
         <input_file_ref idref="fl-ef"/>
      </object_component>
      <object_component id="oc-283">
         <name>.debug_info</name>
         <load_address>0x1cba4</load_address>
         <run_address>0x1cba4</run_address>
         <size>0x1ab</size>
         <input_file_ref idref="fl-ef"/>
      </object_component>
      <object_component id="oc-2fd">
         <name>.debug_info</name>
         <load_address>0x1cd4f</load_address>
         <run_address>0x1cd4f</run_address>
         <size>0x2d9</size>
         <input_file_ref idref="fl-f0"/>
      </object_component>
      <object_component id="oc-271">
         <name>.debug_info</name>
         <load_address>0x1d028</load_address>
         <run_address>0x1d028</run_address>
         <size>0x18a</size>
         <input_file_ref idref="fl-f0"/>
      </object_component>
      <object_component id="oc-2fe">
         <name>.debug_info</name>
         <load_address>0x1d1b2</load_address>
         <run_address>0x1d1b2</run_address>
         <size>0x2c</size>
         <input_file_ref idref="fl-f0"/>
      </object_component>
      <object_component id="oc-30d">
         <name>.debug_info</name>
         <load_address>0x1d1de</load_address>
         <run_address>0x1d1de</run_address>
         <size>0x316</size>
         <input_file_ref idref="fl-f1"/>
      </object_component>
      <object_component id="oc-279">
         <name>.debug_info</name>
         <load_address>0x1d4f4</load_address>
         <run_address>0x1d4f4</run_address>
         <size>0x1d5</size>
         <input_file_ref idref="fl-f1"/>
      </object_component>
      <object_component id="oc-9a">
         <name>.debug_info</name>
         <load_address>0x1d6c9</load_address>
         <run_address>0x1d6c9</run_address>
         <size>0x145</size>
         <input_file_ref idref="fl-f2"/>
      </object_component>
      <object_component id="oc-30f">
         <name>.debug_info</name>
         <load_address>0x1d80e</load_address>
         <run_address>0x1d80e</run_address>
         <size>0x28f</size>
         <input_file_ref idref="fl-f3"/>
      </object_component>
      <object_component id="oc-27c">
         <name>.debug_info</name>
         <load_address>0x1da9d</load_address>
         <run_address>0x1da9d</run_address>
         <size>0x244</size>
         <input_file_ref idref="fl-f3"/>
      </object_component>
      <object_component id="oc-267">
         <name>.debug_info</name>
         <load_address>0x1dce1</load_address>
         <run_address>0x1dce1</run_address>
         <size>0x17d</size>
         <input_file_ref idref="fl-f4"/>
      </object_component>
      <object_component id="oc-30a">
         <name>.debug_info</name>
         <load_address>0x1de5e</load_address>
         <run_address>0x1de5e</run_address>
         <size>0xf3</size>
         <input_file_ref idref="fl-f5"/>
      </object_component>
      <object_component id="oc-306">
         <name>.debug_info</name>
         <load_address>0x1df51</load_address>
         <run_address>0x1df51</run_address>
         <size>0x156</size>
         <input_file_ref idref="fl-f6"/>
      </object_component>
      <object_component id="oc-36a">
         <name>.debug_info</name>
         <load_address>0x1e0a7</load_address>
         <run_address>0x1e0a7</run_address>
         <size>0xae</size>
      </object_component>
      <object_component id="oc-31a">
         <name>.debug_line</name>
         <load_address>0x0</load_address>
         <run_address>0x0</run_address>
         <size>0xf4</size>
         <input_file_ref idref="fl-2"/>
      </object_component>
      <object_component id="oc-a1">
         <name>.debug_line</name>
         <load_address>0xf4</load_address>
         <run_address>0xf4</run_address>
         <size>0x92</size>
         <input_file_ref idref="fl-2"/>
      </object_component>
      <object_component id="oc-1e6">
         <name>.debug_line</name>
         <load_address>0x186</load_address>
         <run_address>0x186</run_address>
         <size>0x55</size>
         <input_file_ref idref="fl-2"/>
      </object_component>
      <object_component id="oc-1e1">
         <name>.debug_line</name>
         <load_address>0x1db</load_address>
         <run_address>0x1db</run_address>
         <size>0x52</size>
         <input_file_ref idref="fl-2"/>
      </object_component>
      <object_component id="oc-2b6">
         <name>.debug_line</name>
         <load_address>0x22d</load_address>
         <run_address>0x22d</run_address>
         <size>0x6b</size>
         <input_file_ref idref="fl-2"/>
      </object_component>
      <object_component id="oc-140">
         <name>.debug_line</name>
         <load_address>0x298</load_address>
         <run_address>0x298</run_address>
         <size>0x6a</size>
         <input_file_ref idref="fl-2"/>
      </object_component>
      <object_component id="oc-c1">
         <name>.debug_line</name>
         <load_address>0x302</load_address>
         <run_address>0x302</run_address>
         <size>0x20</size>
         <input_file_ref idref="fl-2"/>
      </object_component>
      <object_component id="oc-122">
         <name>.debug_line</name>
         <load_address>0x322</load_address>
         <run_address>0x322</run_address>
         <size>0x65</size>
         <input_file_ref idref="fl-2"/>
      </object_component>
      <object_component id="oc-206">
         <name>.debug_line</name>
         <load_address>0x387</load_address>
         <run_address>0x387</run_address>
         <size>0x69</size>
         <input_file_ref idref="fl-2"/>
      </object_component>
      <object_component id="oc-bb">
         <name>.debug_line</name>
[...]
      </symbol>
      <symbol id="sm-274">
         <name>EUSCIA2_ISR</name>
         <value>0x2de5</value>
         <object_component_ref idref="oc-d8"/>
      </symbol>
      <symbol id="sm-275">
         <name>ESP8266_SendSensorData</name>
         <value>0x3045</value>
         <object_component_ref idref="oc-d8"/>
      </symbol>
      <symbol id="sm-293">
         <name>DisplayData</name>
         <value>0x38e9</value>
         <object_component_ref idref="oc-d2"/>
      </symbol>
      <symbol id="sm-2bd">
         <name>deassert_LCD_DC</name>
         <value>0x3701</value>
         <object_component_ref idref="oc-f6"/>
      </symbol>
      <symbol id="sm-2be">
         <name>assert_LEDB</name>
         <value>0x36dd</value>
         <object_component_ref idref="oc-f6"/>
      </symbol>
      <symbol id="sm-2bf">
         <name>assert_LEDG</name>
         <value>0x36c5</value>
         <object_component_ref idref="oc-f6"/>
      </symbol>
      <symbol id="sm-2c0">
         <name>assert_LEDR</name>
         <value>0x36ad</value>
         <object_component_ref idref="oc-f6"/>
      </symbol>
      <symbol id="sm-2c1">
         <name>INIT_SPI</name>
         <value>0x3883</value>
         <object_component_ref idref="oc-f6"/>
      </symbol>
      <symbol id="sm-2c2">
         <name>deassert_LEDB</name>
         <value>0x36e9</value>
         <object_component_ref idref="oc-f6"/>
      </symbol>
      <symbol id="sm-2c3">
         <name>deassert_LEDG</name>
         <value>0x36d1</value>
         <object_component_ref idref="oc-f6"/>
      </symbol>
      <symbol id="sm-2c4">
         <name>deassert_LEDR</name>
         <value>0x36b9</value>
         <object_component_ref idref="oc-f6"/>
      </symbol>
      <symbol id="sm-2c5">
         <name>assert_LCD_CS</name>
         <value>0x3725</value>
         <object_component_ref idref="oc-f6"/>
      </symbol>
      <symbol id="sm-2c6">
         <name>assert_LCD_RESET</name>
         <value>0x370d</value>
         <object_component_ref idref="oc-f6"/>
      </symbol>
      <symbol id="sm-2c7">
         <name>assert_LCD_DC</name>
         <value>0x36f5</value>
         <object_component_ref idref="oc-f6"/>
      </symbol>
      <symbol id="sm-2c8">
         <name>deassert_LED</name>
         <value>0x36a1</value>
         <object_component_ref idref="oc-f6"/>
      </symbol>
      <symbol id="sm-2c9">
         <name>INIT_GPIO</name>
         <value>0x373d</value>
         <object_component_ref idref="oc-f6"/>
      </symbol>
      <symbol id="sm-2ca">
         <name>assert_LED</name>
         <value>0x3695</value>
         <object_component_ref idref="oc-f6"/>
      </symbol>
      <symbol id="sm-2cb">
         <name>HAL_STARTUP</name>
         <value>0x3689</value>
         <object_component_ref idref="oc-f6"/>
      </symbol>
      <symbol id="sm-2cc">
         <name>deassert_LCD_RESET</name>
         <value>0x3719</value>
         <object_component_ref idref="oc-f6"/>
      </symbol>
      <symbol id="sm-2cd">
         <name>deassert_LCD_CS</name>
         <value>0x3731</value>
         <object_component_ref idref="oc-f6"/>
      </symbol>
      <symbol id="sm-349">
         <name>ILI_Write_String</name>
         <value>0x2bf9</value>
         <object_component_ref idref="oc-fc"/>
      </symbol>
      <symbol id="sm-34a">
         <name>ILI_DrawString</name>
         <value>0x2b5b</value>
         <object_component_ref idref="oc-fc"/>
      </symbol>
      <symbol id="sm-34b">
         <name>ILI_draw_char_S</name>
         <value>0x2895</value>
         <object_component_ref idref="oc-fc"/>
      </symbol>
      <symbol id="sm-34c">
         <name>INIT_LCD</name>
         <value>0x2391</value>
         <object_component_ref idref="oc-fc"/>
      </symbol>
      <symbol id="sm-34d">
         <name>ILI_DrawBitmap</name>
         <value>0x26c9</value>
         <object_component_ref idref="oc-fc"/>
      </symbol>
      <symbol id="sm-34e">
         <name>ILI_color_565</name>
         <value>0x2675</value>
         <object_component_ref idref="oc-fc"/>
      </symbol>
      <symbol id="sm-34f">
         <name>set_color</name>
         <value>0x2d77</value>
         <object_component_ref idref="oc-fc"/>
      </symbol>
      <symbol id="sm-350">
         <name>ILI_DrawChar</name>
         <value>0x29f7</value>
         <object_component_ref idref="oc-fc"/>
      </symbol>
      <symbol id="sm-351">
         <name>write_init_commands</name>
         <value>0x2c69</value>
         <object_component_ref idref="oc-fc"/>
      </symbol>
      <symbol id="sm-352">
         <name>ILI_draw_fast_V_line</name>
         <value>0x24af</value>
         <object_component_ref idref="oc-fc"/>
      </symbol>
      <symbol id="sm-353">
         <name>ILI_draw_fast_H_line</name>
         <value>0x2529</value>
         <object_component_ref idref="oc-fc"/>
      </symbol>
      <symbol id="sm-354">
         <name>ILI_InvertDisplay</name>
         <value>0x2bdb</value>
         <object_component_ref idref="oc-fc"/>
      </symbol>
      <symbol id="sm-355">
         <name>ILI_fill_screen</name>
         <value>0x25a3</value>
         <object_component_ref idref="oc-fc"/>
      </symbol>
      <symbol id="sm-356">
         <name>set_addr_location</name>
         <value>0x2d01</value>
         <object_component_ref idref="oc-fc"/>
      </symbol>
      <symbol id="sm-357">
         <name>ILI_fill_rectangle</name>
         <value>0x25bf</value>
         <object_component_ref idref="oc-fc"/>
      </symbol>
      <symbol id="sm-358">
         <name>ILI_draw_pixel</name>
         <value>0x245f</value>
         <object_component_ref idref="oc-fc"/>
      </symbol>
      <symbol id="sm-365">
         <name>RTC_Init</name>
         <value>0x5369</value>
         <object_component_ref idref="oc-ea"/>
      </symbol>
      <symbol id="sm-381">
         <name>uartConfigA0</name>
         <value>0x5bb4</value>
         <object_component_ref idref="oc-191"/>
      </symbol>
      <symbol id="sm-382">
         <name>Termianl_Init</name>
         <value>0x4857</value>
         <object_component_ref idref="oc-e4"/>
      </symbol>
      <symbol id="sm-383">
         <name>EUSCIA0_ISR</name>
         <value>0x4811</value>
         <object_component_ref idref="oc-e4"/>
      </symbol>
      <symbol id="sm-455">
         <name>CS_startLFXT</name>
         <value>0x552b</value>
         <object_component_ref idref="oc-178"/>
      </symbol>
      <symbol id="sm-456">
         <name>CS_getMCLK</name>
         <value>0x53f5</value>
         <object_component_ref idref="oc-17e"/>
      </symbol>
      <symbol id="sm-457">
         <name>CS_clearInterruptFlag</name>
         <value>0x5395</value>
         <object_component_ref idref="oc-2de"/>
      </symbol>
      <symbol id="sm-458">
         <name>CS_startHFXT</name>
         <value>0x5525</value>
         <object_component_ref idref="oc-172"/>
      </symbol>
      <symbol id="sm-459">
         <name>CS_getDCOFrequency</name>
         <value>0x4461</value>
         <object_component_ref idref="oc-2d8"/>
      </symbol>
      <symbol id="sm-45a">
         <name>CS_setExternalClockSourceFrequency</name>
         <value>0x5455</value>
         <object_component_ref idref="oc-16c"/>
      </symbol>
      <symbol id="sm-45b">
         <name>CS_getSMCLK</name>
         <value>0x540d</value>
         <object_component_ref idref="oc-184"/>
      </symbol>
      <symbol id="sm-45c">
         <name>CS_startHFXTWithTimeout</name>
         <value>0x48b5</value>
         <object_component_ref idref="oc-20d"/>
      </symbol>
      <symbol id="sm-45d">
         <name>CS_startLFXTWithTimeout</name>
         <value>0x4951</value>
         <object_component_ref idref="oc-214"/>
      </symbol>
      <symbol id="sm-496">
         <name>Interrupt_enableInterrupt</name>
         <value>0x4e65</value>
         <object_component_ref idref="oc-1b8"/>
      </symbol>
      <symbol id="sm-497">
         <name>Interrupt_registerInterrupt</name>
         <value>0x52d1</value>
         <object_component_ref idref="oc-1e8"/>
      </symbol>
      <symbol id="sm-498">
         <name>g_pfnRAMVectors</name>
         <value>0x20000000</value>
         <object_component_ref idref="oc-29b"/>
      </symbol>
      <symbol id="sm-4cb">
         <name>SysCtl_getNMISourceStatus</name>
         <value>0x550d</value>
         <object_component_ref idref="oc-2b8"/>
      </symbol>
      <symbol id="sm-4cc">
         <name>SysCtl_enableNMISource</name>
         <value>0x54dd</value>
         <object_component_ref idref="oc-2ca"/>
      </symbol>
      <symbol id="sm-4cd">
         <name>SysCtl_disableNMISource</name>
         <value>0x54cd</value>
         <object_component_ref idref="oc-2be"/>
      </symbol>
      <symbol id="sm-4ce">
         <name>SysCtl_getTLVInfo</name>
         <value>0x5089</value>
         <object_component_ref idref="oc-32b"/>
      </symbol>
      <symbol id="sm-4db">
         <name>Timer32_registerInterrupt</name>
         <value>0x54ed</value>
         <object_component_ref idref="oc-18a"/>
      </symbol>
      <symbol id="sm-4ef">
         <name>UART_registerInterrupt</name>
         <value>0x50d9</value>
         <object_component_ref idref="oc-143"/>
      </symbol>
      <symbol id="sm-506">
         <name>atoi</name>
         <value>0x5171</value>
         <object_component_ref idref="oc-155"/>
      </symbol>
      <symbol id="sm-517">
         <name>_c_int00</name>
         <value>0x4f8d</value>
         <object_component_ref idref="oc-22"/>
      </symbol>
      <symbol id="sm-518">
         <name>__stack</name>
         <value>0x2000fe00</value>
         <object_component_ref idref="oc-2b"/>
      </symbol>
      <symbol id="sm-536">
         <name>__TI_decompress_lzss</name>
         <value>0x4dfb</value>
         <object_component_ref idref="oc-10"/>
      </symbol>
      <symbol id="sm-54d">
         <name>__TI_decompress_none</name>
         <value>0x54fd</value>
         <object_component_ref idref="oc-16"/>
      </symbol>
      <symbol id="sm-55f">
         <name>__TI_zero_init</name>
         <value>0x5519</value>
         <object_component_ref idref="oc-1c"/>
      </symbol>
      <symbol id="sm-56a">
         <name>_ctypes_</name>
         <value>0x5a2f</value>
         <object_component_ref idref="oc-1f4"/>
      </symbol>
      <symbol id="sm-58b">
         <name>C$$EXIT</name>
         <value>0x4fe1</value>
         <object_component_ref idref="oc-67"/>
      </symbol>
      <symbol id="sm-58c">
         <name>abort</name>
         <value>0x4fe5</value>
         <object_component_ref idref="oc-67"/>
      </symbol>
      <symbol id="sm-58d">
         <name>exit</name>
         <value>0x4fed</value>
         <object_component_ref idref="oc-67"/>
      </symbol>
      <symbol id="sm-58e">
         <name>__TI_dtors_ptr</name>
         <value>0x20000504</value>
         <object_component_ref idref="oc-a8"/>
      </symbol>
      <symbol id="sm-58f">
         <name>__TI_cleanup_ptr</name>
         <value>0x20000500</value>
         <object_component_ref idref="oc-a8"/>
      </symbol>
      <symbol id="sm-590">
         <name>__TI_enable_exit_profile_output</name>
         <value>0x20000508</value>
         <object_component_ref idref="oc-a8"/>
      </symbol>
      <symbol id="sm-5a7">
         <name>__aeabi_dsub</name>
         <value>0x3cd9</value>
         <object_component_ref idref="oc-1a1"/>
      </symbol>
      <symbol id="sm-5a8">
         <name>__aeabi_dadd</name>
         <value>0x3ce3</value>
         <object_component_ref idref="oc-1a1"/>
      </symbol>
      <symbol id="sm-5ca">
         <name>__aeabi_cdcmpeq</name>
         <value>0x4b25</value>
         <object_component_ref idref="oc-23f"/>
      </symbol>
      <symbol id="sm-5cb">
         <name>__aeabi_cdcmple</name>
         <value>0x4b25</value>
         <object_component_ref idref="oc-23f"/>
      </symbol>
      <symbol id="sm-5cc">
         <name>__aeabi_cdrcmple</name>
         <value>0x4bab</value>
         <object_component_ref idref="oc-244"/>
      </symbol>
      <symbol id="sm-5e0">
         <name>__aeabi_ddiv</name>
         <value>0x4329</value>
         <object_component_ref idref="oc-230"/>
      </symbol>
      <symbol id="sm-5eb">
         <name>__aeabi_dmul</name>
         <value>0x4565</value>
         <object_component_ref idref="oc-19c"/>
      </symbol>
      <symbol id="sm-5f5">
         <name>__aeabi_d2iz</name>
         <value>0x5251</value>
         <object_component_ref idref="oc-23a"/>
      </symbol>
      <symbol id="sm-601">
         <name>__aeabi_d2f</name>
         <value>0x4d8d</value>
         <object_component_ref idref="oc-1a6"/>
      </symbol>
      <symbol id="sm-60c">
         <name>__aeabi_f2d</name>
         <value>0x5299</value>
         <object_component_ref idref="oc-136"/>
      </symbol>
      <symbol id="sm-616">
         <name>__aeabi_i2d</name>
         <value>0x5339</value>
         <object_component_ref idref="oc-235"/>
      </symbol>
      <symbol id="sm-631">
         <name>memcpy</name>
         <value>0x4a89</value>
         <object_component_ref idref="oc-37"/>
      </symbol>
      <symbol id="sm-632">
         <name>__aeabi_memcpy</name>
         <value>0x4a89</value>
         <object_component_ref idref="oc-37"/>
      </symbol>
      <symbol id="sm-633">
         <name>__aeabi_memcpy8</name>
         <value>0x4a89</value>
         <object_component_ref idref="oc-37"/>
      </symbol>
      <symbol id="sm-634">
         <name>__aeabi_memcpy4</name>
         <value>0x4a89</value>
         <object_component_ref idref="oc-37"/>
      </symbol>
      <symbol id="sm-643">
         <name>__aeabi_memset</name>
         <value>0x4c33</value>
         <object_component_ref idref="oc-43"/>
      </symbol>
      <symbol id="sm-644">
         <name>memset</name>
         <value>0x4c39</value>
         <object_component_ref idref="oc-43"/>
      </symbol>
      <symbol id="sm-645">
         <name>__aeabi_memset8</name>
         <value>0x4c33</value>
         <object_component_ref idref="oc-43"/>
      </symbol>
      <symbol id="sm-646">
         <name>__aeabi_memset4</name>
         <value>0x4c33</value>
         <object_component_ref idref="oc-43"/>
      </symbol>
      <symbol id="sm-647">
         <name>__aeabi_memclr8</name>
         <value>0x4c31</value>
         <object_component_ref idref="oc-43"/>
      </symbol>
      <symbol id="sm-648">
         <name>__aeabi_memclr4</name>
         <value>0x4c31</value>
         <object_component_ref idref="oc-43"/>
      </symbol>
      <symbol id="sm-649">
         <name>__aeabi_memclr</name>
         <value>0x4c31</value>
         <object_component_ref idref="oc-43"/>
      </symbol>
      <symbol id="sm-653">
         <name>__mpu_init</name>
         <value>0x127f</value>
         <object_component_ref idref="oc-4f"/>
      </symbol>
      <symbol id="sm-65d">
         <name>_system_pre_init</name>
         <value>0x5531</value>
         <object_component_ref idref="oc-55"/>
      </symbol>
      <symbol id="sm-676">
         <name>sprintf</name>
         <value>0x4f2d</value>
         <object_component_ref idref="oc-130"/>
      </symbol>
      <symbol id="sm-67e">
         <name>main_func_sp</name>
         <value>0x20000520</value>
         <object_component_ref idref="oc-6d"/>
      </symbol>
      <symbol id="sm-68c">
         <name>strcpy</name>
         <value>0x5491</value>
         <object_component_ref idref="oc-149"/>
      </symbol>
      <symbol id="sm-69a">
         <name>strlen</name>
         <value>0x54a5</value>
         <object_component_ref idref="oc-164"/>
      </symbol>
      <symbol id="sm-6ad">
         <name>strstr</name>
         <value>0x5305</value>
         <object_component_ref idref="oc-14f"/>
      </symbol>
      <symbol id="sm-6b7">
         <name>__aeabi_ui2d</name>
         <value>0x53b9</value>
         <object_component_ref idref="oc-22b"/>
      </symbol>
      <symbol id="sm-6d0">
         <name>_nop</name>
         <value>0x5477</value>
         <object_component_ref idref="oc-10f"/>
      </symbol>
      <symbol id="sm-6d1">
         <name>_lock</name>
         <value>0x2000050c</value>
         <object_component_ref idref="oc-ab"/>
      </symbol>
      <symbol id="sm-6d2">
         <name>_unlock</name>
         <value>0x20000510</value>
         <object_component_ref idref="oc-ab"/>
      </symbol>
      <symbol id="sm-6d3">
         <name>_register_lock</name>
         <value>0x546f</value>
         <object_component_ref idref="oc-10f"/>
      </symbol>
      <symbol id="sm-6d4">
         <name>_register_unlock</name>
         <value>0x5469</value>
         <object_component_ref idref="oc-10f"/>
      </symbol>
      <symbol id="sm-7d5">
         <name>__TI_printfi</name>
         <value>0x985</value>
         <object_component_ref idref="oc-1ce"/>
      </symbol>
      <symbol id="sm-7e9">
         <name>_args_main</name>
         <value>0x5425</value>
         <object_component_ref idref="oc-61"/>
      </symbol>
      <symbol id="sm-813">
         <name>__TI_auto_init</name>
         <value>0x4d1d</value>
         <object_component_ref idref="oc-5b"/>
      </symbol>
      <symbol id="sm-82d">
         <name>copy_in</name>
         <value>0x51bd</value>
         <object_component_ref idref="oc-92"/>
      </symbol>
      <symbol id="sm-83c">
         <name>ltoa</name>
         <value>0x5035</value>
         <object_component_ref idref="oc-269"/>
      </symbol>
      <symbol id="sm-84c">
         <name>memccpy</name>
         <value>0x53d9</value>
         <object_component_ref idref="oc-281"/>
      </symbol>
      <symbol id="sm-867">
         <name>frexpl</name>
         <value>0x4ec9</value>
         <object_component_ref idref="oc-26f"/>
      </symbol>
      <symbol id="sm-868">
         <name>frexp</name>
         <value>0x4ec9</value>
         <object_component_ref idref="oc-26f"/>
      </symbol>
      <symbol id="sm-885">
         <name>scalbn</name>
         <value>0x4661</value>
         <object_component_ref idref="oc-275"/>
      </symbol>
      <symbol id="sm-886">
         <name>scalbnl</name>
         <value>0x4661</value>
         <object_component_ref idref="oc-275"/>
      </symbol>
      <symbol id="sm-887">
         <name>ldexpl</name>
         <value>0x4661</value>
         <object_component_ref idref="oc-275"/>
      </symbol>
      <symbol id="sm-888">
         <name>ldexp</name>
         <value>0x4661</value>
         <object_component_ref idref="oc-275"/>
      </symbol>
      <symbol id="sm-892">
         <name>_system_post_cinit</name>
         <value>0x2d93</value>
         <object_component_ref idref="oc-98"/>
      </symbol>
      <symbol id="sm-8a2">
         <name>strchr</name>
         <value>0x543d</value>
         <object_component_ref idref="oc-27b"/>
      </symbol>
      <symbol id="sm-8be">
         <name>__aeabi_uldivmod</name>
         <value>0x3ae5</value>
         <object_component_ref idref="oc-264"/>
      </symbol>
      <symbol id="sm-8c6">
         <name>errno</name>
         <value>0x2000051c</value>
         <object_component_ref idref="oc-309"/>
      </symbol>
      <symbol id="sm-8d0">
         <name>copysign</name>
         <value>0x547d</value>
         <object_component_ref idref="oc-303"/>
      </symbol>
      <symbol id="sm-8d1">
         <name>copysignl</name>
         <value>0x547d</value>
         <object_component_ref idref="oc-303"/>
      </symbol>
      <symbol id="sm-8d2">
         <name>__TI_static_base__</name>
         <value>0x0</value>
      </symbol>
      <symbol id="sm-8d5">
         <name>SHT$$INIT_ARRAY$$Limit</name>
         <value>0x0</value>
      </symbol>
      <symbol id="sm-8d6">
         <name>SHT$$INIT_ARRAY$$Base</name>
         <value>0x0</value>
      </symbol>
   </symbol_table>
   <title>Link successful</title>
</link_info>
